Component: ARM Compiler 5.06 update 4 (build 422) Tool: armlink [4d35d2]

==============================================================================

Section Cross References

    startup_stm32g431xx.o(RESET) refers to startup_stm32g431xx.o(STACK) for __initial_sp
    startup_stm32g431xx.o(RESET) refers to startup_stm32g431xx.o(.text) for Reset_Handler
    startup_stm32g431xx.o(RESET) refers to stm32g4xx_it.o(i.NMI_Handler) for NMI_Handler
    startup_stm32g431xx.o(RESET) refers to stm32g4xx_it.o(i.HardFault_Handler) for HardFault_Handler
    startup_stm32g431xx.o(RESET) refers to stm32g4xx_it.o(i.MemManage_Handler) for MemManage_Handler
    startup_stm32g431xx.o(RESET) refers to stm32g4xx_it.o(i.BusFault_Handler) for BusFault_Handler
    startup_stm32g431xx.o(RESET) refers to stm32g4xx_it.o(i.UsageFault_Handler) for UsageFault_Handler
    startup_stm32g431xx.o(RESET) refers to stm32g4xx_it.o(i.SVC_Handler) for SVC_Handler
    startup_stm32g431xx.o(RESET) refers to stm32g4xx_it.o(i.DebugMon_Handler) for DebugMon_Handler
    startup_stm32g431xx.o(RESET) refers to stm32g4xx_it.o(i.PendSV_Handler) for PendSV_Handler
    startup_stm32g431xx.o(RESET) refers to stm32g4xx_it.o(i.SysTick_Handler) for SysTick_Handler
    startup_stm32g431xx.o(RESET) refers to stm32g4xx_it.o(i.DMA1_Channel1_IRQHandler) for DMA1_Channel1_IRQHandler
    startup_stm32g431xx.o(RESET) refers to stm32g4xx_it.o(i.DMA1_Channel2_IRQHandler) for DMA1_Channel2_IRQHandler
    startup_stm32g431xx.o(RESET) refers to stm32g4xx_it.o(i.DMA1_Channel3_IRQHandler) for DMA1_Channel3_IRQHandler
    startup_stm32g431xx.o(RESET) refers to stm32g4xx_it.o(i.DMA1_Channel4_IRQHandler) for DMA1_Channel4_IRQHandler
    startup_stm32g431xx.o(RESET) refers to stm32g4xx_it.o(i.DMA1_Channel5_IRQHandler) for DMA1_Channel5_IRQHandler
    startup_stm32g431xx.o(RESET) refers to stm32g4xx_it.o(i.ADC1_2_IRQHandler) for ADC1_2_IRQHandler
    startup_stm32g431xx.o(RESET) refers to stm32g4xx_it.o(i.USART1_IRQHandler) for USART1_IRQHandler
    startup_stm32g431xx.o(RESET) refers to stm32g4xx_it.o(i.USART2_IRQHandler) for USART2_IRQHandler
    startup_stm32g431xx.o(.text) refers to system_stm32g4xx.o(i.SystemInit) for SystemInit
    startup_stm32g431xx.o(.text) refers to entry.o(.ARM.Collect$$$$00000000) for __main
    sys.o(i.delay_init) refers to stm32g4xx_hal_cortex.o(i.HAL_SYSTICK_CLKSourceConfig) for HAL_SYSTICK_CLKSourceConfig
    sys.o(i.delay_init) refers to sys.o(.data) for fac_us
    sys.o(i.delay_ms) refers to sys.o(i.delay_us) for delay_us
    sys.o(i.delay_ms) refers to stm32g4xx_hal_iwdg.o(i.HAL_IWDG_Refresh) for HAL_IWDG_Refresh
    sys.o(i.delay_ms) refers to iwdg.o(.bss) for hiwdg
    sys.o(i.delay_us) refers to sys.o(.data) for fac_us
    sys.o(i.feed_iwdg) refers to stm32g4xx_hal_iwdg.o(i.HAL_IWDG_Refresh) for HAL_IWDG_Refresh
    sys.o(i.feed_iwdg) refers to iwdg.o(.bss) for hiwdg
    sys.o(i.press256) refers to memcpya.o(.text) for __aeabi_memcpy
    sys.o(i.press256) refers to malloc.o(i.malloc) for malloc
    sys.o(i.press256) refers to malloc.o(i.free) for free
    main_task.o(i.HAL_ADC_ConvCpltCallback) refers to main_task.o(.data) for main_adc_busy
    main_task.o(i.HAL_UART_TxCpltCallback) refers to main_task.o(.data) for uart_busy
    main_task.o(i.adc_data_handler_with_idx) refers to main_task.o(.bss) for main_adc_buf
    main_task.o(i.fill_tx_data) refers to main_task.o(.bss) for tx_data
    main_task.o(i.imu_rest_cmd_task) refers to stm32g4xx_hal_uart.o(i.HAL_UART_Transmit) for HAL_UART_Transmit
    main_task.o(i.imu_rest_cmd_task) refers to main_task.o(.data) for check_reset_imu
    main_task.o(i.imu_rest_cmd_task) refers to key.o(.data) for imu_reseted
    main_task.o(i.imu_rest_cmd_task) refers to usart.o(.bss) for huart2
    main_task.o(i.main_task) refers to switch_hal.o(i.set_channel_pin) for set_channel_pin
    main_task.o(i.main_task) refers to switch_hal.o(i.set_adc_ch) for set_adc_ch
    main_task.o(i.main_task) refers to sys.o(i.delay_us) for delay_us
    main_task.o(i.main_task) refers to main_task.o(i.adc_data_handler_with_idx) for adc_data_handler_with_idx
    main_task.o(i.main_task) refers to switch_hal.o(i.stop_adc_ch) for stop_adc_ch
    main_task.o(i.main_task) refers to sys.o(i.press256) for press256
    main_task.o(i.main_task) refers to main_task.o(i.uart_send) for uart_send
    main_task.o(i.main_task) refers to main_task.o(.bss) for points_data
    main_task.o(i.main_task_1024) refers to stm32g4xx_hal.o(i.HAL_GetTick) for HAL_GetTick
    main_task.o(i.main_task_1024) refers to memseta.o(.text) for __aeabi_memclr
    main_task.o(i.main_task_1024) refers to switch_hal.o(i.set_channel_pin) for set_channel_pin
    main_task.o(i.main_task_1024) refers to switch_hal.o(i.set_adc_ch) for set_adc_ch
    main_task.o(i.main_task_1024) refers to sys.o(i.delay_us) for delay_us
    main_task.o(i.main_task_1024) refers to main_task.o(i.adc_data_handler_with_idx) for adc_data_handler_with_idx
[...]
    FLASH_IRQHandler                         0x08000207   Thumb Code     0  startup_stm32g431xx.o(.text)
    FMAC_IRQHandler                          0x08000207   Thumb Code     0  startup_stm32g431xx.o(.text)
    FPU_IRQHandler                           0x08000207   Thumb Code     0  startup_stm32g431xx.o(.text)
    I2C1_ER_IRQHandler                       0x08000207   Thumb Code     0  startup_stm32g431xx.o(.text)
    I2C1_EV_IRQHandler                       0x08000207   Thumb Code     0  startup_stm32g431xx.o(.text)
    I2C2_ER_IRQHandler                       0x08000207   Thumb Code     0  startup_stm32g431xx.o(.text)
    I2C2_EV_IRQHandler                       0x08000207   Thumb Code     0  startup_stm32g431xx.o(.text)
    I2C3_ER_IRQHandler                       0x08000207   Thumb Code     0  startup_stm32g431xx.o(.text)
    I2C3_EV_IRQHandler                       0x08000207   Thumb Code     0  startup_stm32g431xx.o(.text)
    LPTIM1_IRQHandler                        0x08000207   Thumb Code     0  startup_stm32g431xx.o(.text)
    LPUART1_IRQHandler                       0x08000207   Thumb Code     0  startup_stm32g431xx.o(.text)
    PVD_PVM_IRQHandler                       0x08000207   Thumb Code     0  startup_stm32g431xx.o(.text)
    RCC_IRQHandler                           0x08000207   Thumb Code     0  startup_stm32g431xx.o(.text)
    RNG_IRQHandler                           0x08000207   Thumb Code     0  startup_stm32g431xx.o(.text)
    RTC_Alarm_IRQHandler                     0x08000207   Thumb Code     0  startup_stm32g431xx.o(.text)
    RTC_TAMP_LSECSS_IRQHandler               0x08000207   Thumb Code     0  startup_stm32g431xx.o(.text)
    RTC_WKUP_IRQHandler                      0x08000207   Thumb Code     0  startup_stm32g431xx.o(.text)
    SAI1_IRQHandler                          0x08000207   Thumb Code     0  startup_stm32g431xx.o(.text)
    SPI1_IRQHandler                          0x08000207   Thumb Code     0  startup_stm32g431xx.o(.text)
    SPI2_IRQHandler                          0x08000207   Thumb Code     0  startup_stm32g431xx.o(.text)
    SPI3_IRQHandler                          0x08000207   Thumb Code     0  startup_stm32g431xx.o(.text)
    TIM1_BRK_TIM15_IRQHandler                0x08000207   Thumb Code     0  startup_stm32g431xx.o(.text)
    TIM1_CC_IRQHandler                       0x08000207   Thumb Code     0  startup_stm32g431xx.o(.text)
    TIM1_TRG_COM_TIM17_IRQHandler            0x08000207   Thumb Code     0  startup_stm32g431xx.o(.text)
    TIM1_UP_TIM16_IRQHandler                 0x08000207   Thumb Code     0  startup_stm32g431xx.o(.text)
    TIM2_IRQHandler                          0x08000207   Thumb Code     0  startup_stm32g431xx.o(.text)
    TIM3_IRQHandler                          0x08000207   Thumb Code     0  startup_stm32g431xx.o(.text)
    TIM4_IRQHandler                          0x08000207   Thumb Code     0  startup_stm32g431xx.o(.text)
    TIM6_DAC_IRQHandler                      0x08000207   Thumb Code     0  startup_stm32g431xx.o(.text)
    TIM7_IRQHandler                          0x08000207   Thumb Code     0  startup_stm32g431xx.o(.text)
    TIM8_BRK_IRQHandler                      0x08000207   Thumb Code     0  startup_stm32g431xx.o(.text)
    TIM8_CC_IRQHandler                       0x08000207   Thumb Code     0  startup_stm32g431xx.o(.text)
    TIM8_TRG_COM_IRQHandler                  0x08000207   Thumb Code     0  startup_stm32g431xx.o(.text)
    TIM8_UP_IRQHandler                       0x08000207   Thumb Code     0  startup_stm32g431xx.o(.text)
    UART4_IRQHandler                         0x08000207   Thumb Code     0  startup_stm32g431xx.o(.text)
    UCPD1_IRQHandler                         0x08000207   Thumb Code     0  startup_stm32g431xx.o(.text)
    USART3_IRQHandler                        0x08000207   Thumb Code     0  startup_stm32g431xx.o(.text)
    USBWakeUp_IRQHandler                     0x08000207   Thumb Code     0  startup_stm32g431xx.o(.text)
    USB_HP_IRQHandler                        0x08000207   Thumb Code     0  startup_stm32g431xx.o(.text)
    USB_LP_IRQHandler                        0x08000207   Thumb Code     0  startup_stm32g431xx.o(.text)
    WWDG_IRQHandler                          0x08000207   Thumb Code     0  startup_stm32g431xx.o(.text)
    __aeabi_uldivmod                         0x08000211   Thumb Code    98  uldiv.o(.text)
    __aeabi_memcpy                           0x08000273   Thumb Code    36  memcpya.o(.text)
    __aeabi_memcpy4                          0x08000273   Thumb Code     0  memcpya.o(.text)
    __aeabi_memcpy8                          0x08000273   Thumb Code     0  memcpya.o(.text)
    __aeabi_memset                           0x08000297   Thumb Code    14  memseta.o(.text)
    __aeabi_memset4                          0x08000297   Thumb Code     0  memseta.o(.text)
    __aeabi_memset8                          0x08000297   Thumb Code     0  memseta.o(.text)
    __aeabi_memclr                           0x080002a5   Thumb Code     4  memseta.o(.text)
    __aeabi_memclr4                          0x080002a5   Thumb Code     0  memseta.o(.text)
    __aeabi_memclr8                          0x080002a5   Thumb Code     0  memseta.o(.text)
    _memset$wrapper                          0x080002a9   Thumb Code    18  memseta.o(.text)
    __aeabi_dadd                             0x080002bb   Thumb Code   322  dadd.o(.text)
    __aeabi_dsub                             0x080003fd   Thumb Code     6  dadd.o(.text)
    __aeabi_drsub                            0x08000403   Thumb Code     6  dadd.o(.text)
    __aeabi_dmul                             0x08000409   Thumb Code   228  dmul.o(.text)
    __aeabi_ddiv                             0x080004ed   Thumb Code   222  ddiv.o(.text)
    __aeabi_dcmplt                           0x080005cb   Thumb Code    54  dcmplt.o(.text)
    __aeabi_dcmpgt                           0x08000601   Thumb Code    54  dcmpgt.o(.text)
    __aeabi_f2d                              0x08000637   Thumb Code    38  f2d.o(.text)
    __aeabi_d2f                              0x0800065d   Thumb Code    56  d2f.o(.text)
    __aeabi_llsl                             0x08000695   Thumb Code    30  llshl.o(.text)
    _ll_shift_l                              0x08000695   Thumb Code     0  llshl.o(.text)
    __aeabi_llsr                             0x080006b3   Thumb Code    32  llushr.o(.text)
    _ll_ushift_r                             0x080006b3   Thumb Code     0  llushr.o(.text)
    __aeabi_lasr                             0x080006d3   Thumb Code    36  llsshr.o(.text)
    _ll_sshift_r                             0x080006d3   Thumb Code     0  llsshr.o(.text)
    __I$use$fp                               0x080006f7   Thumb Code     0  iusefp.o(.text)
    _float_round                             0x080006f7   Thumb Code    18  fepilogue.o(.text)
    _float_epilogue                          0x08000709   Thumb Code    92  fepilogue.o(.text)
    _double_round                            0x08000765   Thumb Code    30  depilogue.o(.text)
    _double_epilogue                         0x08000783   Thumb Code   156  depilogue.o(.text)
    _dsqrt                                   0x0800081f   Thumb Code   162  dsqrt.o(.text)
    __scatterload                            0x080008c1   Thumb Code    28  init.o(.text)
    __scatterload_rt2                        0x080008c1   Thumb Code     0  init.o(.text)
    __aeabi_i2d                              0x080008e5   Thumb Code    34  dflti.o(.text)
    __aeabi_ui2d                             0x08000907   Thumb Code    26  dfltui.o(.text)
    __aeabi_d2iz                             0x08000921   Thumb Code    62  dfixi.o(.text)
    __decompress                             0x0800095f   Thumb Code     0  __dczerorl.o(.text)
    __decompress0                            0x0800095f   Thumb Code    58  __dczerorl.o(.text)
    filterCoeffs                             0x08000999   Thumb Code   336  vqf.o(.text.filterCoeffs)
    filterVec                                0x08000b21   Thumb Code  1968  vqf.o(.text.filterVec)
    getQuat6D                                0x080012d1   Thumb Code   170  vqf.o(.text.getQuat6D)
    init_state_recognition                   0x0800137d   Thumb Code    16  qst_ahrs.o(.text.init_state_recognition)
    matrix3Inv                               0x08001391   Thumb Code   624  vqf.o(.text.matrix3Inv)
    params_init                              0x08001611   Thumb Code   128  vqf.o(.text.params_init)
    qst_fusion_update                        0x08001691   Thumb Code   276  qst_ahrs.o(.text.qst_fusion_update)
    qst_vqf_init                             0x080017a9   Thumb Code    28  qst_ahrs.o(.text.qst_vqf_init)
    setup                                    0x080017c5   Thumb Code   344  vqf.o(.text.setup)
    update6D                                 0x08001929   Thumb Code  4326  vqf.o(.text.update6D)
    vqf_enter_core                           0x08002a11   Thumb Code   832  qst_ahrs.o(.text.vqf_enter_core)
    ADC1_2_IRQHandler                        0x08002d8d   Thumb Code    16  stm32g4xx_it.o(i.ADC1_2_IRQHandler)
    ADC_DMAConvCplt                          0x08002da5   Thumb Code   146  stm32g4xx_hal_adc.o(i.ADC_DMAConvCplt)
    ADC_DMAError                             0x08002e37   Thumb Code    30  stm32g4xx_hal_adc.o(i.ADC_DMAError)
    ADC_DMAHalfConvCplt                      0x08002e55   Thumb Code    14  stm32g4xx_hal_adc.o(i.ADC_DMAHalfConvCplt)
    ADC_Enable                               0x08002e65   Thumb Code   182  stm32g4xx_hal_adc.o(i.ADC_Enable)
    BusFault_Handler                         0x08002f2d   Thumb Code     4  stm32g4xx_it.o(i.BusFault_Handler)
    DMA1_Channel1_IRQHandler                 0x08002f31   Thumb Code    10  stm32g4xx_it.o(i.DMA1_Channel1_IRQHandler)
    DMA1_Channel2_IRQHandler                 0x08002f41   Thumb Code    10  stm32g4xx_it.o(i.DMA1_Channel2_IRQHandler)
    DMA1_Channel3_IRQHandler                 0x08002f51   Thumb Code    10  stm32g4xx_it.o(i.DMA1_Channel3_IRQHandler)
    DMA1_Channel4_IRQHandler                 0x08002f61   Thumb Code    10  stm32g4xx_it.o(i.DMA1_Channel4_IRQHandler)
    DMA1_Channel5_IRQHandler                 0x08002f71   Thumb Code    10  stm32g4xx_it.o(i.DMA1_Channel5_IRQHandler)
    DebugMon_Handler                         0x08003029   Thumb Code     2  stm32g4xx_it.o(i.DebugMon_Handler)
    Error_Handler                            0x0800302b   Thumb Code     6  main.o(i.Error_Handler)
    FLASH_FlushCaches                        0x08003031   Thumb Code   110  stm32g4xx_hal_flash_ex.o(i.FLASH_FlushCaches)
    FLASH_PageErase                          0x080030cd   Thumb Code    40  stm32g4xx_hal_flash_ex.o(i.FLASH_PageErase)
    FLASH_WaitForLastOperation               0x08003161   Thumb Code   130  stm32g4xx_hal_flash.o(i.FLASH_WaitForLastOperation)
    Flash_EraseParamPage                     0x080031ed   Thumb Code    88  app_internal_flash.o(i.Flash_EraseParamPage)
    Flash_ReadParams                         0x08003249   Thumb Code    16  app_internal_flash.o(i.Flash_ReadParams)
    Flash_Read_COD                           0x0800325d   Thumb Code    54  g_sensor.o(i.Flash_Read_COD)
    Flash_WriteParams                        0x080032c1   Thumb Code   112  app_internal_flash.o(i.Flash_WriteParams)
    Flash_Write_COD                          0x08003335   Thumb Code    46  g_sensor.o(i.Flash_Write_COD)
    HAL_ADCEx_EndOfSamplingCallback          0x0800338d   Thumb Code     2  stm32g4xx_hal_adc_ex.o(i.HAL_ADCEx_EndOfSamplingCallback)
    HAL_ADCEx_InjectedConvCpltCallback       0x0800338f   Thumb Code     2  stm32g4xx_hal_adc_ex.o(i.HAL_ADCEx_InjectedConvCpltCallback)
    HAL_ADCEx_InjectedQueueOverflowCallback  0x08003391   Thumb Code     2  stm32g4xx_hal_adc_ex.o(i.HAL_ADCEx_InjectedQueueOverflowCallback)
    HAL_ADCEx_LevelOutOfWindow2Callback      0x08003393   Thumb Code     2  stm32g4xx_hal_adc_ex.o(i.HAL_ADCEx_LevelOutOfWindow2Callback)
    HAL_ADCEx_LevelOutOfWindow3Callback      0x08003395   Thumb Code     2  stm32g4xx_hal_adc_ex.o(i.HAL_ADCEx_LevelOutOfWindow3Callback)
    HAL_ADCEx_MultiModeConfigChannel         0x08003399   Thumb Code   260  stm32g4xx_hal_adc_ex.o(i.HAL_ADCEx_MultiModeConfigChannel)
    HAL_ADC_ConfigChannel                    0x080034a5   Thumb Code  1252  stm32g4xx_hal_adc.o(i.HAL_ADC_ConfigChannel)
    HAL_ADC_ConvCpltCallback                 0x080039ad   Thumb Code    32  main_task.o(i.HAL_ADC_ConvCpltCallback)
    HAL_ADC_ConvHalfCpltCallback             0x080039d9   Thumb Code     2  stm32g4xx_hal_adc.o(i.HAL_ADC_ConvHalfCpltCallback)
    HAL_ADC_ErrorCallback                    0x080039db   Thumb Code     2  stm32g4xx_hal_adc.o(i.HAL_ADC_ErrorCallback)
    HAL_ADC_IRQHandler                       0x080039dd   Thumb Code   808  stm32g4xx_hal_adc.o(i.HAL_ADC_IRQHandler)
    HAL_ADC_Init                             0x08003d0d   Thumb Code   576  stm32g4xx_hal_adc.o(i.HAL_ADC_Init)
    HAL_ADC_LevelOutOfWindowCallback         0x08003f69   Thumb Code     2  stm32g4xx_hal_adc.o(i.HAL_ADC_LevelOutOfWindowCallback)
    HAL_ADC_MspInit                          0x08003f6d   Thumb Code   424  adc.o(i.HAL_ADC_MspInit)
    HAL_ADC_Start_DMA                        0x08004131   Thumb Code   254  stm32g4xx_hal_adc.o(i.HAL_ADC_Start_DMA)
    HAL_DMA_Abort                            0x08004245   Thumb Code   118  stm32g4xx_hal_dma.o(i.HAL_DMA_Abort)
    HAL_DMA_Abort_IT                         0x080042bb   Thumb Code   148  stm32g4xx_hal_dma.o(i.HAL_DMA_Abort_IT)
    HAL_DMA_IRQHandler                       0x0800434f   Thumb Code   254  stm32g4xx_hal_dma.o(i.HAL_DMA_IRQHandler)
    HAL_DMA_Init                             0x0800444d   Thumb Code   200  stm32g4xx_hal_dma.o(i.HAL_DMA_Init)
    HAL_DMA_Start_IT                         0x0800451d   Thumb Code   194  stm32g4xx_hal_dma.o(i.HAL_DMA_Start_IT)
    HAL_Delay                                0x080045e1   Thumb Code    36  stm32g4xx_hal.o(i.HAL_Delay)
    HAL_FLASHEx_Erase                        0x08004609   Thumb Code   248  stm32g4xx_hal_flash_ex.o(i.HAL_FLASHEx_Erase)
    HAL_FLASH_Lock                           0x08004709   Thumb Code    28  stm32g4xx_hal_flash.o(i.HAL_FLASH_Lock)
    HAL_FLASH_Program                        0x08004729   Thumb Code   182  stm32g4xx_hal_flash.o(i.HAL_FLASH_Program)
    HAL_FLASH_Unlock                         0x080047e9   Thumb Code    36  stm32g4xx_hal_flash.o(i.HAL_FLASH_Unlock)
    HAL_GPIO_Init                            0x08004819   Thumb Code   428  stm32g4xx_hal_gpio.o(i.HAL_GPIO_Init)
    HAL_GPIO_ReadPin                         0x080049e5   Thumb Code    16  stm32g4xx_hal_gpio.o(i.HAL_GPIO_ReadPin)
    HAL_GPIO_WritePin                        0x080049f5   Thumb Code    10  stm32g4xx_hal_gpio.o(i.HAL_GPIO_WritePin)
    HAL_GetTick                              0x08004a01   Thumb Code     6  stm32g4xx_hal.o(i.HAL_GetTick)
    HAL_I2CEx_ConfigAnalogFilter             0x08004a0d   Thumb Code   106  stm32g4xx_hal_i2c_ex.o(i.HAL_I2CEx_ConfigAnalogFilter)
    HAL_I2CEx_ConfigDigitalFilter            0x08004a77   Thumb Code   104  stm32g4xx_hal_i2c_ex.o(i.HAL_I2CEx_ConfigDigitalFilter)
    HAL_I2C_Init                             0x08004ae1   Thumb Code   212  stm32g4xx_hal_i2c.o(i.HAL_I2C_Init)
    HAL_I2C_Master_Receive                   0x08004bb9   Thumb Code   348  stm32g4xx_hal_i2c.o(i.HAL_I2C_Master_Receive)
    HAL_I2C_Master_Transmit                  0x08004d1d   Thumb Code   390  stm32g4xx_hal_i2c.o(i.HAL_I2C_Master_Transmit)
    HAL_I2C_MspInit                          0x08004ead   Thumb Code   192  i2c.o(i.HAL_I2C_MspInit)
    HAL_IWDG_Init                            0x08004f79   Thumb Code   112  stm32g4xx_hal_iwdg.o(i.HAL_IWDG_Init)
    HAL_IWDG_Refresh                         0x08004fe9   Thumb Code    14  stm32g4xx_hal_iwdg.o(i.HAL_IWDG_Refresh)
    HAL_IncTick                              0x08004ff9   Thumb Code    16  stm32g4xx_hal.o(i.HAL_IncTick)
    HAL_Init                                 0x08005011   Thumb Code    30  stm32g4xx_hal.o(i.HAL_Init)
    HAL_InitTick                             0x08005031   Thumb Code    74  stm32g4xx_hal.o(i.HAL_InitTick)
    HAL_MspInit                              0x08005089   Thumb Code    62  stm32g4xx_hal_msp.o(i.HAL_MspInit)
    HAL_NVIC_EnableIRQ                       0x080050cd   Thumb Code    40  stm32g4xx_hal_cortex.o(i.HAL_NVIC_EnableIRQ)
    HAL_NVIC_SetPriority                     0x080050f5   Thumb Code   122  stm32g4xx_hal_cortex.o(i.HAL_NVIC_SetPriority)
    HAL_NVIC_SetPriorityGrouping             0x08005171   Thumb Code    32  stm32g4xx_hal_cortex.o(i.HAL_NVIC_SetPriorityGrouping)
    HAL_PWREx_ControlVoltageScaling          0x08005199   Thumb Code   268  stm32g4xx_hal_pwr_ex.o(i.HAL_PWREx_ControlVoltageScaling)
    HAL_PWREx_DisableUCPDDeadBattery         0x080052b1   Thumb Code    14  stm32g4xx_hal_pwr_ex.o(i.HAL_PWREx_DisableUCPDDeadBattery)
    HAL_RCCEx_PeriphCLKConfig                0x080052c5   Thumb Code   872  stm32g4xx_hal_rcc_ex.o(i.HAL_RCCEx_PeriphCLKConfig)
    HAL_RCC_ClockConfig                      0x08005635   Thumb Code   522  stm32g4xx_hal_rcc.o(i.HAL_RCC_ClockConfig)
    HAL_RCC_GetHCLKFreq                      0x08005859   Thumb Code     6  stm32g4xx_hal_rcc.o(i.HAL_RCC_GetHCLKFreq)
    HAL_RCC_GetPCLK1Freq                     0x08005865   Thumb Code    26  stm32g4xx_hal_rcc.o(i.HAL_RCC_GetPCLK1Freq)
    HAL_RCC_GetPCLK2Freq                     0x08005889   Thumb Code    26  stm32g4xx_hal_rcc.o(i.HAL_RCC_GetPCLK2Freq)
    HAL_RCC_GetSysClockFreq                  0x080058ad   Thumb Code   138  stm32g4xx_hal_rcc.o(i.HAL_RCC_GetSysClockFreq)
    HAL_RCC_OscConfig                        0x08005945   Thumb Code  1360  stm32g4xx_hal_rcc.o(i.HAL_RCC_OscConfig)
    HAL_SYSTICK_CLKSourceConfig              0x08005ea1   Thumb Code    40  stm32g4xx_hal_cortex.o(i.HAL_SYSTICK_CLKSourceConfig)
    HAL_SYSTICK_Config                       0x08005ec9   Thumb Code    52  stm32g4xx_hal_cortex.o(i.HAL_SYSTICK_Config)
    HAL_UARTEx_DisableFifoMode               0x08005efd   Thumb Code    78  stm32g4xx_hal_uart_ex.o(i.HAL_UARTEx_DisableFifoMode)
    HAL_UARTEx_RxEventCallback               0x08005f4b   Thumb Code     2  stm32g4xx_hal_uart.o(i.HAL_UARTEx_RxEventCallback)
    HAL_UARTEx_RxFifoFullCallback            0x08005f4d   Thumb Code     2  stm32g4xx_hal_uart_ex.o(i.HAL_UARTEx_RxFifoFullCallback)
    HAL_UARTEx_SetRxFifoThreshold            0x08005f4f   Thumb Code    94  stm32g4xx_hal_uart_ex.o(i.HAL_UARTEx_SetRxFifoThreshold)
    HAL_UARTEx_SetTxFifoThreshold            0x08005fad   Thumb Code    94  stm32g4xx_hal_uart_ex.o(i.HAL_UARTEx_SetTxFifoThreshold)
    HAL_UARTEx_TxFifoEmptyCallback           0x0800600b   Thumb Code     2  stm32g4xx_hal_uart_ex.o(i.HAL_UARTEx_TxFifoEmptyCallback)
    HAL_UARTEx_WakeupCallback                0x0800600d   Thumb Code     2  stm32g4xx_hal_uart_ex.o(i.HAL_UARTEx_WakeupCallback)
    HAL_UART_ErrorCallback                   0x0800600f   Thumb Code     2  stm32g4xx_hal_uart.o(i.HAL_UART_ErrorCallback)
    HAL_UART_IRQHandler                      0x08006011   Thumb Code   962  stm32g4xx_hal_uart.o(i.HAL_UART_IRQHandler)
    HAL_UART_Init                            0x080063e1   Thumb Code   120  stm32g4xx_hal_uart.o(i.HAL_UART_Init)
    HAL_UART_MspInit                         0x08006459   Thumb Code   446  usart.o(i.HAL_UART_MspInit)
    HAL_UART_Transmit                        0x08006639   Thumb Code   194  stm32g4xx_hal_uart.o(i.HAL_UART_Transmit)
    HAL_UART_Transmit_DMA                    0x080066fd   Thumb Code   148  stm32g4xx_hal_uart.o(i.HAL_UART_Transmit_DMA)
    HAL_UART_TxCpltCallback                  0x0800679d   Thumb Code    38  main_task.o(i.HAL_UART_TxCpltCallback)
    HAL_UART_TxHalfCpltCallback              0x080067d9   Thumb Code     2  stm32g4xx_hal_uart.o(i.HAL_UART_TxHalfCpltCallback)
    HardFault_Handler                        0x080067db   Thumb Code     4  stm32g4xx_it.o(i.HardFault_Handler)
    MX_ADC1_Init                             0x08006c61   Thumb Code   156  adc.o(i.MX_ADC1_Init)
    MX_ADC2_Init                             0x08006d05   Thumb Code   126  adc.o(i.MX_ADC2_Init)
    MX_DMA_Init                              0x08006d91   Thumb Code   138  dma.o(i.MX_DMA_Init)
    MX_GPIO_Init                             0x08006e21   Thumb Code   402  gpio.o(i.MX_GPIO_Init)
    MX_I2C3_Init                             0x08006fc1   Thumb Code    74  i2c.o(i.MX_I2C3_Init)
    MX_IWDG_Init                             0x08007019   Thumb Code    34  iwdg.o(i.MX_IWDG_Init)
    MX_USART1_UART_Init                      0x08007045   Thumb Code    98  usart.o(i.MX_USART1_UART_Init)
    MX_USART2_UART_Init                      0x080070b1   Thumb Code    98  usart.o(i.MX_USART2_UART_Init)
    MemManage_Handler                        0x0800711d   Thumb Code     4  stm32g4xx_it.o(i.MemManage_Handler)
    NMI_Handler                              0x08007121   Thumb Code     4  stm32g4xx_it.o(i.NMI_Handler)
    PendSV_Handler                           0x08007125   Thumb Code     2  stm32g4xx_it.o(i.PendSV_Handler)
    SVC_Handler                              0x08007191   Thumb Code     2  stm32g4xx_it.o(i.SVC_Handler)
    SysTick_Handler                          0x08007193   Thumb Code     8  stm32g4xx_it.o(i.SysTick_Handler)
    SystemClock_Config                       0x0800719b   Thumb Code   110  main.o(i.SystemClock_Config)
    SystemInit                               0x08007209   Thumb Code    14  system_stm32g4xx.o(i.SystemInit)
    UART_AdvFeatureConfig                    0x08007275   Thumb Code   248  stm32g4xx_hal_uart.o(i.UART_AdvFeatureConfig)
    UART_CheckIdleState                      0x0800736d   Thumb Code   234  stm32g4xx_hal_uart.o(i.UART_CheckIdleState)
    UART_SetConfig                           0x08007609   Thumb Code   858  stm32g4xx_hal_uart.o(i.UART_SetConfig)
    UART_WaitOnFlagUntilTimeout              0x0800798d   Thumb Code   172  stm32g4xx_hal_uart.o(i.UART_WaitOnFlagUntilTimeout)
    USART1_IRQHandler                        0x08007a39   Thumb Code    10  stm32g4xx_it.o(i.USART1_IRQHandler)
    USART2_IRQHandler                        0x08007a49   Thumb Code    10  stm32g4xx_it.o(i.USART2_IRQHandler)
    UsageFault_Handler                       0x08007a59   Thumb Code     4  stm32g4xx_it.o(i.UsageFault_Handler)
    __0printf$8                              0x08007a5d   Thumb Code    22  printf8.o(i.__0printf$8)
    __1printf$8                              0x08007a5d   Thumb Code     0  printf8.o(i.__0printf$8)
    __2printf                                0x08007a5d   Thumb Code     0  printf8.o(i.__0printf$8)
    __ARM_fpclassify                         0x08007a7d   Thumb Code    48  fpclassify.o(i.__ARM_fpclassify)
    __ARM_fpclassifyf                        0x08007aad   Thumb Code    38  fpclassifyf.o(i.__ARM_fpclassifyf)
    __hardfp_acos                            0x08007b11   Thumb Code   738  acos.o(i.__hardfp_acos)
    __hardfp_asinf                           0x08007e69   Thumb Code   258  asinf.o(i.__hardfp_asinf)
    __hardfp_atan2f                          0x08007f95   Thumb Code   502  atan2f.o(i.__hardfp_atan2f)
    __hardfp_cos                             0x080081e9   Thumb Code   180  cos.o(i.__hardfp_cos)
    __hardfp_cosf                            0x080082b1   Thumb Code   280  cosf.o(i.__hardfp_cosf)
    __hardfp_sin                             0x08008401   Thumb Code   180  sin.o(i.__hardfp_sin)
    __hardfp_sinf                            0x080084c9   Thumb Code   344  sinf.o(i.__hardfp_sinf)
    __hardfp_sqrt                            0x08008659   Thumb Code   122  sqrt.o(i.__hardfp_sqrt)
    __hardfp_sqrtf                           0x080086d3   Thumb Code    58  sqrtf.o(i.__hardfp_sqrtf)
    __hardfp_tan                             0x08008711   Thumb Code   108  tan.o(i.__hardfp_tan)
    __ieee754_rem_pio2                       0x08008791   Thumb Code   938  rred.o(i.__ieee754_rem_pio2)
    __kernel_cos                             0x08008bc9   Thumb Code   322  cos_i.o(i.__kernel_cos)
    __kernel_poly                            0x08008d39   Thumb Code   248  poly.o(i.__kernel_poly)
    __kernel_sin                             0x08008e31   Thumb Code   280  sin_i.o(i.__kernel_sin)
    __kernel_tan                             0x08008f61   Thumb Code   764  tan_i.o(i.__kernel_tan)
    __mathlib_dbl_infnan                     0x080092b1   Thumb Code    20  dunder.o(i.__mathlib_dbl_infnan)
    __mathlib_dbl_invalid                    0x080092c9   Thumb Code    24  dunder.o(i.__mathlib_dbl_invalid)
    __mathlib_dbl_underflow                  0x080092e9   Thumb Code    24  dunder.o(i.__mathlib_dbl_underflow)
    __mathlib_flt_infnan                     0x08009309   Thumb Code     6  funder.o(i.__mathlib_flt_infnan)
    __mathlib_flt_infnan2                    0x0800930f   Thumb Code     6  funder.o(i.__mathlib_flt_infnan2)
    __mathlib_flt_invalid                    0x08009315   Thumb Code    10  funder.o(i.__mathlib_flt_invalid)
    __mathlib_flt_underflow                  0x08009325   Thumb Code    10  funder.o(i.__mathlib_flt_underflow)
    __mathlib_rredf2                         0x08009335   Thumb Code   316  rredf.o(i.__mathlib_rredf2)
    __scatterload_copy                       0x08009489   Thumb Code    14  handlers.o(i.__scatterload_copy)
    __scatterload_null                       0x08009497   Thumb Code     2  handlers.o(i.__scatterload_null)
    __scatterload_zeroinit                   0x08009499   Thumb Code    14  handlers.o(i.__scatterload_zeroinit)
    __set_errno                              0x080094a9   Thumb Code     6  errno.o(i.__set_errno)
    accel_check_and_normalize                0x08009919   Thumb Code   280  mems.o(i.accel_check_and_normalize)
    adc_data_handler_with_idx                0x08009a3d   Thumb Code    62  main_task.o(i.adc_data_handler_with_idx)
    all_led_off                              0x08009a85   Thumb Code    36  led.o(i.all_led_off)
    atk_qmi8568_read_nbytes                  0x08009ab1   Thumb Code    48  g_sensor.o(i.atk_qmi8568_read_nbytes)
    atk_qmi8658_calibration                  0x08009ae5   Thumb Code   184  g_sensor.o(i.atk_qmi8658_calibration)
    atk_qmi8658_check_whoami                 0x08009bc5   Thumb Code    82  g_sensor.o(i.atk_qmi8658_check_whoami)
    atk_qmi8658_config_acc                   0x08009c71   Thumb Code   178  g_sensor.o(i.atk_qmi8658_config_acc)
    atk_qmi8658_config_gyro                  0x08009d29   Thumb Code   218  g_sensor.o(i.atk_qmi8658_config_gyro)
    atk_qmi8658_config_reg                   0x08009e09   Thumb Code   108  g_sensor.o(i.atk_qmi8658_config_reg)
    atk_qmi8658_enablesensors                0x08009e79   Thumb Code    28  g_sensor.o(i.atk_qmi8658_enablesensors)
    atk_qmi8658_init                         0x08009e99   Thumb Code   150  g_sensor.o(i.atk_qmi8658_init)
    atk_qmi8658_read_byte                    0x08009fa9   Thumb Code    48  g_sensor.o(i.atk_qmi8658_read_byte)
    atk_qmi8658_read_sensor_data             0x08009fdd   Thumb Code   488  g_sensor.o(i.atk_qmi8658_read_sensor_data)
    atk_qmi8658_read_xyz                     0x0800a1d9   Thumb Code   192  g_sensor.o(i.atk_qmi8658_read_xyz)
    atk_qmi8658_reset                        0x0800a2a1   Thumb Code    18  g_sensor.o(i.atk_qmi8658_reset)
    atk_qmi8658_write_byte                   0x0800a2b5   Thumb Code    34  g_sensor.o(i.atk_qmi8658_write_byte)
    bat_task                                 0x0800a2dd   Thumb Code    70  bat_val.o(i.bat_task)
    bl_link_status_check                     0x0800a32d   Thumb Code    88  bl.o(i.bl_link_status_check)
    blink_blue                               0x0800a3d1   Thumb Code    64  led.o(i.blink_blue)
    change_xy                                0x0800a41d   Thumb Code    30  g_sensor.o(i.change_xy)
    charge_state_task                        0x0800a43d   Thumb Code    64  charge_state.o(i.charge_state_task)
    check_if_data_been_write                 0x0800a489   Thumb Code    70  app_internal_flash.o(i.check_if_data_been_write)
    check_mems_type                          0x0800a4f1   Thumb Code    46  check_mems_type.o(i.check_mems_type)
    delay_init                               0x0800a625   Thumb Code    16  sys.o(i.delay_init)
    delay_ms                                 0x0800a639   Thumb Code    30  sys.o(i.delay_ms)
    delay_us                                 0x0800a65d   Thumb Code    68  sys.o(i.delay_us)
    ema_u16                                  0x0800a6a5   Thumb Code    22  sys.o(i.ema_u16)
    fabs                                     0x0800a79d   Thumb Code    24  fabs.o(i.fabs)
    feed_iwdg                                0x0800a7b5   Thumb Code    10  sys.o(i.feed_iwdg)
    fill_tx_data                             0x0800a7c5   Thumb Code    62  main_task.o(i.fill_tx_data)
    flash_write_cali_data                    0x0800a809   Thumb Code    76  app_internal_flash.o(i.flash_write_cali_data)
    fputc                                    0x0800a859   Thumb Code    22  usart.o(i.fputc)
    free                                     0x0800a875   Thumb Code    76  malloc.o(i.free)
    gsensor_task                             0x0800a8c5   Thumb Code   140  g_sensor.o(i.gsensor_task)
    icm42688_iic_read_reg                    0x0800a959   Thumb Code    48  icm42688_hard_i2c.o(i.icm42688_iic_read_reg)
    icm42688_iic_read_regs                   0x0800a98d   Thumb Code    48  icm42688_hard_i2c.o(i.icm42688_iic_read_regs)
    icm42688_iic_write_reg                   0x0800a9c1   Thumb Code    34  icm42688_hard_i2c.o(i.icm42688_iic_write_reg)
    icm42688_init                            0x0800a9e9   Thumb Code   134  icm42688_hard_i2c.o(i.icm42688_init)
    icm42688_pipeline_update                 0x0800aa71   Thumb Code   312  mems.o(i.icm42688_pipeline_update)
    icm42688_read_accel                      0x0800abc1   Thumb Code    72  icm42688_hard_i2c.o(i.icm42688_read_accel)
    icm42688_read_gyro                       0x0800ac09   Thumb Code    72  icm42688_hard_i2c.o(i.icm42688_read_gyro)
    icm42688_set_power_ln_and_verify         0x0800acc5   Thumb Code    98  icm42688_hard_i2c.o(i.icm42688_set_power_ln_and_verify)
    imu_rest_cmd_task                        0x0800ad29   Thumb Code    86  main_task.o(i.imu_rest_cmd_task)
    imu_static_calibration                   0x0800ad9d   Thumb Code   242  g_sensor.o(i.imu_static_calibration)
    init_mems                                0x0800aeb1   Thumb Code    30  check_mems_type.o(i.init_mems)
    is_stationary                            0x0800aef9   Thumb Code   102  mems.o(i.is_stationary)
    key_task                                 0x0800af65   Thumb Code    98  key.o(i.key_task)
    led_ctl                                  0x0800afd9   Thumb Code    34  led.o(i.led_ctl)
    led_task                                 0x0800b005   Thumb Code    42  led.o(i.led_task)
    lowpass_acc_gyro                         0x0800b035   Thumb Code   166  mems.o(i.lowpass_acc_gyro)
    madgwick_update_imu                      0x0800b13d   Thumb Code   840  mems.o(i.madgwick_update_imu)
    main                                     0x0800b499   Thumb Code   150  main.o(i.main)
    main_task                                0x0800b541   Thumb Code   110  main_task.o(i.main_task)
    malloc                                   0x0800b5b9   Thumb Code    92  malloc.o(i.malloc)
    map_vec3_by_orientation                  0x0800b625   Thumb Code    52  icm42688_hard_i2c.o(i.map_vec3_by_orientation)
    mems_task                                0x0800b659   Thumb Code    30  check_mems_type.o(i.mems_task)
    online_bias_learn                        0x0800b67d   Thumb Code   106  mems.o(i.online_bias_learn)
    power_led_control                        0x0800b6f5   Thumb Code   164  led.o(i.power_led_control)
    press256                                 0x0800b7a9   Thumb Code   254  sys.o(i.press256)
    print_offset                             0x0800b8a9   Thumb Code    48  g_sensor.o(i.print_offset)
    qmi8658_apply_gyr_gain                   0x0800b8f5   Thumb Code    68  g_sensor.o(i.qmi8658_apply_gyr_gain)
    qmi8658_get_gyro_gain                    0x0800b939   Thumb Code    40  g_sensor.o(i.qmi8658_get_gyro_gain)
    qmi8658_send_ctl9cmd                     0x0800b98d   Thumb Code   216  g_sensor.o(i.qmi8658_send_ctl9cmd)
    qmi8658_task                             0x0800ba89   Thumb Code   106  g_sensor.o(i.qmi8658_task)
    read_6_int16                             0x0800bc1d   Thumb Code    48  app_internal_flash.o(i.read_6_int16)
    read_8_cali_data                         0x0800bc55   Thumb Code    20  app_internal_flash.o(i.read_8_cali_data)
    red_blink                                0x0800bc6d   Thumb Code    46  led.o(i.red_blink)
    save_6_int16                             0x0800bca5   Thumb Code    72  app_internal_flash.o(i.save_6_int16)
    save_8_cali_data                         0x0800bd49   Thumb Code    20  app_internal_flash.o(i.save_8_cali_data)
    save_cali_data                           0x0800bd5d   Thumb Code    52  app_internal_flash.o(i.save_cali_data)
    save_params                              0x0800bdd9   Thumb Code    32  app_internal_flash.o(i.save_params)
    set_adc_ch                               0x0800bdfd   Thumb Code   154  switch_hal.o(i.set_adc_ch)
    set_channel_pin                          0x0800bea5   Thumb Code    32  switch_hal.o(i.set_channel_pin)
    sqrt                                     0x0800bec9   Thumb Code   110  sqrt.o(i.sqrt)
    sqrtf                                    0x0800bf37   Thumb Code    62  sqrtf.o(i.sqrtf)
    start_control                            0x0800bf75   Thumb Code    40  start_control.o(i.start_control)
    startup_bias_calib                       0x0800bf9d   Thumb Code   166  mems.o(i.startup_bias_calib)
    stop_adc_ch                              0x0800c055   Thumb Code    40  switch_hal.o(i.stop_adc_ch)
    sys_shutdown                             0x0800c07d   Thumb Code    22  key.o(i.sys_shutdown)
    uart_send                                0x0800c095   Thumb Code    98  main_task.o(i.uart_send)
    white_led                                0x0800c149   Thumb Code    40  led.o(i.white_led)
    yaw_hold_when_stationary                 0x0800c179   Thumb Code   166  mems.o(i.yaw_hold_when_stationary)
    channels                                 0x0800c234   Data         112  switch_hal.o(.constdata)
    adc_ch_mapping                           0x0800c2a4   Data          16  switch_hal.o(.constdata)
    UARTPrescTable                           0x0800c2d8   Data          24  stm32g4xx_hal_uart.o(.constdata)
    AHBPrescTable                            0x0800c300   Data          16  system_stm32g4xx.o(.constdata)
    APBPrescTable                            0x0800c310   Data           8  system_stm32g4xx.o(.constdata)
    Region$$Table$$Base                      0x0800c54c   Number         0  anon$$obj.o(Region$$Table)
    Region$$Table$$Limit                     0x0800c56c   Number         0  anon$$obj.o(Region$$Table)
    need_send_reset_signal                   0x20000001   Data           1  main_task.o(.data)
    imu_rest_tx_data                         0x20000002   Data           5  main_task.o(.data)
    main_adc_busy                            0x20000007   Data           1  main_task.o(.data)
    bat_adc_done                             0x20000008   Data           1  main_task.o(.data)
    check_reset_imu                          0x20000009   Data           1  main_task.o(.data)
    uart_busy                                0x2000000a   Data           1  main_task.o(.data)
    bl_uart_tx_done                          0x2000000b   Data           1  main_task.o(.data)
    mems_data                                0x2000000c   Data          16  main_task.o(.data)
    bat_percentage                           0x20000020   Data           1  bat_val.o(.data)
    bat_smooth_percentage                    0x20000021   Data           1  bat_val.o(.data)
    bat_smooth_mvolts                        0x20000022   Data           2  bat_val.o(.data)
    AT_FB                                    0x20000028   Data           8  bl.o(.data)
    CONNECTED_AT_FB                          0x20000030   Data           6  bl.o(.data)
    DIS_CONN_AT_FB                           0x20000036   Data           7  bl.o(.data)
    bl_conn_status                           0x2000003d   Data           1  bl.o(.data)
    imu_reseted                              0x20000048   Data           1  key.o(.data)
    charge_state                             0x2000006c   Data           1  charge_state.o(.data)
    g_q                                      0x20000078   Data          16  mems.o(.data)
    g_run_time                               0x20000088   Data           4  mems.o(.data)
    g_startup_cal_done                       0x2000008c   Data           4  mems.o(.data)
    mems_type                                0x200000a0   Data           1  check_mems_type.o(.data)
    data_been_write                          0x200000a1   Data           1  app_internal_flash.o(.data)
    q_out                                    0x200000a4   Data          16  g_sensor.o(.data)
    static_cali_count                        0x200000b4   Data           2  g_sensor.o(.data)
    static_cali_flag                         0x200000b6   Data           1  g_sensor.o(.data)
    static_offset_gyro                       0x200000b8   Data           6  g_sensor.o(.data)
    static_offset_acc                        0x200000be   Data           6  g_sensor.o(.data)
    gyro_raw_static_deviation                0x200000c4   Data           4  g_sensor.o(.data)
    accel_raw_static_deviation               0x200000c8   Data           4  g_sensor.o(.data)
    uwTick                                   0x200000e8   Data           4  stm32g4xx_hal.o(.data)
    uwTickPrio                               0x200000ec   Data           4  stm32g4xx_hal.o(.data)
    uwTickFreq                               0x200000f0   Data           4  stm32g4xx_hal.o(.data)
    pFlash                                   0x200000f4   Data          32  stm32g4xx_hal_flash.o(.data)
    SystemCoreClock                          0x20000114   Data           4  system_stm32g4xx.o(.data)
    __stdout                                 0x20000118   Data           4  stdout.o(.data)
    __microlib_freelist                      0x2000011c   Data           4  mvars.o(.data)
    __microlib_freelist_initialised          0x20000120   Data           4  mvars.o(.data)
    main_adc_buf                             0x2000012c   Data          10  main_task.o(.bss)
    points_data                              0x20000136   Data         280  main_task.o(.bss)
    points_data_after_proc                   0x2000024e   Data         280  main_task.o(.bss)
    points_data_1024                         0x20000366   Data        1024  main_task.o(.bss)
    tx_data                                  0x20000766   Data         308  main_task.o(.bss)
    bat_val_dma_buf                          0x2000089a   Data        1000  bat_val.o(.bss)
    bl_tx_buf                                0x20000c82   Data         308  bl.o(.bss)
    g_gyro_bias_dps                          0x20000dd0   Data          12  mems.o(.bss)
    line_acc                                 0x20000de8   Data          12  g_sensor.o(.bss)
    g_imu                                    0x20000df4   Data          36  g_sensor.o(.bss)
    accel_static_calibration_sum             0x20000e54   Data          12  g_sensor.o(.bss)
    gyro_static_calibration_sum              0x20000e60   Data          12  g_sensor.o(.bss)
    hadc1                                    0x20000e9c   Data         108  adc.o(.bss)
    hadc2                                    0x20000f08   Data         108  adc.o(.bss)
    hdma_adc1                                0x20000f74   Data          96  adc.o(.bss)
    hdma_adc2                                0x20000fd4   Data          96  adc.o(.bss)
    hi2c3                                    0x20001034   Data          84  i2c.o(.bss)
    hiwdg                                    0x20001088   Data          16  iwdg.o(.bss)
    huart1                                   0x20001098   Data         148  usart.o(.bss)
    huart2                                   0x2000112c   Data         148  usart.o(.bss)
    hdma_usart1_tx                           0x200011c0   Data          96  usart.o(.bss)
    hdma_usart2_rx                           0x20001220   Data          96  usart.o(.bss)
    hdma_usart2_tx                           0x20001280   Data          96  usart.o(.bss)
    iCount                                   0x200012e0   Data           1  qst_ahrs.o(.bss..L_MergedGlobals)
    qmi8658_chip_id                          0x200012e1   Data           1  qst_ahrs.o(.bss..L_MergedGlobals)
    region_detect_read_reg                   0x200012e4   Data           4  qst_ahrs.o(.bss..L_MergedGlobals)
    coeffs                                   0x20001318   Data         152  vqf.o(.bss.coeffs)
    params                                   0x200013b0   Data          48  vqf.o(.bss.params)
    state                                    0x200013e0   Data         472  vqf.o(.bss.state)
    __heap_base                              0x200015b8   Data           0  startup_stm32g431xx.o(HEAP)
    __heap_limit                             0x200017b8   Data           0  startup_stm32g431xx.o(HEAP)
    __initial_sp                             0x20001bb8   Data           0  startup_stm32g431xx.o(STACK)



==============================================================================

Memory Map of the image

  Image Entry point : 0x080001d9

  Load Region LR_IROM1 (Base: 0x08000000, Size: 0x0000c698, Max: 0x00020000, ABSOLUTE, COMPRESSED[0x0000c5c4])

    Execution Region ER_IROM1 (Exec base: 0x08000000, Load base: 0x08000000, Size: 0x0000c56c, Max: 0x00020000, ABSOLUTE)

    Exec Addr    Load Addr    Size         Type   Attr      Idx    E Section Name        Object

    0x08000000   0x08000000   0x000001d8   Data   RO            3    RESET               startup_stm32g431xx.o
    0x080001d8   0x080001d8   0x00000000   Code   RO         5143  * .ARM.Collect$$$$00000000  mc_w.l(entry.o)
    0x080001d8   0x080001d8   0x00000004   Code   RO         5514    .ARM.Collect$$$$00000001  mc_w.l(entry2.o)
    0x080001dc   0x080001dc   0x00000004   Code   RO         5517    .ARM.Collect$$$$00000004  mc_w.l(entry5.o)
    0x080001e0   0x080001e0   0x00000000   Code   RO         5519    .ARM.Collect$$$$00000008  mc_w.l(entry7b.o)
    0x080001e0   0x080001e0   0x00000000   Code   RO         5521    .ARM.Collect$$$$0000000A  mc_w.l(entry8b.o)
    0x080001e0   0x080001e0   0x00000008   Code   RO         5522    .ARM.Collect$$$$0000000B  mc_w.l(entry9a.o)
    0x080001e8   0x080001e8   0x00000000   Code   RO         5524    .ARM.Collect$$$$0000000D  mc_w.l(entry10a.o)
    0x080001e8   0x080001e8   0x00000000   Code   RO         5526    .ARM.Collect$$$$0000000F  mc_w.l(entry11a.o)
    0x080001e8   0x080001e8   0x00000004   Code   RO         5515    .ARM.Collect$$$$00002712  mc_w.l(entry2.o)
    0x080001ec   0x080001ec   0x00000024   Code   RO            4    .text               startup_stm32g431xx.o
    0x08000210   0x08000210   0x00000062   Code   RO         5146    .text               mc_w.l(uldiv.o)
    0x08000272   0x08000272   0x00000024   Code   RO         5148    .text               mc_w.l(memcpya.o)
    0x08000296   0x08000296   0x00000024   Code   RO         5150    .text               mc_w.l(memseta.o)
    0x080002ba   0x080002ba   0x0000014e   Code   RO         5445    .text               mf_w.l(dadd.o)
    0x08000408   0x08000408   0x000000e4   Code   RO         5447    .text               mf_w.l(dmul.o)
    0x080004ec   0x080004ec   0x000000de   Code   RO         5449    .text               mf_w.l(ddiv.o)
    0x080005ca   0x080005ca   0x00000036   Code   RO         5451    .text               mf_w.l(dcmplt.o)
    0x08000600   0x08000600   0x00000036   Code   RO         5453    .text               mf_w.l(dcmpgt.o)
    0x08000636   0x08000636   0x00000026   Code   RO         5455    .text               mf_w.l(f2d.o)
    0x0800065c   0x0800065c   0x00000038   Code   RO         5457    .text               mf_w.l(d2f.o)
    0x08000694   0x08000694   0x0000001e   Code   RO         5531    .text               mc_w.l(llshl.o)
    0x080006b2   0x080006b2   0x00000020   Code   RO         5533    .text               mc_w.l(llushr.o)
    0x080006d2   0x080006d2   0x00000024   Code   RO         5535    .text               mc_w.l(llsshr.o)
    0x080006f6   0x080006f6   0x00000000   Code   RO         5546    .text               mc_w.l(iusefp.o)
    0x080006f6   0x080006f6   0x0000006e   Code   RO         5547    .text               mf_w.l(fepilogue.o)
    0x08000764   0x08000764   0x000000ba   Code   RO         5549    .text               mf_w.l(depilogue.o)
    0x0800081e   0x0800081e   0x000000a2   Code   RO         5553    .text               mf_w.l(dsqrt.o)
    0x080008c0   0x080008c0   0x00000024   Code   RO         5569    .text               mc_w.l(init.o)
    0x080008e4   0x080008e4   0x00000022   Code   RO         5571    .text               mf_w.l(dflti.o)
    0x08000906   0x08000906   0x0000001a   Code   RO         5573    .text               mf_w.l(dfltui.o)
    0x08000920   0x08000920   0x0000003e   Code   RO         5575    .text               mf_w.l(dfixi.o)
    0x0800095e   0x0800095e   0x0000003a   Code   RO         5585    .text               mc_w.l(__dczerorl.o)
    0x08000998   0x08000998   0x00000184   Code   RO         4993    .text.filterCoeffs  imualgo_axis9.lib(vqf.o)
    0x08000b1c   0x08000b1c   0x00000004   PAD
    0x08000b20   0x08000b20   0x000007b0   Code   RO         5001    .text.filterVec     imualgo_axis9.lib(vqf.o)
    0x080012d0   0x080012d0   0x000000aa   Code   RO         4973    .text.getQuat6D     imualgo_axis9.lib(vqf.o)
    0x0800137a   0x0800137a   0x00000002   PAD
    0x0800137c   0x0800137c   0x00000010   Code   RO         4939    .text.init_state_recognition  imualgo_axis9.lib(qst_ahrs.o)
    0x0800138c   0x0800138c   0x00000004   PAD
    0x08001390   0x08001390   0x00000280   Code   RO         5009    .text.matrix3Inv    imualgo_axis9.lib(vqf.o)
    0x08001610   0x08001610   0x00000080   Code   RO         4967    .text.params_init   imualgo_axis9.lib(vqf.o)
    0x08001690   0x08001690   0x00000118   Code   RO         4953    .text.qst_fusion_update  imualgo_axis9.lib(qst_ahrs.o)
    0x080017a8   0x080017a8   0x0000001c   Code   RO         4947    .text.qst_vqf_init  imualgo_axis9.lib(qst_ahrs.o)
    0x080017c4   0x080017c4   0x00000164   Code   RO         4969    .text.setup         imualgo_axis9.lib(vqf.o)
    0x08001928   0x08001928   0x000010e6   Code   RO         4971    .text.update6D      imualgo_axis9.lib(vqf.o)
    0x08002a0e   0x08002a0e   0x00000002   PAD
    0x08002a10   0x08002a10   0x0000037c   Code   RO         4945    .text.vqf_enter_core  imualgo_axis9.lib(qst_ahrs.o)
    0x08002d8c   0x08002d8c   0x00000018   Code   RO         1570    i.ADC1_2_IRQHandler  stm32g4xx_it.o
    0x08002da4   0x08002da4   0x00000092   Code   RO         1719    i.ADC_DMAConvCplt   stm32g4xx_hal_adc.o
    0x08002e36   0x08002e36   0x0000001e   Code   RO         1720    i.ADC_DMAError      stm32g4xx_hal_adc.o
    0x08002e54   0x08002e54   0x0000000e   Code   RO         1721    i.ADC_DMAHalfConvCplt  stm32g4xx_hal_adc.o
    0x08002e62   0x08002e62   0x00000002   PAD
    0x08002e64   0x08002e64   0x000000c8   Code   RO         1723    i.ADC_Enable        stm32g4xx_hal_adc.o
    0x08002f2c   0x08002f2c   0x00000004   Code   RO         1571    i.BusFault_Handler  stm32g4xx_it.o
    0x08002f30   0x08002f30   0x00000010   Code   RO         1572    i.DMA1_Channel1_IRQHandler  stm32g4xx_it.o
    0x08002f40   0x08002f40   0x00000010   Code   RO         1573    i.DMA1_Channel2_IRQHandler  stm32g4xx_it.o
    0x08002f50   0x08002f50   0x00000010   Code   RO         1574    i.DMA1_Channel3_IRQHandler  stm32g4xx_it.o
    0x08002f60   0x08002f60   0x00000010   Code   RO         1575    i.DMA1_Channel4_IRQHandler  stm32g4xx_it.o
    0x08002f70   0x08002f70   0x00000010   Code   RO         1576    i.DMA1_Channel5_IRQHandler  stm32g4xx_it.o
    0x08002f80   0x08002f80   0x00000044   Code   RO         3141    i.DMA_CalcDMAMUXChannelBaseAndMask  stm32g4xx_hal_dma.o
    0x08002fc4   0x08002fc4   0x00000024   Code   RO         3142    i.DMA_CalcDMAMUXRequestGenBaseAndMask  stm32g4xx_hal_dma.o
    0x08002fe8   0x08002fe8   0x00000040   Code   RO         3143    i.DMA_SetConfig     stm32g4xx_hal_dma.o
    0x08003028   0x08003028   0x00000002   Code   RO         1577    i.DebugMon_Handler  stm32g4xx_it.o
    0x0800302a   0x0800302a   0x00000006   Code   RO         1295    i.Error_Handler     main.o
    0x08003030   0x08003030   0x00000078   Code   RO         2836    i.FLASH_FlushCaches  stm32g4xx_hal_flash_ex.o
    0x080030a8   0x080030a8   0x00000024   Code   RO         2837    i.FLASH_MassErase   stm32g4xx_hal_flash_ex.o
    0x080030cc   0x080030cc   0x0000002c   Code   RO         2850    i.FLASH_PageErase   stm32g4xx_hal_flash_ex.o
    0x080030f8   0x080030f8   0x00000028   Code   RO         2727    i.FLASH_Program_DoubleWord  stm32g4xx_hal_flash.o
    0x08003120   0x08003120   0x00000040   Code   RO         2728    i.FLASH_Program_Fast  stm32g4xx_hal_flash.o
    0x08003160   0x08003160   0x0000008c   Code   RO         2729    i.FLASH_WaitForLastOperation  stm32g4xx_hal_flash.o
    0x080031ec   0x080031ec   0x0000005c   Code   RO          866    i.Flash_EraseParamPage  app_internal_flash.o
    0x08003248   0x08003248   0x00000014   Code   RO          867    i.Flash_ReadParams  app_internal_flash.o
    0x0800325c   0x0800325c   0x00000064   Code   RO          958    i.Flash_Read_COD    g_sensor.o
    0x080032c0   0x080032c0   0x00000074   Code   RO          868    i.Flash_WriteParams  app_internal_flash.o
    0x08003334   0x08003334   0x00000058   Code   RO          959    i.Flash_Write_COD   g_sensor.o
    0x0800338c   0x0800338c   0x00000002   Code   RO         2000    i.HAL_ADCEx_EndOfSamplingCallback  stm32g4xx_hal_adc_ex.o
    0x0800338e   0x0800338e   0x00000002   Code   RO         2003    i.HAL_ADCEx_InjectedConvCpltCallback  stm32g4xx_hal_adc_ex.o
    0x08003390   0x08003390   0x00000002   Code   RO         2006    i.HAL_ADCEx_InjectedQueueOverflowCallback  stm32g4xx_hal_adc_ex.o
    0x08003392   0x08003392   0x00000002   Code   RO         2011    i.HAL_ADCEx_LevelOutOfWindow2Callback  stm32g4xx_hal_adc_ex.o
    0x08003394   0x08003394   0x00000002   Code   RO         2012    i.HAL_ADCEx_LevelOutOfWindow3Callback  stm32g4xx_hal_adc_ex.o
    0x08003396   0x08003396   0x00000002   PAD
    0x08003398   0x08003398   0x0000010c   Code   RO         2013    i.HAL_ADCEx_MultiModeConfigChannel  stm32g4xx_hal_adc_ex.o
    0x080034a4   0x080034a4   0x00000508   Code   RO         1725    i.HAL_ADC_ConfigChannel  stm32g4xx_hal_adc.o
    0x080039ac   0x080039ac   0x0000002c   Code   RO          281    i.HAL_ADC_ConvCpltCallback  main_task.o
    0x080039d8   0x080039d8   0x00000002   Code   RO         1727    i.HAL_ADC_ConvHalfCpltCallback  stm32g4xx_hal_adc.o
    0x080039da   0x080039da   0x00000002   Code   RO         1729    i.HAL_ADC_ErrorCallback  stm32g4xx_hal_adc.o
    0x080039dc   0x080039dc   0x00000330   Code   RO         1733    i.HAL_ADC_IRQHandler  stm32g4xx_hal_adc.o
    0x08003d0c   0x08003d0c   0x0000025c   Code   RO         1734    i.HAL_ADC_Init      stm32g4xx_hal_adc.o
    0x08003f68   0x08003f68   0x00000002   Code   RO         1735    i.HAL_ADC_LevelOutOfWindowCallback  stm32g4xx_hal_adc.o
    0x08003f6a   0x08003f6a   0x00000002   PAD
    0x08003f6c   0x08003f6c   0x000001c4   Code   RO         1372    i.HAL_ADC_MspInit   adc.o
    0x08004130   0x08004130   0x00000114   Code   RO         1742    i.HAL_ADC_Start_DMA  stm32g4xx_hal_adc.o
    0x08004244   0x08004244   0x00000076   Code   RO         3144    i.HAL_DMA_Abort     stm32g4xx_hal_dma.o
    0x080042ba   0x080042ba   0x00000094   Code   RO         3145    i.HAL_DMA_Abort_IT  stm32g4xx_hal_dma.o
    0x0800434e   0x0800434e   0x000000fe   Code   RO         3149    i.HAL_DMA_IRQHandler  stm32g4xx_hal_dma.o
    0x0800444c   0x0800444c   0x000000d0   Code   RO         3150    i.HAL_DMA_Init      stm32g4xx_hal_dma.o
    0x0800451c   0x0800451c   0x000000c2   Code   RO         3154    i.HAL_DMA_Start_IT  stm32g4xx_hal_dma.o
    0x080045de   0x080045de   0x00000002   PAD
    0x080045e0   0x080045e0   0x00000028   Code   RO         2237    i.HAL_Delay         stm32g4xx_hal.o
    0x08004608   0x08004608   0x00000100   Code   RO         2854    i.HAL_FLASHEx_Erase  stm32g4xx_hal_flash_ex.o
    0x08004708   0x08004708   0x00000020   Code   RO         2733    i.HAL_FLASH_Lock    stm32g4xx_hal_flash.o
    0x08004728   0x08004728   0x000000c0   Code   RO         2738    i.HAL_FLASH_Program  stm32g4xx_hal_flash.o
    0x080047e8   0x080047e8   0x00000030   Code   RO         2740    i.HAL_FLASH_Unlock  stm32g4xx_hal_flash.o
    0x08004818   0x08004818   0x000001cc   Code   RO         3006    i.HAL_GPIO_Init     stm32g4xx_hal_gpio.o
    0x080049e4   0x080049e4   0x00000010   Code   RO         3008    i.HAL_GPIO_ReadPin  stm32g4xx_hal_gpio.o
    0x080049f4   0x080049f4   0x0000000a   Code   RO         3010    i.HAL_GPIO_WritePin  stm32g4xx_hal_gpio.o
    0x080049fe   0x080049fe   0x00000002   PAD
    0x08004a00   0x08004a00   0x0000000c   Code   RO         2241    i.HAL_GetTick       stm32g4xx_hal.o
    0x08004a0c   0x08004a0c   0x0000006a   Code   RO         4272    i.HAL_I2CEx_ConfigAnalogFilter  stm32g4xx_hal_i2c_ex.o
    0x08004a76   0x08004a76   0x00000068   Code   RO         4273    i.HAL_I2CEx_ConfigDigitalFilter  stm32g4xx_hal_i2c_ex.o
    0x08004ade   0x08004ade   0x00000002   PAD
    0x08004ae0   0x08004ae0   0x000000d8   Code   RO         3811    i.HAL_I2C_Init      stm32g4xx_hal_i2c.o
    0x08004bb8   0x08004bb8   0x00000164   Code   RO         3817    i.HAL_I2C_Master_Receive  stm32g4xx_hal_i2c.o
    0x08004d1c   0x08004d1c   0x00000190   Code   RO         3824    i.HAL_I2C_Master_Transmit  stm32g4xx_hal_i2c.o
    0x08004eac   0x08004eac   0x000000cc   Code   RO         1445    i.HAL_I2C_MspInit   i2c.o
    0x08004f78   0x08004f78   0x00000070   Code   RO         4326    i.HAL_IWDG_Init     stm32g4xx_hal_iwdg.o
    0x08004fe8   0x08004fe8   0x0000000e   Code   RO         4327    i.HAL_IWDG_Refresh  stm32g4xx_hal_iwdg.o
    0x08004ff6   0x08004ff6   0x00000002   PAD
    0x08004ff8   0x08004ff8   0x00000018   Code   RO         2247    i.HAL_IncTick       stm32g4xx_hal.o
    0x08005010   0x08005010   0x0000001e   Code   RO         2248    i.HAL_Init          stm32g4xx_hal.o
    0x0800502e   0x0800502e   0x00000002   PAD
    0x08005030   0x08005030   0x00000058   Code   RO         2249    i.HAL_InitTick      stm32g4xx_hal.o
    0x08005088   0x08005088   0x00000044   Code   RO         1694    i.HAL_MspInit       stm32g4xx_hal_msp.o
    0x080050cc   0x080050cc   0x00000028   Code   RO         3655    i.HAL_NVIC_EnableIRQ  stm32g4xx_hal_cortex.o
    0x080050f4   0x080050f4   0x0000007a   Code   RO         3661    i.HAL_NVIC_SetPriority  stm32g4xx_hal_cortex.o
    0x0800516e   0x0800516e   0x00000002   PAD
    0x08005170   0x08005170   0x00000028   Code   RO         3662    i.HAL_NVIC_SetPriorityGrouping  stm32g4xx_hal_cortex.o
    0x08005198   0x08005198   0x00000118   Code   RO         3409    i.HAL_PWREx_ControlVoltageScaling  stm32g4xx_hal_pwr_ex.o
    0x080052b0   0x080052b0   0x00000014   Code   RO         3421    i.HAL_PWREx_DisableUCPDDeadBattery  stm32g4xx_hal_pwr_ex.o
    0x080052c4   0x080052c4   0x00000370   Code   RO         2613    i.HAL_RCCEx_PeriphCLKConfig  stm32g4xx_hal_rcc_ex.o
    0x08005634   0x08005634   0x00000224   Code   RO         2483    i.HAL_RCC_ClockConfig  stm32g4xx_hal_rcc.o
    0x08005858   0x08005858   0x0000000c   Code   RO         2489    i.HAL_RCC_GetHCLKFreq  stm32g4xx_hal_rcc.o
    0x08005864   0x08005864   0x00000024   Code   RO         2491    i.HAL_RCC_GetPCLK1Freq  stm32g4xx_hal_rcc.o
    0x08005888   0x08005888   0x00000024   Code   RO         2492    i.HAL_RCC_GetPCLK2Freq  stm32g4xx_hal_rcc.o
    0x080058ac   0x080058ac   0x00000098   Code   RO         2493    i.HAL_RCC_GetSysClockFreq  stm32g4xx_hal_rcc.o
    0x08005944   0x08005944   0x0000055c   Code   RO         2496    i.HAL_RCC_OscConfig  stm32g4xx_hal_rcc.o
    0x08005ea0   0x08005ea0   0x00000028   Code   RO         3664    i.HAL_SYSTICK_CLKSourceConfig  stm32g4xx_hal_cortex.o
    0x08005ec8   0x08005ec8   0x00000034   Code   RO         3666    i.HAL_SYSTICK_Config  stm32g4xx_hal_cortex.o
    0x08005efc   0x08005efc   0x0000004e   Code   RO         4781    i.HAL_UARTEx_DisableFifoMode  stm32g4xx_hal_uart_ex.o
    0x08005f4a   0x08005f4a   0x00000002   Code   RO         4365    i.HAL_UARTEx_RxEventCallback  stm32g4xx_hal_uart.o
    0x08005f4c   0x08005f4c   0x00000002   Code   RO         4789    i.HAL_UARTEx_RxFifoFullCallback  stm32g4xx_hal_uart_ex.o
    0x08005f4e   0x08005f4e   0x0000005e   Code   RO         4790    i.HAL_UARTEx_SetRxFifoThreshold  stm32g4xx_hal_uart_ex.o
    0x08005fac   0x08005fac   0x0000005e   Code   RO         4791    i.HAL_UARTEx_SetTxFifoThreshold  stm32g4xx_hal_uart_ex.o
    0x0800600a   0x0800600a   0x00000002   Code   RO         4793    i.HAL_UARTEx_TxFifoEmptyCallback  stm32g4xx_hal_uart_ex.o
    0x0800600c   0x0800600c   0x00000002   Code   RO         4794    i.HAL_UARTEx_WakeupCallback  stm32g4xx_hal_uart_ex.o
    0x0800600e   0x0800600e   0x00000002   Code   RO         4381    i.HAL_UART_ErrorCallback  stm32g4xx_hal_uart.o
    0x08006010   0x08006010   0x000003d0   Code   RO         4384    i.HAL_UART_IRQHandler  stm32g4xx_hal_uart.o
    0x080063e0   0x080063e0   0x00000078   Code   RO         4385    i.HAL_UART_Init     stm32g4xx_hal_uart.o
    0x08006458   0x08006458   0x000001e0   Code   RO         1517    i.HAL_UART_MspInit  usart.o
    0x08006638   0x08006638   0x000000c2   Code   RO         4394    i.HAL_UART_Transmit  stm32g4xx_hal_uart.o
    0x080066fa   0x080066fa   0x00000002   PAD
    0x080066fc   0x080066fc   0x000000a0   Code   RO         4395    i.HAL_UART_Transmit_DMA  stm32g4xx_hal_uart.o
    0x0800679c   0x0800679c   0x0000003c   Code   RO          282    i.HAL_UART_TxCpltCallback  main_task.o
    0x080067d8   0x080067d8   0x00000002   Code   RO         4398    i.HAL_UART_TxHalfCpltCallback  stm32g4xx_hal_uart.o
    0x080067da   0x080067da   0x00000004   Code   RO         1578    i.HardFault_Handler  stm32g4xx_it.o
    0x080067de   0x080067de   0x00000028   Code   RO         3858    i.I2C_Flush_TXDR    stm32g4xx_hal_i2c.o
    0x08006806   0x08006806   0x00000002   PAD
    0x08006808   0x08006808   0x00000130   Code   RO         3866    i.I2C_IsErrorOccurred  stm32g4xx_hal_i2c.o
    0x08006938   0x08006938   0x00000038   Code   RO         3875    i.I2C_TransferConfig  stm32g4xx_hal_i2c.o
    0x08006970   0x08006970   0x00000082   Code   RO         3877    i.I2C_WaitOnFlagUntilTimeout  stm32g4xx_hal_i2c.o
    0x080069f2   0x080069f2   0x00000002   PAD
    0x080069f4   0x080069f4   0x000000c4   Code   RO         3878    i.I2C_WaitOnRXNEFlagUntilTimeout  stm32g4xx_hal_i2c.o
    0x08006ab8   0x08006ab8   0x00000060   Code   RO         3879    i.I2C_WaitOnSTOPFlagUntilTimeout  stm32g4xx_hal_i2c.o
    0x08006b18   0x08006b18   0x00000064   Code   RO         3880    i.I2C_WaitOnTXISFlagUntilTimeout  stm32g4xx_hal_i2c.o
    0x08006b7c   0x08006b7c   0x00000010   Code   RO         1748    i.LL_ADC_Enable     stm32g4xx_hal_adc.o
    0x08006b8c   0x08006b8c   0x0000000a   Code   RO         1749    i.LL_ADC_GetMultimode  stm32g4xx_hal_adc.o
    0x08006b96   0x08006b96   0x00000012   Code   RO         1750    i.LL_ADC_GetOffsetChannel  stm32g4xx_hal_adc.o
    0x08006ba8   0x08006ba8   0x0000000a   Code   RO         1751    i.LL_ADC_INJ_IsConversionOngoing  stm32g4xx_hal_adc.o
    0x08006bb2   0x08006bb2   0x0000000a   Code   RO         1753    i.LL_ADC_IsEnabled  stm32g4xx_hal_adc.o
    0x08006bbc   0x08006bbc   0x0000000a   Code   RO         2025    i.LL_ADC_IsEnabled  stm32g4xx_hal_adc_ex.o
    0x08006bc6   0x08006bc6   0x0000000a   Code   RO         1754    i.LL_ADC_IsInternalRegulatorEnabled  stm32g4xx_hal_adc.o
    0x08006bd0   0x08006bd0   0x0000000a   Code   RO         1755    i.LL_ADC_REG_IsConversionOngoing  stm32g4xx_hal_adc.o
    0x08006bda   0x08006bda   0x0000000a   Code   RO         2026    i.LL_ADC_REG_IsConversionOngoing  stm32g4xx_hal_adc_ex.o
    0x08006be4   0x08006be4   0x00000012   Code   RO         1756    i.LL_ADC_REG_IsTriggerSourceSWStart  stm32g4xx_hal_adc.o
    0x08006bf6   0x08006bf6   0x00000002   PAD
    0x08006bf8   0x08006bf8   0x00000010   Code   RO         1757    i.LL_ADC_REG_StartConversion  stm32g4xx_hal_adc.o
    0x08006c08   0x08006c08   0x00000028   Code   RO         1759    i.LL_ADC_SetChannelSamplingTime  stm32g4xx_hal_adc.o
    0x08006c30   0x08006c30   0x0000000c   Code   RO         1760    i.LL_ADC_SetCommonPathInternalCh  stm32g4xx_hal_adc.o
    0x08006c3c   0x08006c3c   0x00000016   Code   RO         1761    i.LL_ADC_SetOffsetState  stm32g4xx_hal_adc.o
    0x08006c52   0x08006c52   0x0000000c   Code   RO         1762    i.LL_ADC_SetSamplingTimeCommonConfig  stm32g4xx_hal_adc.o
    0x08006c5e   0x08006c5e   0x00000002   PAD
    0x08006c60   0x08006c60   0x000000a4   Code   RO         1373    i.MX_ADC1_Init      adc.o
    0x08006d04   0x08006d04   0x0000008c   Code   RO         1374    i.MX_ADC2_Init      adc.o
    0x08006d90   0x08006d90   0x00000090   Code   RO         1420    i.MX_DMA_Init       dma.o
    0x08006e20   0x08006e20   0x000001a0   Code   RO         1347    i.MX_GPIO_Init      gpio.o
    0x08006fc0   0x08006fc0   0x00000058   Code   RO         1446    i.MX_I2C3_Init      i2c.o
    0x08007018   0x08007018   0x0000002c   Code   RO         1486    i.MX_IWDG_Init      iwdg.o
    0x08007044   0x08007044   0x0000006c   Code   RO         1518    i.MX_USART1_UART_Init  usart.o
    0x080070b0   0x080070b0   0x0000006c   Code   RO         1519    i.MX_USART2_UART_Init  usart.o
    0x0800711c   0x0800711c   0x00000004   Code   RO         1579    i.MemManage_Handler  stm32g4xx_it.o
    0x08007120   0x08007120   0x00000004   Code   RO         1580    i.NMI_Handler       stm32g4xx_it.o
    0x08007124   0x08007124   0x00000002   Code   RO         1581    i.PendSV_Handler    stm32g4xx_it.o
    0x08007126   0x08007126   0x00000002   PAD
    0x08007128   0x08007128   0x00000068   Code   RO         2497    i.RCC_GetSysClockFreqFromPLLSource  stm32g4xx_hal_rcc.o
    0x08007190   0x08007190   0x00000002   Code   RO         1582    i.SVC_Handler       stm32g4xx_it.o
    0x08007192   0x08007192   0x00000008   Code   RO         1583    i.SysTick_Handler   stm32g4xx_it.o
    0x0800719a   0x0800719a   0x0000006e   Code   RO         1296    i.SystemClock_Config  main.o
    0x08007208   0x08007208   0x00000014   Code   RO         4905    i.SystemInit        system_stm32g4xx.o
    0x0800721c   0x0800721c   0x00000058   Code   RO         4795    i.UARTEx_SetNbDataToProcess  stm32g4xx_hal_uart_ex.o
    0x08007274   0x08007274   0x000000f8   Code   RO         4399    i.UART_AdvFeatureConfig  stm32g4xx_hal_uart.o
    0x0800736c   0x0800736c   0x000000ea   Code   RO         4400    i.UART_CheckIdleState  stm32g4xx_hal_uart.o
    0x08007456   0x08007456   0x00000014   Code   RO         4401    i.UART_DMAAbortOnError  stm32g4xx_hal_uart.o
    0x0800746a   0x0800746a   0x0000005e   Code   RO         4402    i.UART_DMAError     stm32g4xx_hal_uart.o
    0x080074c8   0x080074c8   0x00000056   Code   RO         4407    i.UART_DMATransmitCplt  stm32g4xx_hal_uart.o
    0x0800751e   0x0800751e   0x0000000e   Code   RO         4409    i.UART_DMATxHalfCplt  stm32g4xx_hal_uart.o
    0x0800752c   0x0800752c   0x0000006c   Code   RO         4411    i.UART_EndRxTransfer  stm32g4xx_hal_uart.o
    0x08007598   0x08007598   0x00000030   Code   RO         4412    i.UART_EndTransmit_IT  stm32g4xx_hal_uart.o
    0x080075c8   0x080075c8   0x00000040   Code   RO         4413    i.UART_EndTxTransfer  stm32g4xx_hal_uart.o
    0x08007608   0x08007608   0x00000384   Code   RO         4418    i.UART_SetConfig    stm32g4xx_hal_uart.o
    0x0800798c   0x0800798c   0x000000ac   Code   RO         4425    i.UART_WaitOnFlagUntilTimeout  stm32g4xx_hal_uart.o
    0x08007a38   0x08007a38   0x00000010   Code   RO         1584    i.USART1_IRQHandler  stm32g4xx_it.o
    0x08007a48   0x08007a48   0x00000010   Code   RO         1585    i.USART2_IRQHandler  stm32g4xx_it.o
    0x08007a58   0x08007a58   0x00000004   Code   RO         1586    i.UsageFault_Handler  stm32g4xx_it.o
    0x08007a5c   0x08007a5c   0x00000020   Code   RO         5363    i.__0printf$8       mc_w.l(printf8.o)
    0x08007a7c   0x08007a7c   0x00000030   Code   RO         5567    i.__ARM_fpclassify  m_wm.l(fpclassify.o)
    0x08007aac   0x08007aac   0x00000026   Code   RO         5476    i.__ARM_fpclassifyf  m_wm.l(fpclassifyf.o)
    0x08007ad2   0x08007ad2   0x00000002   PAD
    0x08007ad4   0x08007ad4   0x00000010   Code   RO         3668    i.__NVIC_GetPriorityGrouping  stm32g4xx_hal_cortex.o
    0x08007ae4   0x08007ae4   0x00000028   Code   RO         3669    i.__NVIC_SetPriority  stm32g4xx_hal_cortex.o
    0x08007b0c   0x08007b0c   0x00000004   PAD
    0x08007b10   0x08007b10   0x00000358   Code   RO         5021    i.__hardfp_acos     m_wm.l(acos.o)
    0x08007e68   0x08007e68   0x0000012c   Code   RO         5035    i.__hardfp_asinf    m_wm.l(asinf.o)
    0x08007f94   0x08007f94   0x00000250   Code   RO         5047    i.__hardfp_atan2f   m_wm.l(atan2f.o)
    0x080081e4   0x080081e4   0x00000004   PAD
    0x080081e8   0x080081e8   0x000000c8   Code   RO         5059    i.__hardfp_cos      m_wm.l(cos.o)
    0x080082b0   0x080082b0   0x00000150   Code   RO         5071    i.__hardfp_cosf     m_wm.l(cosf.o)
    0x08008400   0x08008400   0x000000c8   Code   RO         5083    i.__hardfp_sin      m_wm.l(sin.o)
    0x080084c8   0x080084c8   0x00000190   Code   RO         5095    i.__hardfp_sinf     m_wm.l(sinf.o)
    0x08008658   0x08008658   0x0000007a   Code   RO         5107    i.__hardfp_sqrt     m_wm.l(sqrt.o)
    0x080086d2   0x080086d2   0x0000003a   Code   RO         5119    i.__hardfp_sqrtf    m_wm.l(sqrtf.o)
    0x0800870c   0x0800870c   0x00000004   PAD
    0x08008710   0x08008710   0x00000080   Code   RO         5131    i.__hardfp_tan      m_wm.l(tan.o)
    0x08008790   0x08008790   0x00000438   Code   RO         5494    i.__ieee754_rem_pio2  m_wm.l(rred.o)
    0x08008bc8   0x08008bc8   0x00000170   Code   RO         5459    i.__kernel_cos      m_wm.l(cos_i.o)
    0x08008d38   0x08008d38   0x000000f8   Code   RO         5492    i.__kernel_poly     m_wm.l(poly.o)
    0x08008e30   0x08008e30   0x00000130   Code   RO         5502    i.__kernel_sin      m_wm.l(sin_i.o)
    0x08008f60   0x08008f60   0x00000350   Code   RO         5508    i.__kernel_tan      m_wm.l(tan_i.o)
    0x080092b0   0x080092b0   0x00000014   Code   RO         5463    i.__mathlib_dbl_infnan  m_wm.l(dunder.o)
    0x080092c4   0x080092c4   0x00000004   PAD
    0x080092c8   0x080092c8   0x00000020   Code   RO         5465    i.__mathlib_dbl_invalid  m_wm.l(dunder.o)
    0x080092e8   0x080092e8   0x00000020   Code   RO         5468    i.__mathlib_dbl_underflow  m_wm.l(dunder.o)
    0x08009308   0x08009308   0x00000006   Code   RO         5479    i.__mathlib_flt_infnan  m_wm.l(funder.o)
    0x0800930e   0x0800930e   0x00000006   Code   RO         5480    i.__mathlib_flt_infnan2  m_wm.l(funder.o)
    0x08009314   0x08009314   0x00000010   Code   RO         5481    i.__mathlib_flt_invalid  m_wm.l(funder.o)
    0x08009324   0x08009324   0x00000010   Code   RO         5484    i.__mathlib_flt_underflow  m_wm.l(funder.o)
    0x08009334   0x08009334   0x00000154   Code   RO         5499    i.__mathlib_rredf2  m_wm.l(rredf.o)
    0x08009488   0x08009488   0x0000000e   Code   RO         5579    i.__scatterload_copy  mc_w.l(handlers.o)
    0x08009496   0x08009496   0x00000002   Code   RO         5580    i.__scatterload_null  mc_w.l(handlers.o)
    0x08009498   0x08009498   0x0000000e   Code   RO         5581    i.__scatterload_zeroinit  mc_w.l(handlers.o)
    0x080094a6   0x080094a6   0x00000002   PAD
    0x080094a8   0x080094a8   0x0000000c   Code   RO         5541    i.__set_errno       mc_w.l(errno.o)
    0x080094b4   0x080094b4   0x00000410   Code   RO         5370    i._printf_core      mc_w.l(printf8.o)
    0x080098c4   0x080098c4   0x00000024   Code   RO         5371    i._printf_post_padding  mc_w.l(printf8.o)
    0x080098e8   0x080098e8   0x0000002e   Code   RO         5372    i._printf_pre_padding  mc_w.l(printf8.o)
    0x08009916   0x08009916   0x00000002   PAD
    0x08009918   0x08009918   0x00000124   Code   RO          699    i.accel_check_and_normalize  mems.o
    0x08009a3c   0x08009a3c   0x00000048   Code   RO          283    i.adc_data_handler_with_idx  main_task.o
    0x08009a84   0x08009a84   0x0000002c   Code   RO          601    i.all_led_off       led.o
    0x08009ab0   0x08009ab0   0x00000034   Code   RO          960    i.atk_qmi8568_read_nbytes  g_sensor.o
    0x08009ae4   0x08009ae4   0x000000e0   Code   RO          961    i.atk_qmi8658_calibration  g_sensor.o
    0x08009bc4   0x08009bc4   0x000000ac   Code   RO          962    i.atk_qmi8658_check_whoami  g_sensor.o
    0x08009c70   0x08009c70   0x000000b8   Code   RO          963    i.atk_qmi8658_config_acc  g_sensor.o
    0x08009d28   0x08009d28   0x000000e0   Code   RO          964    i.atk_qmi8658_config_gyro  g_sensor.o
    0x08009e08   0x08009e08   0x00000070   Code   RO          965    i.atk_qmi8658_config_reg  g_sensor.o
    0x08009e78   0x08009e78   0x00000020   Code   RO          966    i.atk_qmi8658_enablesensors  g_sensor.o
    0x08009e98   0x08009e98   0x00000110   Code   RO          967    i.atk_qmi8658_init  g_sensor.o
    0x08009fa8   0x08009fa8   0x00000034   Code   RO          968    i.atk_qmi8658_read_byte  g_sensor.o
    0x08009fdc   0x08009fdc   0x000001fc   Code   RO          969    i.atk_qmi8658_read_sensor_data  g_sensor.o
    0x0800a1d8   0x0800a1d8   0x000000c8   Code   RO          970    i.atk_qmi8658_read_xyz  g_sensor.o
    0x0800a2a0   0x0800a2a0   0x00000012   Code   RO          971    i.atk_qmi8658_reset  g_sensor.o
    0x0800a2b2   0x0800a2b2   0x00000002   PAD
    0x0800a2b4   0x0800a2b4   0x00000028   Code   RO          972    i.atk_qmi8658_write_byte  g_sensor.o
    0x0800a2dc   0x0800a2dc   0x00000050   Code   RO          400    i.bat_task          bat_val.o
    0x0800a32c   0x0800a32c   0x000000a4   Code   RO          441    i.bl_link_status_check  bl.o
    0x0800a3d0   0x0800a3d0   0x0000004c   Code   RO          602    i.blink_blue        led.o
    0x0800a41c   0x0800a41c   0x0000001e   Code   RO          973    i.change_xy         g_sensor.o
    0x0800a43a   0x0800a43a   0x00000002   PAD
    0x0800a43c   0x0800a43c   0x0000004c   Code   RO          669    i.charge_state_task  charge_state.o
    0x0800a488   0x0800a488   0x00000068   Code   RO          869    i.check_if_data_been_write  app_internal_flash.o
    0x0800a4f0   0x0800a4f0   0x00000034   Code   RO          824    i.check_mems_type   check_mems_type.o
    0x0800a524   0x0800a524   0x0000009c   Code   RO          700    i.convert_raw_to_units  mems.o
    0x0800a5c0   0x0800a5c0   0x00000064   Code   RO          401    i.count_bat_volt    bat_val.o
    0x0800a624   0x0800a624   0x00000014   Code   RO           13    i.delay_init        sys.o
    0x0800a638   0x0800a638   0x00000024   Code   RO           14    i.delay_ms          sys.o
    0x0800a65c   0x0800a65c   0x00000048   Code   RO           15    i.delay_us          sys.o
    0x0800a6a4   0x0800a6a4   0x00000016   Code   RO           16    i.ema_u16           sys.o
    0x0800a6ba   0x0800a6ba   0x000000e2   Code   RO          701    i.euler_zyx_to_quat  mems.o
    0x0800a79c   0x0800a79c   0x00000018   Code   RO         5563    i.fabs              m_wm.l(fabs.o)
    0x0800a7b4   0x0800a7b4   0x00000010   Code   RO           17    i.feed_iwdg         sys.o
    0x0800a7c4   0x0800a7c4   0x00000044   Code   RO          284    i.fill_tx_data      main_task.o
    0x0800a808   0x0800a808   0x00000050   Code   RO          870    i.flash_write_cali_data  app_internal_flash.o
    0x0800a858   0x0800a858   0x0000001c   Code   RO         1520    i.fputc             usart.o
    0x0800a874   0x0800a874   0x00000050   Code   RO         5417    i.free              mc_w.l(malloc.o)
    0x0800a8c4   0x0800a8c4   0x00000094   Code   RO          974    i.gsensor_task      g_sensor.o
    0x0800a958   0x0800a958   0x00000034   Code   RO         1133    i.icm42688_iic_read_reg  icm42688_hard_i2c.o
    0x0800a98c   0x0800a98c   0x00000034   Code   RO         1134    i.icm42688_iic_read_regs  icm42688_hard_i2c.o
    0x0800a9c0   0x0800a9c0   0x00000028   Code   RO         1135    i.icm42688_iic_write_reg  icm42688_hard_i2c.o
    0x0800a9e8   0x0800a9e8   0x00000086   Code   RO         1136    i.icm42688_init     icm42688_hard_i2c.o
    0x0800aa6e   0x0800aa6e   0x00000002   PAD
    0x0800aa70   0x0800aa70   0x00000150   Code   RO          703    i.icm42688_pipeline_update  mems.o
    0x0800abc0   0x0800abc0   0x00000048   Code   RO         1138    i.icm42688_read_accel  icm42688_hard_i2c.o
    0x0800ac08   0x0800ac08   0x00000048   Code   RO         1139    i.icm42688_read_gyro  icm42688_hard_i2c.o
    0x0800ac50   0x0800ac50   0x00000058   Code   RO         1140    i.icm42688_set_acc_sens  icm42688_hard_i2c.o
    0x0800aca8   0x0800aca8   0x0000001c   Code   RO         1141    i.icm42688_set_gyro_sens  icm42688_hard_i2c.o
    0x0800acc4   0x0800acc4   0x00000062   Code   RO         1142    i.icm42688_set_power_ln_and_verify  icm42688_hard_i2c.o
    0x0800ad26   0x0800ad26   0x00000002   PAD
    0x0800ad28   0x0800ad28   0x00000074   Code   RO          285    i.imu_rest_cmd_task  main_task.o
    0x0800ad9c   0x0800ad9c   0x00000114   Code   RO          975    i.imu_static_calibration  g_sensor.o
    0x0800aeb0   0x0800aeb0   0x00000024   Code   RO          825    i.init_mems         check_mems_type.o
    0x0800aed4   0x0800aed4   0x00000024   Code   RO          704    i.inv_sqrtf         mems.o
    0x0800aef8   0x0800aef8   0x0000006c   Code   RO          705    i.is_stationary     mems.o
    0x0800af64   0x0800af64   0x00000074   Code   RO          565    i.key_task          key.o
    0x0800afd8   0x0800afd8   0x0000002c   Code   RO          603    i.led_ctl           led.o
    0x0800b004   0x0800b004   0x00000030   Code   RO          604    i.led_task          led.o
    0x0800b034   0x0800b034   0x000000bc   Code   RO          706    i.lowpass_acc_gyro  mems.o
    0x0800b0f0   0x0800b0f0   0x0000000e   Code   RO          707    i.lpf_init          mems.o
    0x0800b0fe   0x0800b0fe   0x0000003e   Code   RO          708    i.lpf_update_handle  mems.o
    0x0800b13c   0x0800b13c   0x0000035c   Code   RO          709    i.madgwick_update_imu  mems.o
    0x0800b498   0x0800b498   0x000000a8   Code   RO         1297    i.main              main.o
    0x0800b540   0x0800b540   0x00000078   Code   RO          286    i.main_task         main_task.o
    0x0800b5b8   0x0800b5b8   0x0000006c   Code   RO         5418    i.malloc            mc_w.l(malloc.o)
    0x0800b624   0x0800b624   0x00000034   Code   RO         1146    i.map_vec3_by_orientation  icm42688_hard_i2c.o
    0x0800b658   0x0800b658   0x00000024   Code   RO          826    i.mems_task         check_mems_type.o
    0x0800b67c   0x0800b67c   0x00000078   Code   RO          710    i.online_bias_learn  mems.o
    0x0800b6f4   0x0800b6f4   0x000000b4   Code   RO          605    i.power_led_control  led.o
    0x0800b7a8   0x0800b7a8   0x000000fe   Code   RO           18    i.press256          sys.o
    0x0800b8a6   0x0800b8a6   0x00000002   PAD
    0x0800b8a8   0x0800b8a8   0x0000004c   Code   RO          976    i.print_offset      g_sensor.o
    0x0800b8f4   0x0800b8f4   0x00000044   Code   RO          977    i.qmi8658_apply_gyr_gain  g_sensor.o
    0x0800b938   0x0800b938   0x00000054   Code   RO          978    i.qmi8658_get_gyro_gain  g_sensor.o
    0x0800b98c   0x0800b98c   0x000000fc   Code   RO          979    i.qmi8658_send_ctl9cmd  g_sensor.o
    0x0800ba88   0x0800ba88   0x00000094   Code   RO          980    i.qmi8658_task      g_sensor.o
    0x0800bb1c   0x0800bb1c   0x00000100   Code   RO          711    i.quat_to_euler_zyx  mems.o
    0x0800bc1c   0x0800bc1c   0x00000038   Code   RO          871    i.read_6_int16      app_internal_flash.o
    0x0800bc54   0x0800bc54   0x00000018   Code   RO          872    i.read_8_cali_data  app_internal_flash.o
    0x0800bc6c   0x0800bc6c   0x00000038   Code   RO          607    i.red_blink         led.o
    0x0800bca4   0x0800bca4   0x000000a4   Code   RO          873    i.save_6_int16      app_internal_flash.o
    0x0800bd48   0x0800bd48   0x00000014   Code   RO          874    i.save_8_cali_data  app_internal_flash.o
    0x0800bd5c   0x0800bd5c   0x0000007c   Code   RO          875    i.save_cali_data    app_internal_flash.o
    0x0800bdd8   0x0800bdd8   0x00000024   Code   RO          876    i.save_params       app_internal_flash.o
    0x0800bdfc   0x0800bdfc   0x000000a8   Code   RO          360    i.set_adc_ch        switch_hal.o
    0x0800bea4   0x0800bea4   0x00000024   Code   RO          361    i.set_channel_pin   switch_hal.o
    0x0800bec8   0x0800bec8   0x0000006e   Code   RO         5109    i.sqrt              m_wm.l(sqrt.o)
    0x0800bf36   0x0800bf36   0x0000003e   Code   RO         5121    i.sqrtf             m_wm.l(sqrtf.o)
    0x0800bf74   0x0800bf74   0x00000028   Code   RO         1271    i.start_control     start_control.o
    0x0800bf9c   0x0800bf9c   0x000000b8   Code   RO          712    i.startup_bias_calib  mems.o
    0x0800c054   0x0800c054   0x00000028   Code   RO          362    i.stop_adc_ch       switch_hal.o
    0x0800c07c   0x0800c07c   0x00000016   Code   RO          566    i.sys_shutdown      key.o
    0x0800c092   0x0800c092   0x00000002   PAD
    0x0800c094   0x0800c094   0x00000084   Code   RO          288    i.uart_send         main_task.o
    0x0800c118   0x0800c118   0x00000030   Code   RO          713    i.vec_norm          mems.o
    0x0800c148   0x0800c148   0x00000030   Code   RO          608    i.white_led         led.o
    0x0800c178   0x0800c178   0x000000bc   Code   RO          714    i.yaw_hold_when_stationary  mems.o
    0x0800c234   0x0800c234   0x00000080   Data   RO          363    .constdata          switch_hal.o
    0x0800c2b4   0x0800c2b4   0x00000015   Data   RO          447    .constdata          bl.o
    0x0800c2c9   0x0800c2c9   0x0000000f   Data   RO          877    .constdata          app_internal_flash.o
    0x0800c2d8   0x0800c2d8   0x00000018   Data   RO         4426    .constdata          stm32g4xx_hal_uart.o
    0x0800c2f0   0x0800c2f0   0x00000010   Data   RO         4797    .constdata          stm32g4xx_hal_uart_ex.o
    0x0800c300   0x0800c300   0x00000018   Data   RO         4906    .constdata          system_stm32g4xx.o
    0x0800c318   0x0800c318   0x00000050   Data   RO         5024    .constdata          m_wm.l(acos.o)
    0x0800c368   0x0800c368   0x00000030   Data   RO         5460    .constdata          m_wm.l(cos_i.o)
    0x0800c398   0x0800c398   0x000000c8   Data   RO         5496    .constdata          m_wm.l(rred.o)
    0x0800c460   0x0800c460   0x00000020   Data   RO         5500    .constdata          m_wm.l(rredf.o)
    0x0800c480   0x0800c480   0x00000028   Data   RO         5503    .constdata          m_wm.l(sin_i.o)
    0x0800c4a8   0x0800c4a8   0x00000060   Data   RO         5509    .constdata          m_wm.l(tan_i.o)
    0x0800c508   0x0800c508   0x00000042   Data   RO          983    .conststring        g_sensor.o
    0x0800c54a   0x0800c54a   0x00000002   PAD
    0x0800c54c   0x0800c54c   0x00000020   Data   RO         5577    Region$$Table       anon$$obj.o


    Execution Region RW_IRAM1 (Exec base: 0x20000000, Load base: 0x0800c56c, Size: 0x00001bb8, Max: 0x00008000, ABSOLUTE, COMPRESSED[0x00000058])

    Exec Addr    Load Addr    Size         Type   Attr      Idx    E Section Name        Object

    0x20000000   COMPRESSED   0x00000001   Data   RW           19    .data               sys.o
    0x20000001   COMPRESSED   0x0000001c   Data   RW          290    .data               main_task.o
    0x2000001d   COMPRESSED   0x00000003   PAD
    0x20000020   COMPRESSED   0x00000008   Data   RW          403    .data               bat_val.o
    0x20000028   COMPRESSED   0x00000020   Data   RW          448    .data               bl.o
    0x20000048   COMPRESSED   0x0000000c   Data   RW          567    .data               key.o
    0x20000054   COMPRESSED   0x00000015   Data   RW          609    .data               led.o
    0x20000069   COMPRESSED   0x00000003   PAD
    0x2000006c   COMPRESSED   0x00000008   Data   RW          670    .data               charge_state.o
    0x20000074   COMPRESSED   0x0000002c   Data   RW          716    .data               mems.o
    0x200000a0   COMPRESSED   0x00000001   Data   RW          827    .data               check_mems_type.o
    0x200000a1   COMPRESSED   0x00000001   Data   RW          878    .data               app_internal_flash.o
    0x200000a2   COMPRESSED   0x00000002   PAD
    0x200000a4   COMPRESSED   0x00000038   Data   RW          984    .data               g_sensor.o
    0x200000dc   COMPRESSED   0x00000008   Data   RW         1147    .data               icm42688_hard_i2c.o
    0x200000e4   COMPRESSED   0x00000004   Data   RW         1376    .data               adc.o
    0x200000e8   COMPRESSED   0x0000000c   Data   RW         2268    .data               stm32g4xx_hal.o
    0x200000f4   COMPRESSED   0x00000020   Data   RW         2741    .data               stm32g4xx_hal_flash.o
    0x20000114   COMPRESSED   0x00000004   Data   RW         4907    .data               system_stm32g4xx.o
    0x20000118   COMPRESSED   0x00000004   Data   RW         5528    .data               mc_w.l(stdout.o)
    0x2000011c   COMPRESSED   0x00000004   Data   RW         5537    .data               mc_w.l(mvars.o)
    0x20000120   COMPRESSED   0x00000004   Data   RW         5538    .data               mc_w.l(mvars.o)
    0x20000124   COMPRESSED   0x00000004   Data   RW         5542    .data               mc_w.l(errno.o)
    0x20000128   COMPRESSED   0x00000004   Data   RW         4957    .data.DT            imualgo_axis9.lib(qst_ahrs.o)
    0x2000012c        -       0x0000076e   Zero   RW          289    .bss                main_task.o
    0x2000089a        -       0x000003e8   Zero   RW          402    .bss                bat_val.o
    0x20000c82        -       0x00000134   Zero   RW          446    .bss                bl.o
    0x20000db6   COMPRESSED   0x00000002   PAD
    0x20000db8        -       0x00000030   Zero   RW          715    .bss                mems.o
    0x20000de8        -       0x000000b4   Zero   RW          982    .bss                g_sensor.o
    0x20000e9c        -       0x00000198   Zero   RW         1375    .bss                adc.o
    0x20001034        -       0x00000054   Zero   RW         1447    .bss                i2c.o
    0x20001088        -       0x00000010   Zero   RW         1487    .bss                iwdg.o
    0x20001098        -       0x00000248   Zero   RW         1521    .bss                usart.o
    0x200012e0        -       0x00000038   Zero   RW         4958    .bss..L_MergedGlobals  imualgo_axis9.lib(qst_ahrs.o)
    0x20001318        -       0x00000098   Zero   RW         5012    .bss.coeffs         imualgo_axis9.lib(vqf.o)
    0x200013b0        -       0x00000030   Zero   RW         5011    .bss.params         imualgo_axis9.lib(vqf.o)
    0x200013e0        -       0x000001d8   Zero   RW         5013    .bss.state          imualgo_axis9.lib(vqf.o)
    0x200015b8        -       0x00000200   Zero   RW            2    HEAP                startup_stm32g431xx.o
    0x200017b8        -       0x00000400   Zero   RW            1    STACK               startup_stm32g431xx.o


==============================================================================

Image component sizes


      Code (inc. data)   RO Data    RW Data    ZI Data      Debug   Object Name

       756         50          0          4        408       2802   adc.o
       836        230         15          1          0       8145   app_internal_flash.o
       180         28          0          8       1000       1904   bat_val.o
       164         76         21         32        308       1601   bl.o
        76         12          0          8          0        803   charge_state.o
       124         18          0          1          0       1730   check_mems_type.o
       144          6          0          0          0        802   dma.o
      3360        602         66         56        180      20960   g_sensor.o
       416         14          0          0          0       1079   gpio.o
       292         26          0          0         84       1733   i2c.o
       688         44          0          8          0       6898   icm42688_hard_i2c.o
        44         10          0          0         16        667   iwdg.o
       138         18          0         12          0       1240   key.o
       496         70          0         21          0       4042   led.o
       284         18          0          0          0       2888   main.o
       612        124          0         28       1902       5034   main_task.o
      3074        152          0         44         48      18779   mems.o
        40          0          0          0          0        492   start_control.o
        36          8        472          0       1536        824   startup_stm32g431xx.o
       194         32          0         12          0       4225   stm32g4xx_hal.o
      3584        134          0          0          0      84314   stm32g4xx_hal_adc.o
       298          8          0          0          0      71124   stm32g4xx_hal_adc_ex.o
       350         22          0          0          0      34845   stm32g4xx_hal_cortex.o
      1090         22          0          0          0       6182   stm32g4xx_hal_dma.o
       516         44          0         32          0      22786   stm32g4xx_hal_flash.o
       456         26          0          0          0       3066   stm32g4xx_hal_flash_ex.o
       486         32          0          0          0       2675   stm32g4xx_hal_gpio.o
      1894         30          0          0          0      10514   stm32g4xx_hal_i2c.o
       210          0          0          0          0       1911   stm32g4xx_hal_i2c_ex.o
       126          0          0          0          0       1863   stm32g4xx_hal_iwdg.o
        68          6          0          0          0        830   stm32g4xx_hal_msp.o
       300         18          0          0          0       1381   stm32g4xx_hal_pwr_ex.o
      2260        106          0          0          0       7144   stm32g4xx_hal_rcc.o
       880          8          0          0          0       1856   stm32g4xx_hal_rcc_ex.o
      3444         92         24          0          0      34300   stm32g4xx_hal_uart.o
       360         10         16          0          0       5330   stm32g4xx_hal_uart_ex.o
       170         50          0          0          0       8025   stm32g4xx_it.o
       244         18        128          0          0       2283   switch_hal.o
       420         20          0          1          0     645091   sys.o
        20          6         24          4          0       1091   system_stm32g4xx.o
       724         60          0          0        584       3268   usart.o

    ----------------------------------------------------------------------
     29900       2254        800        280       6068    1036527   Object Totals
         0          0         32          0          0          0   (incl. Generated)
        46          4          2          8          2          0   (incl. Padding)

    ----------------------------------------------------------------------

      Code (inc. data)   RO Data    RW Data    ZI Data      Debug   Library Member Name

      1216         64          0          4         56       6626   qst_ahrs.o
      7976        128          0          0        672      35618   vqf.o
       856        118         80          0          0        288   acos.o
       300         42          0          0          0        176   asinf.o
       592         90          0          0          0        184   atan2f.o
       200         20          0          0          0        164   cos.o
       368         46         48          0          0        200   cos_i.o
       336         56          0          0          0        136   cosf.o
        84         16          0          0          0        372   dunder.o
        24          0          0          0          0        124   fabs.o
        48          0          0          0          0        124   fpclassify.o
        38          0          0          0          0        116   fpclassifyf.o
        44         12          0          0          0        464   funder.o
       248          0          0          0          0        152   poly.o
      1080        142        200          0          0        188   rred.o
       340         24         32          0          0        160   rredf.o
       200         20          0          0          0        164   sin.o
       304         24         40          0          0        208   sin_i.o
       400         56          0          0          0        212   sinf.o
       232          0          0          0          0        296   sqrt.o
       120          0          0          0          0        272   sqrtf.o
       128         20          0          0          0        144   tan.o
       848         84         96          0          0        196   tan_i.o
        58          0          0          0          0          0   __dczerorl.o
         0          0          0          0          0          0   entry.o
         0          0          0          0          0          0   entry10a.o
         0          0          0          0          0          0   entry11a.o
         8          4          0          0          0          0   entry2.o
         4          0          0          0          0          0   entry5.o
         0          0          0          0          0          0   entry7b.o
         0          0          0          0          0          0   entry8b.o
         8          4          0          0          0          0   entry9a.o
        12          6          0          4          0         68   errno.o
        30          0          0          0          0          0   handlers.o
        36          8          0          0          0         68   init.o
         0          0          0          0          0          0   iusefp.o
        30          0          0          0          0         68   llshl.o
        36          0          0          0          0         68   llsshr.o
        32          0          0          0          0         68   llushr.o
       188         20          0          0          0        160   malloc.o
        36          0          0          0          0         68   memcpya.o
        36          0          0          0          0        108   memseta.o
         0          0          0          8          0          0   mvars.o
      1154         54          0          0          0        352   printf8.o
         0          0          0          4          0          0   stdout.o
        98          0          0          0          0         92   uldiv.o
        56          0          0          0          0         88   d2f.o
       334          0          0          0          0        148   dadd.o
        54          0          0          0          0         80   dcmpgt.o
        54          0          0          0          0         80   dcmplt.o
       222          0          0          0          0        100   ddiv.o
       186          0          0          0          0        176   depilogue.o
        62          0          0          0          0         80   dfixi.o
        34          0          0          0          0         76   dflti.o
        26          0          0          0          0         76   dfltui.o
       228          0          0          0          0         96   dmul.o
       162          0          0          0          0        100   dsqrt.o
        38          0          0          0          0         68   f2d.o
       110          0          0          0          0        168   fepilogue.o

    ----------------------------------------------------------------------
     19344       1066        496         20        728      49040   Library Totals
        30          8          0          0          0          0   (incl. Padding)

    ----------------------------------------------------------------------

      Code (inc. data)   RO Data    RW Data    ZI Data      Debug   Library Name

      9192        192          0          4        728      42244   imualgo_axis9.lib
      6790        770        496          0          0       4340   m_wm.l
      1766         96          0         16          0       1120   mc_w.l
      1566          0          0          0          0       1336   mf_w.l

    ----------------------------------------------------------------------
     19344       1066        496         20        728      49040   Library Totals

    ----------------------------------------------------------------------

==============================================================================


      Code (inc. data)   RO Data    RW Data    ZI Data      Debug   

     49244       3320       1296        300       6796    1058683   Grand Totals
     49244       3320       1296         88       6796    1058683   ELF Image Totals (compressed)
     49244       3320       1296         88          0          0   ROM Totals

==============================================================================

    Total RO  Size (Code + RO Data)                50540 (  49.36kB)
    Total RW  Size (RW Data + ZI Data)              7096 (   6.93kB)
    Total ROM Size (Code + RO Data + RW Data)      50628 (  49.44kB)

==============================================================================

