Component: ARM Compiler 5.06 update 4 (build 422) Tool: armlink [4d35d2]

==============================================================================

Section Cross References

    startup_stm32g431xx.o(RESET) refers to startup_stm32g431xx.o(STACK) for __initial_sp
    startup_stm32g431xx.o(RESET) refers to startup_stm32g431xx.o(.text) for Reset_Handler
    startup_stm32g431xx.o(RESET) refers to stm32g4xx_it.o(i.NMI_Handler) for NMI_Handler
    startup_stm32g431xx.o(RESET) refers to stm32g4xx_it.o(i.HardFault_Handler) for HardFault_Handler
    startup_stm32g431xx.o(RESET) refers to stm32g4xx_it.o(i.MemManage_Handler) for MemManage_Handler
    startup_stm32g431xx.o(RESET) refers to stm32g4xx_it.o(i.BusFault_Handler) for BusFault_Handler
    startup_stm32g431xx.o(RESET) refers to stm32g4xx_it.o(i.UsageFault_Handler) for UsageFault_Handler
    startup_stm32g431xx.o(RESET) refers to stm32g4xx_it.o(i.SVC_Handler) for SVC_Handler
    startup_stm32g431xx.o(RESET) refers to stm32g4xx_it.o(i.DebugMon_Handler) for DebugMon_Handler
    startup_stm32g431xx.o(RESET) refers to stm32g4xx_it.o(i.PendSV_Handler) for PendSV_Handler
    startup_stm32g431xx.o(RESET) refers to stm32g4xx_it.o(i.SysTick_Handler) for SysTick_Handler
    startup_stm32g431xx.o(RESET) refers to stm32g4xx_it.o(i.DMA1_Channel1_IRQHandler) for DMA1_Channel1_IRQHandler
    startup_stm32g431xx.o(RESET) refers to stm32g4xx_it.o(i.DMA1_Channel2_IRQHandler) for DMA1_Channel2_IRQHandler
    startup_stm32g431xx.o(RESET) refers to stm32g4xx_it.o(i.DMA1_Channel3_IRQHandler) for DMA1_Channel3_IRQHandler
    startup_stm32g431xx.o(RESET) refers to stm32g4xx_it.o(i.DMA1_Channel4_IRQHandler) for DMA1_Channel4_IRQHandler
    startup_stm32g431xx.o(RESET) refers to stm32g4xx_it.o(i.DMA1_Channel5_IRQHandler) for DMA1_Channel5_IRQHandler
    startup_stm32g431xx.o(RESET) refers to stm32g4xx_it.o(i.ADC1_2_IRQHandler) for ADC1_2_IRQHandler
    startup_stm32g431xx.o(RESET) refers to stm32g4xx_it.o(i.USART1_IRQHandler) for USART1_IRQHandler
    startup_stm32g431xx.o(RESET) refers to stm32g4xx_it.o(i.USART2_IRQHandler) for USART2_IRQHandler
    startup_stm32g431xx.o(.text) refers to system_stm32g4xx.o(i.SystemInit) for SystemInit
    startup_stm32g431xx.o(.text) refers to entry.o(.ARM.Collect$$$$00000000) for __main
    sys.o(i.delay_init) refers to stm32g4xx_hal_cortex.o(i.HAL_SYSTICK_CLKSourceConfig) for HAL_SYSTICK_CLKSourceConfig
    sys.o(i.delay_init) refers to sys.o(.data) for fac_us
    sys.o(i.delay_ms) refers to sys.o(i.delay_us) for delay_us
    sys.o(i.delay_ms) refers to stm32g4xx_hal_iwdg.o(i.HAL_IWDG_Refresh) for HAL_IWDG_Refresh
    sys.o(i.delay_ms) refers to iwdg.o(.bss) for hiwdg
    sys.o(i.delay_us) refers to sys.o(.data) for fac_us
    sys.o(i.feed_iwdg) refers to stm32g4xx_hal_iwdg.o(i.HAL_IWDG_Refresh) for HAL_IWDG_Refresh
    sys.o(i.feed_iwdg) refers to iwdg.o(.bss) for hiwdg
    main_task.o(i.HAL_ADC_ConvCpltCallback) refers to main_task.o(.data) for main_adc_busy
    main_task.o(i.HAL_UART_TxCpltCallback) refers to main_task.o(.data) for uart_busy
    main_task.o(i.adc_data_handler_with_idx) refers to main_task.o(.bss) for main_adc_buf
    main_task.o(i.fill_tx_data) refers to main_task.o(.bss) for tx_data
    main_task.o(i.imu_rest_cmd_task) refers to stm32g4xx_hal_uart.o(i.HAL_UART_Transmit) for HAL_UART_Transmit
    main_task.o(i.imu_rest_cmd_task) refers to main_task.o(.data) for check_reset_imu
    main_task.o(i.imu_rest_cmd_task) refers to key.o(.data) for imu_reseted
    main_task.o(i.imu_rest_cmd_task) refers to usart.o(.bss) for huart2
    main_task.o(i.main_task) refers to switch_hal.o(i.set_channel_pin) for set_channel_pin
    main_task.o(i.main_task) refers to switch_hal.o(i.set_adc_ch) for set_adc_ch
    main_task.o(i.main_task) refers to sys.o(i.delay_us) for delay_us
    main_task.o(i.main_task) refers to main_task.o(i.adc_data_handler_with_idx) for adc_data_handler_with_idx
    main_task.o(i.main_task) refers to switch_hal.o(i.stop_adc_ch) for stop_adc_ch
    main_task.o(i.main_task) refers to main_task.o(i.uart_send) for uart_send
    main_task.o(i.main_task) refers to main_task.o(.bss) for points_data
    main_task.o(i.main_task_1024) refers to stm32g4xx_hal.o(i.HAL_GetTick) for HAL_GetTick
    main_task.o(i.main_task_1024) refers to memseta.o(.text) for __aeabi_memclr
    main_task.o(i.main_task_1024) refers to switch_hal.o(i.set_channel_pin) for set_channel_pin
    main_task.o(i.main_task_1024) refers to switch_hal.o(i.set_adc_ch) for set_adc_ch
    main_task.o(i.main_task_1024) refers to sys.o(i.delay_us) for delay_us
    main_task.o(i.main_task_1024) refers to main_task.o(i.adc_data_handler_with_idx) for adc_data_handler_with_idx
    main_task.o(i.main_task_1024) refers to switch_hal.o(i.stop_adc_ch) for stop_adc_ch
    main_task.o(i.main_task_1024) refers to stm32g4xx_hal_uart.o(i.HAL_UART_Transmit) for HAL_UART_Transmit
[...]
    CRS_IRQHandler                           0x08000207   Thumb Code     0  startup_stm32g431xx.o(.text)
    DMA1_Channel6_IRQHandler                 0x08000207   Thumb Code     0  startup_stm32g431xx.o(.text)
    DMA2_Channel1_IRQHandler                 0x08000207   Thumb Code     0  startup_stm32g431xx.o(.text)
    DMA2_Channel2_IRQHandler                 0x08000207   Thumb Code     0  startup_stm32g431xx.o(.text)
    DMA2_Channel3_IRQHandler                 0x08000207   Thumb Code     0  startup_stm32g431xx.o(.text)
    DMA2_Channel4_IRQHandler                 0x08000207   Thumb Code     0  startup_stm32g431xx.o(.text)
    DMA2_Channel5_IRQHandler                 0x08000207   Thumb Code     0  startup_stm32g431xx.o(.text)
    DMA2_Channel6_IRQHandler                 0x08000207   Thumb Code     0  startup_stm32g431xx.o(.text)
    DMAMUX_OVR_IRQHandler                    0x08000207   Thumb Code     0  startup_stm32g431xx.o(.text)
    EXTI0_IRQHandler                         0x08000207   Thumb Code     0  startup_stm32g431xx.o(.text)
    EXTI15_10_IRQHandler                     0x08000207   Thumb Code     0  startup_stm32g431xx.o(.text)
    EXTI1_IRQHandler                         0x08000207   Thumb Code     0  startup_stm32g431xx.o(.text)
    EXTI2_IRQHandler                         0x08000207   Thumb Code     0  startup_stm32g431xx.o(.text)
    EXTI3_IRQHandler                         0x08000207   Thumb Code     0  startup_stm32g431xx.o(.text)
    EXTI4_IRQHandler                         0x08000207   Thumb Code     0  startup_stm32g431xx.o(.text)
    EXTI9_5_IRQHandler                       0x08000207   Thumb Code     0  startup_stm32g431xx.o(.text)
    FDCAN1_IT0_IRQHandler                    0x08000207   Thumb Code     0  startup_stm32g431xx.o(.text)
    FDCAN1_IT1_IRQHandler                    0x08000207   Thumb Code     0  startup_stm32g431xx.o(.text)
    FLASH_IRQHandler                         0x08000207   Thumb Code     0  startup_stm32g431xx.o(.text)
    FMAC_IRQHandler                          0x08000207   Thumb Code     0  startup_stm32g431xx.o(.text)
    FPU_IRQHandler                           0x08000207   Thumb Code     0  startup_stm32g431xx.o(.text)
    I2C1_ER_IRQHandler                       0x08000207   Thumb Code     0  startup_stm32g431xx.o(.text)
    I2C1_EV_IRQHandler                       0x08000207   Thumb Code     0  startup_stm32g431xx.o(.text)
    I2C2_ER_IRQHandler                       0x08000207   Thumb Code     0  startup_stm32g431xx.o(.text)
    I2C2_EV_IRQHandler                       0x08000207   Thumb Code     0  startup_stm32g431xx.o(.text)
    I2C3_ER_IRQHandler                       0x08000207   Thumb Code     0  startup_stm32g431xx.o(.text)
    I2C3_EV_IRQHandler                       0x08000207   Thumb Code     0  startup_stm32g431xx.o(.text)
    LPTIM1_IRQHandler                        0x08000207   Thumb Code     0  startup_stm32g431xx.o(.text)
    LPUART1_IRQHandler                       0x08000207   Thumb Code     0  startup_stm32g431xx.o(.text)
    PVD_PVM_IRQHandler                       0x08000207   Thumb Code     0  startup_stm32g431xx.o(.text)
    RCC_IRQHandler                           0x08000207   Thumb Code     0  startup_stm32g431xx.o(.text)
    RNG_IRQHandler                           0x08000207   Thumb Code     0  startup_stm32g431xx.o(.text)
    RTC_Alarm_IRQHandler                     0x08000207   Thumb Code     0  startup_stm32g431xx.o(.text)
    RTC_TAMP_LSECSS_IRQHandler               0x08000207   Thumb Code     0  startup_stm32g431xx.o(.text)
    RTC_WKUP_IRQHandler                      0x08000207   Thumb Code     0  startup_stm32g431xx.o(.text)
    SAI1_IRQHandler                          0x08000207   Thumb Code     0  startup_stm32g431xx.o(.text)
    SPI1_IRQHandler                          0x08000207   Thumb Code     0  startup_stm32g431xx.o(.text)
    SPI2_IRQHandler                          0x08000207   Thumb Code     0  startup_stm32g431xx.o(.text)
    SPI3_IRQHandler                          0x08000207   Thumb Code     0  startup_stm32g431xx.o(.text)
    TIM1_BRK_TIM15_IRQHandler                0x08000207   Thumb Code     0  startup_stm32g431xx.o(.text)
    TIM1_CC_IRQHandler                       0x08000207   Thumb Code     0  startup_stm32g431xx.o(.text)
    TIM1_TRG_COM_TIM17_IRQHandler            0x08000207   Thumb Code     0  startup_stm32g431xx.o(.text)
    TIM1_UP_TIM16_IRQHandler                 0x08000207   Thumb Code     0  startup_stm32g431xx.o(.text)
    TIM2_IRQHandler                          0x08000207   Thumb Code     0  startup_stm32g431xx.o(.text)
    TIM3_IRQHandler                          0x08000207   Thumb Code     0  startup_stm32g431xx.o(.text)
    TIM4_IRQHandler                          0x08000207   Thumb Code     0  startup_stm32g431xx.o(.text)
    TIM6_DAC_IRQHandler                      0x08000207   Thumb Code     0  startup_stm32g431xx.o(.text)
    TIM7_IRQHandler                          0x08000207   Thumb Code     0  startup_stm32g431xx.o(.text)
    TIM8_BRK_IRQHandler                      0x08000207   Thumb Code     0  startup_stm32g431xx.o(.text)
    TIM8_CC_IRQHandler                       0x08000207   Thumb Code     0  startup_stm32g431xx.o(.text)
    TIM8_TRG_COM_IRQHandler                  0x08000207   Thumb Code     0  startup_stm32g431xx.o(.text)
    TIM8_UP_IRQHandler                       0x08000207   Thumb Code     0  startup_stm32g431xx.o(.text)
    UART4_IRQHandler                         0x08000207   Thumb Code     0  startup_stm32g431xx.o(.text)
    UCPD1_IRQHandler                         0x08000207   Thumb Code     0  startup_stm32g431xx.o(.text)
    USART3_IRQHandler                        0x08000207   Thumb Code     0  startup_stm32g431xx.o(.text)
    USBWakeUp_IRQHandler                     0x08000207   Thumb Code     0  startup_stm32g431xx.o(.text)
    USB_HP_IRQHandler                        0x08000207   Thumb Code     0  startup_stm32g431xx.o(.text)
    USB_LP_IRQHandler                        0x08000207   Thumb Code     0  startup_stm32g431xx.o(.text)
    WWDG_IRQHandler                          0x08000207   Thumb Code     0  startup_stm32g431xx.o(.text)
    __aeabi_uldivmod                         0x08000211   Thumb Code    98  uldiv.o(.text)
    __aeabi_memcpy                           0x08000273   Thumb Code    36  memcpya.o(.text)
    __aeabi_memcpy4                          0x08000273   Thumb Code     0  memcpya.o(.text)
    __aeabi_memcpy8                          0x08000273   Thumb Code     0  memcpya.o(.text)
    __aeabi_memset                           0x08000297   Thumb Code    14  memseta.o(.text)
    __aeabi_memset4                          0x08000297   Thumb Code     0  memseta.o(.text)
    __aeabi_memset8                          0x08000297   Thumb Code     0  memseta.o(.text)
    __aeabi_memclr                           0x080002a5   Thumb Code     4  memseta.o(.text)
    __aeabi_memclr4                          0x080002a5   Thumb Code     0  memseta.o(.text)
    __aeabi_memclr8                          0x080002a5   Thumb Code     0  memseta.o(.text)
    _memset$wrapper                          0x080002a9   Thumb Code    18  memseta.o(.text)
    __aeabi_dadd                             0x080002bb   Thumb Code   322  dadd.o(.text)
    __aeabi_dsub                             0x080003fd   Thumb Code     6  dadd.o(.text)
    __aeabi_drsub                            0x08000403   Thumb Code     6  dadd.o(.text)
    __aeabi_dmul                             0x08000409   Thumb Code   228  dmul.o(.text)
    __aeabi_ddiv                             0x080004ed   Thumb Code   222  ddiv.o(.text)
    __aeabi_dcmplt                           0x080005cb   Thumb Code    54  dcmplt.o(.text)
    __aeabi_dcmpgt                           0x08000601   Thumb Code    54  dcmpgt.o(.text)
    __aeabi_f2d                              0x08000637   Thumb Code    38  f2d.o(.text)
    __aeabi_d2f                              0x0800065d   Thumb Code    56  d2f.o(.text)
    __aeabi_llsl                             0x08000695   Thumb Code    30  llshl.o(.text)
    _ll_shift_l                              0x08000695   Thumb Code     0  llshl.o(.text)
    __aeabi_llsr                             0x080006b3   Thumb Code    32  llushr.o(.text)
    _ll_ushift_r                             0x080006b3   Thumb Code     0  llushr.o(.text)
    __aeabi_lasr                             0x080006d3   Thumb Code    36  llsshr.o(.text)
    _ll_sshift_r                             0x080006d3   Thumb Code     0  llsshr.o(.text)
    __I$use$fp                               0x080006f7   Thumb Code     0  iusefp.o(.text)
    _float_round                             0x080006f7   Thumb Code    18  fepilogue.o(.text)
    _float_epilogue                          0x08000709   Thumb Code    92  fepilogue.o(.text)
    _double_round                            0x08000765   Thumb Code    30  depilogue.o(.text)
    _double_epilogue                         0x08000783   Thumb Code   156  depilogue.o(.text)
    _dsqrt                                   0x0800081f   Thumb Code   162  dsqrt.o(.text)
    __scatterload                            0x080008c1   Thumb Code    28  init.o(.text)
    __scatterload_rt2                        0x080008c1   Thumb Code     0  init.o(.text)
    __aeabi_i2d                              0x080008e5   Thumb Code    34  dflti.o(.text)
    __aeabi_ui2d                             0x08000907   Thumb Code    26  dfltui.o(.text)
    __aeabi_d2iz                             0x08000921   Thumb Code    62  dfixi.o(.text)
    filterCoeffs                             0x08000961   Thumb Code   336  vqf.o(.text.filterCoeffs)
    filterVec                                0x08000ae9   Thumb Code  1968  vqf.o(.text.filterVec)
    getQuat6D                                0x08001299   Thumb Code   170  vqf.o(.text.getQuat6D)
    init_state_recognition                   0x08001345   Thumb Code    16  qst_ahrs.o(.text.init_state_recognition)
    matrix3Inv                               0x08001359   Thumb Code   624  vqf.o(.text.matrix3Inv)
    params_init                              0x080015d9   Thumb Code   128  vqf.o(.text.params_init)
    qst_fusion_update                        0x08001659   Thumb Code   276  qst_ahrs.o(.text.qst_fusion_update)
    qst_vqf_init                             0x08001771   Thumb Code    28  qst_ahrs.o(.text.qst_vqf_init)
    setup                                    0x0800178d   Thumb Code   344  vqf.o(.text.setup)
    update6D                                 0x080018f1   Thumb Code  4326  vqf.o(.text.update6D)
    vqf_enter_core                           0x080029d9   Thumb Code   832  qst_ahrs.o(.text.vqf_enter_core)
    ADC1_2_IRQHandler                        0x08002d55   Thumb Code    16  stm32g4xx_it.o(i.ADC1_2_IRQHandler)
    ADC_DMAConvCplt                          0x08002d6d   Thumb Code   146  stm32g4xx_hal_adc.o(i.ADC_DMAConvCplt)
    ADC_DMAError                             0x08002dff   Thumb Code    30  stm32g4xx_hal_adc.o(i.ADC_DMAError)
    ADC_DMAHalfConvCplt                      0x08002e1d   Thumb Code    14  stm32g4xx_hal_adc.o(i.ADC_DMAHalfConvCplt)
    ADC_Enable                               0x08002e2d   Thumb Code   182  stm32g4xx_hal_adc.o(i.ADC_Enable)
    BusFault_Handler                         0x08002ef5   Thumb Code     4  stm32g4xx_it.o(i.BusFault_Handler)
    DMA1_Channel1_IRQHandler                 0x08002ef9   Thumb Code    10  stm32g4xx_it.o(i.DMA1_Channel1_IRQHandler)
    DMA1_Channel2_IRQHandler                 0x08002f09   Thumb Code    10  stm32g4xx_it.o(i.DMA1_Channel2_IRQHandler)
    DMA1_Channel3_IRQHandler                 0x08002f19   Thumb Code    10  stm32g4xx_it.o(i.DMA1_Channel3_IRQHandler)
    DMA1_Channel4_IRQHandler                 0x08002f29   Thumb Code    10  stm32g4xx_it.o(i.DMA1_Channel4_IRQHandler)
    DMA1_Channel5_IRQHandler                 0x08002f39   Thumb Code    10  stm32g4xx_it.o(i.DMA1_Channel5_IRQHandler)
    DebugMon_Handler                         0x08002ff1   Thumb Code     2  stm32g4xx_it.o(i.DebugMon_Handler)
    Error_Handler                            0x08002ff3   Thumb Code     6  main.o(i.Error_Handler)
    FLASH_FlushCaches                        0x08002ff9   Thumb Code   110  stm32g4xx_hal_flash_ex.o(i.FLASH_FlushCaches)
    FLASH_PageErase                          0x08003095   Thumb Code    40  stm32g4xx_hal_flash_ex.o(i.FLASH_PageErase)
    FLASH_WaitForLastOperation               0x08003129   Thumb Code   130  stm32g4xx_hal_flash.o(i.FLASH_WaitForLastOperation)
    Flash_EraseParamPage                     0x080031b5   Thumb Code    88  app_internal_flash.o(i.Flash_EraseParamPage)
    Flash_ReadParams                         0x08003211   Thumb Code    16  app_internal_flash.o(i.Flash_ReadParams)
    Flash_Read_COD                           0x08003225   Thumb Code    54  g_sensor.o(i.Flash_Read_COD)
    Flash_WriteParams                        0x08003289   Thumb Code   112  app_internal_flash.o(i.Flash_WriteParams)
    Flash_Write_COD                          0x080032fd   Thumb Code    46  g_sensor.o(i.Flash_Write_COD)
    HAL_ADCEx_EndOfSamplingCallback          0x08003355   Thumb Code     2  stm32g4xx_hal_adc_ex.o(i.HAL_ADCEx_EndOfSamplingCallback)
    HAL_ADCEx_InjectedConvCpltCallback       0x08003357   Thumb Code     2  stm32g4xx_hal_adc_ex.o(i.HAL_ADCEx_InjectedConvCpltCallback)
    HAL_ADCEx_InjectedQueueOverflowCallback  0x08003359   Thumb Code     2  stm32g4xx_hal_adc_ex.o(i.HAL_ADCEx_InjectedQueueOverflowCallback)
    HAL_ADCEx_LevelOutOfWindow2Callback      0x0800335b   Thumb Code     2  stm32g4xx_hal_adc_ex.o(i.HAL_ADCEx_LevelOutOfWindow2Callback)
    HAL_ADCEx_LevelOutOfWindow3Callback      0x0800335d   Thumb Code     2  stm32g4xx_hal_adc_ex.o(i.HAL_ADCEx_LevelOutOfWindow3Callback)
    HAL_ADCEx_MultiModeConfigChannel         0x08003361   Thumb Code   260  stm32g4xx_hal_adc_ex.o(i.HAL_ADCEx_MultiModeConfigChannel)
    HAL_ADC_ConfigChannel                    0x0800346d   Thumb Code  1252  stm32g4xx_hal_adc.o(i.HAL_ADC_ConfigChannel)
    HAL_ADC_ConvCpltCallback                 0x08003975   Thumb Code    32  main_task.o(i.HAL_ADC_ConvCpltCallback)
    HAL_ADC_ConvHalfCpltCallback             0x080039a1   Thumb Code     2  stm32g4xx_hal_adc.o(i.HAL_ADC_ConvHalfCpltCallback)
    HAL_ADC_ErrorCallback                    0x080039a3   Thumb Code     2  stm32g4xx_hal_adc.o(i.HAL_ADC_ErrorCallback)
    HAL_ADC_IRQHandler                       0x080039a5   Thumb Code   808  stm32g4xx_hal_adc.o(i.HAL_ADC_IRQHandler)
    HAL_ADC_Init                             0x08003cd5   Thumb Code   576  stm32g4xx_hal_adc.o(i.HAL_ADC_Init)
    HAL_ADC_LevelOutOfWindowCallback         0x08003f31   Thumb Code     2  stm32g4xx_hal_adc.o(i.HAL_ADC_LevelOutOfWindowCallback)
    HAL_ADC_MspInit                          0x08003f35   Thumb Code   424  adc.o(i.HAL_ADC_MspInit)
    HAL_ADC_Start_DMA                        0x080040f9   Thumb Code   254  stm32g4xx_hal_adc.o(i.HAL_ADC_Start_DMA)
    HAL_DMA_Abort                            0x0800420d   Thumb Code   118  stm32g4xx_hal_dma.o(i.HAL_DMA_Abort)
    HAL_DMA_Abort_IT                         0x08004283   Thumb Code   148  stm32g4xx_hal_dma.o(i.HAL_DMA_Abort_IT)
    HAL_DMA_IRQHandler                       0x08004317   Thumb Code   254  stm32g4xx_hal_dma.o(i.HAL_DMA_IRQHandler)
    HAL_DMA_Init                             0x08004415   Thumb Code   200  stm32g4xx_hal_dma.o(i.HAL_DMA_Init)
    HAL_DMA_Start_IT                         0x080044e5   Thumb Code   194  stm32g4xx_hal_dma.o(i.HAL_DMA_Start_IT)
    HAL_Delay                                0x080045a9   Thumb Code    36  stm32g4xx_hal.o(i.HAL_Delay)
    HAL_FLASHEx_Erase                        0x080045d1   Thumb Code   248  stm32g4xx_hal_flash_ex.o(i.HAL_FLASHEx_Erase)
    HAL_FLASH_Lock                           0x080046d1   Thumb Code    28  stm32g4xx_hal_flash.o(i.HAL_FLASH_Lock)
    HAL_FLASH_Program                        0x080046f1   Thumb Code   182  stm32g4xx_hal_flash.o(i.HAL_FLASH_Program)
    HAL_FLASH_Unlock                         0x080047b1   Thumb Code    36  stm32g4xx_hal_flash.o(i.HAL_FLASH_Unlock)
    HAL_GPIO_Init                            0x080047e1   Thumb Code   428  stm32g4xx_hal_gpio.o(i.HAL_GPIO_Init)
    HAL_GPIO_ReadPin                         0x080049ad   Thumb Code    16  stm32g4xx_hal_gpio.o(i.HAL_GPIO_ReadPin)
    HAL_GPIO_WritePin                        0x080049bd   Thumb Code    10  stm32g4xx_hal_gpio.o(i.HAL_GPIO_WritePin)
    HAL_GetTick                              0x080049c9   Thumb Code     6  stm32g4xx_hal.o(i.HAL_GetTick)
    HAL_I2CEx_ConfigAnalogFilter             0x080049d5   Thumb Code   106  stm32g4xx_hal_i2c_ex.o(i.HAL_I2CEx_ConfigAnalogFilter)
    HAL_I2CEx_ConfigDigitalFilter            0x08004a3f   Thumb Code   104  stm32g4xx_hal_i2c_ex.o(i.HAL_I2CEx_ConfigDigitalFilter)
    HAL_I2C_Init                             0x08004aa9   Thumb Code   212  stm32g4xx_hal_i2c.o(i.HAL_I2C_Init)
    HAL_I2C_Master_Receive                   0x08004b81   Thumb Code   348  stm32g4xx_hal_i2c.o(i.HAL_I2C_Master_Receive)
    HAL_I2C_Master_Transmit                  0x08004ce5   Thumb Code   390  stm32g4xx_hal_i2c.o(i.HAL_I2C_Master_Transmit)
    HAL_I2C_MspInit                          0x08004e75   Thumb Code   192  i2c.o(i.HAL_I2C_MspInit)
    HAL_IWDG_Init                            0x08004f41   Thumb Code   112  stm32g4xx_hal_iwdg.o(i.HAL_IWDG_Init)
    HAL_IWDG_Refresh                         0x08004fb1   Thumb Code    14  stm32g4xx_hal_iwdg.o(i.HAL_IWDG_Refresh)
    HAL_IncTick                              0x08004fc1   Thumb Code    16  stm32g4xx_hal.o(i.HAL_IncTick)
    HAL_Init                                 0x08004fd9   Thumb Code    30  stm32g4xx_hal.o(i.HAL_Init)
    HAL_InitTick                             0x08004ff9   Thumb Code    74  stm32g4xx_hal.o(i.HAL_InitTick)
    HAL_MspInit                              0x08005051   Thumb Code    62  stm32g4xx_hal_msp.o(i.HAL_MspInit)
    HAL_NVIC_EnableIRQ                       0x08005095   Thumb Code    40  stm32g4xx_hal_cortex.o(i.HAL_NVIC_EnableIRQ)
    HAL_NVIC_SetPriority                     0x080050bd   Thumb Code   122  stm32g4xx_hal_cortex.o(i.HAL_NVIC_SetPriority)
    HAL_NVIC_SetPriorityGrouping             0x08005139   Thumb Code    32  stm32g4xx_hal_cortex.o(i.HAL_NVIC_SetPriorityGrouping)
    HAL_PWREx_ControlVoltageScaling          0x08005161   Thumb Code   268  stm32g4xx_hal_pwr_ex.o(i.HAL_PWREx_ControlVoltageScaling)
    HAL_PWREx_DisableUCPDDeadBattery         0x08005279   Thumb Code    14  stm32g4xx_hal_pwr_ex.o(i.HAL_PWREx_DisableUCPDDeadBattery)
    HAL_RCCEx_PeriphCLKConfig                0x0800528d   Thumb Code   872  stm32g4xx_hal_rcc_ex.o(i.HAL_RCCEx_PeriphCLKConfig)
    HAL_RCC_ClockConfig                      0x080055fd   Thumb Code   522  stm32g4xx_hal_rcc.o(i.HAL_RCC_ClockConfig)
    HAL_RCC_GetHCLKFreq                      0x08005821   Thumb Code     6  stm32g4xx_hal_rcc.o(i.HAL_RCC_GetHCLKFreq)
    HAL_RCC_GetPCLK1Freq                     0x0800582d   Thumb Code    26  stm32g4xx_hal_rcc.o(i.HAL_RCC_GetPCLK1Freq)
    HAL_RCC_GetPCLK2Freq                     0x08005851   Thumb Code    26  stm32g4xx_hal_rcc.o(i.HAL_RCC_GetPCLK2Freq)
    HAL_RCC_GetSysClockFreq                  0x08005875   Thumb Code   138  stm32g4xx_hal_rcc.o(i.HAL_RCC_GetSysClockFreq)
    HAL_RCC_OscConfig                        0x0800590d   Thumb Code  1360  stm32g4xx_hal_rcc.o(i.HAL_RCC_OscConfig)
    HAL_SYSTICK_CLKSourceConfig              0x08005e69   Thumb Code    40  stm32g4xx_hal_cortex.o(i.HAL_SYSTICK_CLKSourceConfig)
    HAL_SYSTICK_Config                       0x08005e91   Thumb Code    52  stm32g4xx_hal_cortex.o(i.HAL_SYSTICK_Config)
    HAL_UARTEx_DisableFifoMode               0x08005ec5   Thumb Code    78  stm32g4xx_hal_uart_ex.o(i.HAL_UARTEx_DisableFifoMode)
    HAL_UARTEx_RxEventCallback               0x08005f13   Thumb Code     2  stm32g4xx_hal_uart.o(i.HAL_UARTEx_RxEventCallback)
    HAL_UARTEx_RxFifoFullCallback            0x08005f15   Thumb Code     2  stm32g4xx_hal_uart_ex.o(i.HAL_UARTEx_RxFifoFullCallback)
    HAL_UARTEx_SetRxFifoThreshold            0x08005f17   Thumb Code    94  stm32g4xx_hal_uart_ex.o(i.HAL_UARTEx_SetRxFifoThreshold)
    HAL_UARTEx_SetTxFifoThreshold            0x08005f75   Thumb Code    94  stm32g4xx_hal_uart_ex.o(i.HAL_UARTEx_SetTxFifoThreshold)
    HAL_UARTEx_TxFifoEmptyCallback           0x08005fd3   Thumb Code     2  stm32g4xx_hal_uart_ex.o(i.HAL_UARTEx_TxFifoEmptyCallback)
    HAL_UARTEx_WakeupCallback                0x08005fd5   Thumb Code     2  stm32g4xx_hal_uart_ex.o(i.HAL_UARTEx_WakeupCallback)
    HAL_UART_ErrorCallback                   0x08005fd7   Thumb Code     2  stm32g4xx_hal_uart.o(i.HAL_UART_ErrorCallback)
    HAL_UART_IRQHandler                      0x08005fd9   Thumb Code   962  stm32g4xx_hal_uart.o(i.HAL_UART_IRQHandler)
    HAL_UART_Init                            0x080063a9   Thumb Code   120  stm32g4xx_hal_uart.o(i.HAL_UART_Init)
    HAL_UART_MspInit                         0x08006421   Thumb Code   446  usart.o(i.HAL_UART_MspInit)
    HAL_UART_Transmit                        0x08006601   Thumb Code   194  stm32g4xx_hal_uart.o(i.HAL_UART_Transmit)
    HAL_UART_Transmit_DMA                    0x080066c5   Thumb Code   148  stm32g4xx_hal_uart.o(i.HAL_UART_Transmit_DMA)
    HAL_UART_TxCpltCallback                  0x08006765   Thumb Code    38  main_task.o(i.HAL_UART_TxCpltCallback)
    HAL_UART_TxHalfCpltCallback              0x080067a1   Thumb Code     2  stm32g4xx_hal_uart.o(i.HAL_UART_TxHalfCpltCallback)
    HardFault_Handler                        0x080067a3   Thumb Code     4  stm32g4xx_it.o(i.HardFault_Handler)
    MX_ADC1_Init                             0x08006c29   Thumb Code   156  adc.o(i.MX_ADC1_Init)
    MX_ADC2_Init                             0x08006ccd   Thumb Code   126  adc.o(i.MX_ADC2_Init)
    MX_DMA_Init                              0x08006d59   Thumb Code   138  dma.o(i.MX_DMA_Init)
    MX_GPIO_Init                             0x08006de9   Thumb Code   400  gpio.o(i.MX_GPIO_Init)
    MX_I2C3_Init                             0x08006f85   Thumb Code    74  i2c.o(i.MX_I2C3_Init)
    MX_IWDG_Init                             0x08006fdd   Thumb Code    34  iwdg.o(i.MX_IWDG_Init)
    MX_USART1_UART_Init                      0x08007009   Thumb Code    98  usart.o(i.MX_USART1_UART_Init)
    MX_USART2_UART_Init                      0x08007075   Thumb Code    98  usart.o(i.MX_USART2_UART_Init)
    MemManage_Handler                        0x080070e1   Thumb Code     4  stm32g4xx_it.o(i.MemManage_Handler)
    NMI_Handler                              0x080070e5   Thumb Code     4  stm32g4xx_it.o(i.NMI_Handler)
    PendSV_Handler                           0x080070e9   Thumb Code     2  stm32g4xx_it.o(i.PendSV_Handler)
    SVC_Handler                              0x08007155   Thumb Code     2  stm32g4xx_it.o(i.SVC_Handler)
    SysTick_Handler                          0x08007157   Thumb Code     8  stm32g4xx_it.o(i.SysTick_Handler)
    SystemClock_Config                       0x0800715f   Thumb Code   110  main.o(i.SystemClock_Config)
    SystemInit                               0x080071cd   Thumb Code    14  system_stm32g4xx.o(i.SystemInit)
    UART_AdvFeatureConfig                    0x08007239   Thumb Code   248  stm32g4xx_hal_uart.o(i.UART_AdvFeatureConfig)
    UART_CheckIdleState                      0x08007331   Thumb Code   234  stm32g4xx_hal_uart.o(i.UART_CheckIdleState)
    UART_SetConfig                           0x080075cd   Thumb Code   858  stm32g4xx_hal_uart.o(i.UART_SetConfig)
    UART_WaitOnFlagUntilTimeout              0x08007951   Thumb Code   172  stm32g4xx_hal_uart.o(i.UART_WaitOnFlagUntilTimeout)
    USART1_IRQHandler                        0x080079fd   Thumb Code    10  stm32g4xx_it.o(i.USART1_IRQHandler)
    USART2_IRQHandler                        0x08007a0d   Thumb Code    10  stm32g4xx_it.o(i.USART2_IRQHandler)
    UsageFault_Handler                       0x08007a1d   Thumb Code     4  stm32g4xx_it.o(i.UsageFault_Handler)
    __0printf$8                              0x08007a21   Thumb Code    22  printf8.o(i.__0printf$8)
    __1printf$8                              0x08007a21   Thumb Code     0  printf8.o(i.__0printf$8)
    __2printf                                0x08007a21   Thumb Code     0  printf8.o(i.__0printf$8)
    __ARM_fpclassify                         0x08007a41   Thumb Code    48  fpclassify.o(i.__ARM_fpclassify)
    __ARM_fpclassifyf                        0x08007a71   Thumb Code    38  fpclassifyf.o(i.__ARM_fpclassifyf)
    __hardfp_acos                            0x08007ad1   Thumb Code   738  acos.o(i.__hardfp_acos)
    __hardfp_asinf                           0x08007e29   Thumb Code   258  asinf.o(i.__hardfp_asinf)
    __hardfp_atan2f                          0x08007f55   Thumb Code   502  atan2f.o(i.__hardfp_atan2f)
    __hardfp_cos                             0x080081a9   Thumb Code   180  cos.o(i.__hardfp_cos)
    __hardfp_cosf                            0x08008271   Thumb Code   280  cosf.o(i.__hardfp_cosf)
    __hardfp_sin                             0x080083c1   Thumb Code   180  sin.o(i.__hardfp_sin)
    __hardfp_sinf                            0x08008489   Thumb Code   344  sinf.o(i.__hardfp_sinf)
    __hardfp_sqrt                            0x08008619   Thumb Code   122  sqrt.o(i.__hardfp_sqrt)
    __hardfp_sqrtf                           0x08008693   Thumb Code    58  sqrtf.o(i.__hardfp_sqrtf)
    __hardfp_tan                             0x080086d1   Thumb Code   108  tan.o(i.__hardfp_tan)
    __ieee754_rem_pio2                       0x08008751   Thumb Code   938  rred.o(i.__ieee754_rem_pio2)
    __kernel_cos                             0x08008b89   Thumb Code   322  cos_i.o(i.__kernel_cos)
    __kernel_poly                            0x08008cf9   Thumb Code   248  poly.o(i.__kernel_poly)
    __kernel_sin                             0x08008df1   Thumb Code   280  sin_i.o(i.__kernel_sin)
    __kernel_tan                             0x08008f21   Thumb Code   764  tan_i.o(i.__kernel_tan)
    __mathlib_dbl_infnan                     0x08009271   Thumb Code    20  dunder.o(i.__mathlib_dbl_infnan)
    __mathlib_dbl_invalid                    0x08009289   Thumb Code    24  dunder.o(i.__mathlib_dbl_invalid)
    __mathlib_dbl_underflow                  0x080092a9   Thumb Code    24  dunder.o(i.__mathlib_dbl_underflow)
    __mathlib_flt_infnan                     0x080092c9   Thumb Code     6  funder.o(i.__mathlib_flt_infnan)
    __mathlib_flt_infnan2                    0x080092cf   Thumb Code     6  funder.o(i.__mathlib_flt_infnan2)
    __mathlib_flt_invalid                    0x080092d5   Thumb Code    10  funder.o(i.__mathlib_flt_invalid)
    __mathlib_flt_underflow                  0x080092e5   Thumb Code    10  funder.o(i.__mathlib_flt_underflow)
    __mathlib_rredf2                         0x080092f5   Thumb Code   316  rredf.o(i.__mathlib_rredf2)
    __scatterload_copy                       0x08009449   Thumb Code    14  handlers.o(i.__scatterload_copy)
    __scatterload_null                       0x08009457   Thumb Code     2  handlers.o(i.__scatterload_null)
    __scatterload_zeroinit                   0x08009459   Thumb Code    14  handlers.o(i.__scatterload_zeroinit)
    __set_errno                              0x08009469   Thumb Code     6  errno.o(i.__set_errno)
    accel_check_and_normalize                0x080098d9   Thumb Code   280  mems.o(i.accel_check_and_normalize)
    adc_data_handler_with_idx                0x080099fd   Thumb Code    62  main_task.o(i.adc_data_handler_with_idx)
    all_led_off                              0x08009a45   Thumb Code    36  led.o(i.all_led_off)
    atk_qmi8568_read_nbytes                  0x08009a71   Thumb Code    48  g_sensor.o(i.atk_qmi8568_read_nbytes)
    atk_qmi8658_calibration                  0x08009aa5   Thumb Code   184  g_sensor.o(i.atk_qmi8658_calibration)
    atk_qmi8658_check_whoami                 0x08009b85   Thumb Code    82  g_sensor.o(i.atk_qmi8658_check_whoami)
    atk_qmi8658_config_acc                   0x08009c31   Thumb Code   178  g_sensor.o(i.atk_qmi8658_config_acc)
    atk_qmi8658_config_gyro                  0x08009ce9   Thumb Code   218  g_sensor.o(i.atk_qmi8658_config_gyro)
    atk_qmi8658_config_reg                   0x08009dc9   Thumb Code   108  g_sensor.o(i.atk_qmi8658_config_reg)
    atk_qmi8658_enablesensors                0x08009e39   Thumb Code    28  g_sensor.o(i.atk_qmi8658_enablesensors)
    atk_qmi8658_init                         0x08009e59   Thumb Code   150  g_sensor.o(i.atk_qmi8658_init)
    atk_qmi8658_read_byte                    0x08009f69   Thumb Code    48  g_sensor.o(i.atk_qmi8658_read_byte)
    atk_qmi8658_read_sensor_data             0x08009f9d   Thumb Code   488  g_sensor.o(i.atk_qmi8658_read_sensor_data)
    atk_qmi8658_read_xyz                     0x0800a199   Thumb Code   192  g_sensor.o(i.atk_qmi8658_read_xyz)
    atk_qmi8658_reset                        0x0800a261   Thumb Code    18  g_sensor.o(i.atk_qmi8658_reset)
    atk_qmi8658_write_byte                   0x0800a275   Thumb Code    34  g_sensor.o(i.atk_qmi8658_write_byte)
    bat_task                                 0x0800a29d   Thumb Code    70  bat_val.o(i.bat_task)
    bl_link_status_check                     0x0800a2ed   Thumb Code    88  bl.o(i.bl_link_status_check)
    blink_blue                               0x0800a391   Thumb Code    64  led.o(i.blink_blue)
    change_xy                                0x0800a3dd   Thumb Code    30  g_sensor.o(i.change_xy)
    charge_state_task                        0x0800a3fd   Thumb Code    64  charge_state.o(i.charge_state_task)
    check_if_data_been_write                 0x0800a449   Thumb Code    70  app_internal_flash.o(i.check_if_data_been_write)
    check_mems_type                          0x0800a4b1   Thumb Code    46  check_mems_type.o(i.check_mems_type)
    delay_init                               0x0800a5e1   Thumb Code    16  sys.o(i.delay_init)
    delay_ms                                 0x0800a5f5   Thumb Code    30  sys.o(i.delay_ms)
    delay_us                                 0x0800a619   Thumb Code    68  sys.o(i.delay_us)
    ema_u16                                  0x0800a661   Thumb Code    22  sys.o(i.ema_u16)
    fabs                                     0x0800a759   Thumb Code    24  fabs.o(i.fabs)
    feed_iwdg                                0x0800a771   Thumb Code    10  sys.o(i.feed_iwdg)
    fill_tx_data                             0x0800a781   Thumb Code    62  main_task.o(i.fill_tx_data)
    flash_write_cali_data                    0x0800a7c5   Thumb Code    76  app_internal_flash.o(i.flash_write_cali_data)
    fputc                                    0x0800a815   Thumb Code    22  usart.o(i.fputc)
    gsensor_task                             0x0800a831   Thumb Code   140  g_sensor.o(i.gsensor_task)
    icm42688_iic_read_reg                    0x0800a8c5   Thumb Code    48  icm42688_hard_i2c.o(i.icm42688_iic_read_reg)
    icm42688_iic_read_regs                   0x0800a8f9   Thumb Code    48  icm42688_hard_i2c.o(i.icm42688_iic_read_regs)
    icm42688_iic_write_reg                   0x0800a92d   Thumb Code    34  icm42688_hard_i2c.o(i.icm42688_iic_write_reg)
    icm42688_init                            0x0800a955   Thumb Code   134  icm42688_hard_i2c.o(i.icm42688_init)
    icm42688_pipeline_update                 0x0800a9dd   Thumb Code   312  mems.o(i.icm42688_pipeline_update)
    icm42688_read_accel                      0x0800ab2d   Thumb Code    72  icm42688_hard_i2c.o(i.icm42688_read_accel)
    icm42688_read_gyro                       0x0800ab75   Thumb Code    72  icm42688_hard_i2c.o(i.icm42688_read_gyro)
    icm42688_set_power_ln_and_verify         0x0800ac31   Thumb Code    98  icm42688_hard_i2c.o(i.icm42688_set_power_ln_and_verify)
    imu_rest_cmd_task                        0x0800ac95   Thumb Code    86  main_task.o(i.imu_rest_cmd_task)
    imu_static_calibration                   0x0800ad09   Thumb Code   242  g_sensor.o(i.imu_static_calibration)
    init_mems                                0x0800ae1d   Thumb Code    30  check_mems_type.o(i.init_mems)
    is_stationary                            0x0800ae65   Thumb Code   102  mems.o(i.is_stationary)
    key_task                                 0x0800aed1   Thumb Code    90  key.o(i.key_task)
    led_ctl                                  0x0800af39   Thumb Code    34  led.o(i.led_ctl)
    led_task                                 0x0800af65   Thumb Code    42  led.o(i.led_task)
    lowpass_acc_gyro                         0x0800af95   Thumb Code   166  mems.o(i.lowpass_acc_gyro)
    madgwick_update_imu                      0x0800b09d   Thumb Code   840  mems.o(i.madgwick_update_imu)
    main                                     0x0800b3f9   Thumb Code   150  main.o(i.main)
    main_task                                0x0800b4a1   Thumb Code    90  main_task.o(i.main_task)
    map_vec3_by_orientation                  0x0800b501   Thumb Code    52  icm42688_hard_i2c.o(i.map_vec3_by_orientation)
    mems_task                                0x0800b535   Thumb Code    30  check_mems_type.o(i.mems_task)
    online_bias_learn                        0x0800b559   Thumb Code   106  mems.o(i.online_bias_learn)
    power_led_control                        0x0800b5d1   Thumb Code   164  led.o(i.power_led_control)
    print_offset                             0x0800b685   Thumb Code    48  g_sensor.o(i.print_offset)
    qmi8658_apply_gyr_gain                   0x0800b6d1   Thumb Code    68  g_sensor.o(i.qmi8658_apply_gyr_gain)
    qmi8658_get_gyro_gain                    0x0800b715   Thumb Code    40  g_sensor.o(i.qmi8658_get_gyro_gain)
    qmi8658_send_ctl9cmd                     0x0800b769   Thumb Code   216  g_sensor.o(i.qmi8658_send_ctl9cmd)
    qmi8658_task                             0x0800b865   Thumb Code   106  g_sensor.o(i.qmi8658_task)
    read_6_int16                             0x0800b9f9   Thumb Code    48  app_internal_flash.o(i.read_6_int16)
    read_8_cali_data                         0x0800ba31   Thumb Code    20  app_internal_flash.o(i.read_8_cali_data)
    red_blink                                0x0800ba49   Thumb Code    46  led.o(i.red_blink)
    save_6_int16                             0x0800ba81   Thumb Code    72  app_internal_flash.o(i.save_6_int16)
    save_8_cali_data                         0x0800bb25   Thumb Code    20  app_internal_flash.o(i.save_8_cali_data)
    save_cali_data                           0x0800bb39   Thumb Code    52  app_internal_flash.o(i.save_cali_data)
    save_params                              0x0800bbb5   Thumb Code    32  app_internal_flash.o(i.save_params)
    set_adc_ch                               0x0800bbd9   Thumb Code   154  switch_hal.o(i.set_adc_ch)
    set_channel_pin                          0x0800bc81   Thumb Code    32  switch_hal.o(i.set_channel_pin)
    sqrt                                     0x0800bca5   Thumb Code   110  sqrt.o(i.sqrt)
    sqrtf                                    0x0800bd13   Thumb Code    62  sqrtf.o(i.sqrtf)
    start_control                            0x0800bd51   Thumb Code    70  start_control.o(i.start_control)
    startup_bias_calib                       0x0800bd99   Thumb Code   166  mems.o(i.startup_bias_calib)
    stop_adc_ch                              0x0800be51   Thumb Code    40  switch_hal.o(i.stop_adc_ch)
    sys_shutdown                             0x0800be79   Thumb Code    22  key.o(i.sys_shutdown)
    uart_send                                0x0800be91   Thumb Code    98  main_task.o(i.uart_send)
    white_led                                0x0800bf45   Thumb Code    40  led.o(i.white_led)
    yaw_hold_when_stationary                 0x0800bf75   Thumb Code   166  mems.o(i.yaw_hold_when_stationary)
    channels                                 0x0800c030   Data         512  switch_hal.o(.constdata)
    adc_ch_mapping                           0x0800c230   Data          16  switch_hal.o(.constdata)
    UARTPrescTable                           0x0800c264   Data          24  stm32g4xx_hal_uart.o(.constdata)
    AHBPrescTable                            0x0800c28c   Data          16  system_stm32g4xx.o(.constdata)
    APBPrescTable                            0x0800c29c   Data           8  system_stm32g4xx.o(.constdata)
    Region$$Table$$Base                      0x0800c4dc   Number         0  anon$$obj.o(Region$$Table)
    Region$$Table$$Limit                     0x0800c4fc   Number         0  anon$$obj.o(Region$$Table)
    need_send_reset_signal                   0x20000001   Data           1  main_task.o(.data)
    imu_rest_tx_data                         0x20000002   Data           5  main_task.o(.data)
    main_adc_busy                            0x20000007   Data           1  main_task.o(.data)
    bat_adc_done                             0x20000008   Data           1  main_task.o(.data)
    check_reset_imu                          0x20000009   Data           1  main_task.o(.data)
    uart_busy                                0x2000000a   Data           1  main_task.o(.data)
    bl_uart_tx_done                          0x2000000b   Data           1  main_task.o(.data)
    mems_data                                0x2000000c   Data          16  main_task.o(.data)
    bat_percentage                           0x20000020   Data           1  bat_val.o(.data)
    bat_smooth_percentage                    0x20000021   Data           1  bat_val.o(.data)
    bat_smooth_mvolts                        0x20000022   Data           2  bat_val.o(.data)
    AT_FB                                    0x20000028   Data           8  bl.o(.data)
    CONNECTED_AT_FB                          0x20000030   Data           6  bl.o(.data)
    DIS_CONN_AT_FB                           0x20000036   Data           7  bl.o(.data)
    bl_conn_status                           0x2000003d   Data           1  bl.o(.data)
    imu_reseted                              0x20000048   Data           1  key.o(.data)
    charge_state                             0x2000006c   Data           1  charge_state.o(.data)
    g_q                                      0x20000078   Data          16  mems.o(.data)
    g_run_time                               0x20000088   Data           4  mems.o(.data)
    g_startup_cal_done                       0x2000008c   Data           4  mems.o(.data)
    mems_type                                0x200000a0   Data           1  check_mems_type.o(.data)
    data_been_write                          0x200000a1   Data           1  app_internal_flash.o(.data)
    q_out                                    0x200000a4   Data          16  g_sensor.o(.data)
    static_cali_count                        0x200000b4   Data           2  g_sensor.o(.data)
    static_cali_flag                         0x200000b6   Data           1  g_sensor.o(.data)
    static_offset_gyro                       0x200000b8   Data           6  g_sensor.o(.data)
    static_offset_acc                        0x200000be   Data           6  g_sensor.o(.data)
    gyro_raw_static_deviation                0x200000c4   Data           4  g_sensor.o(.data)
    accel_raw_static_deviation               0x200000c8   Data           4  g_sensor.o(.data)
    uwTick                                   0x200000e8   Data           4  stm32g4xx_hal.o(.data)
    uwTickPrio                               0x200000ec   Data           4  stm32g4xx_hal.o(.data)
    uwTickFreq                               0x200000f0   Data           4  stm32g4xx_hal.o(.data)
    pFlash                                   0x200000f4   Data          32  stm32g4xx_hal_flash.o(.data)
    SystemCoreClock                          0x20000114   Data           4  system_stm32g4xx.o(.data)
    __stdout                                 0x20000118   Data           4  stdout.o(.data)
    main_adc_buf                             0x20000124   Data          10  main_task.o(.bss)
    points_data                              0x2000012e   Data         280  main_task.o(.bss)
    points_data_1024                         0x20000246   Data        1024  main_task.o(.bss)
    tx_data                                  0x20000646   Data         308  main_task.o(.bss)
    bat_val_dma_buf                          0x2000077a   Data        1000  bat_val.o(.bss)
    bl_tx_buf                                0x20000b62   Data         308  bl.o(.bss)
    g_gyro_bias_dps                          0x20000cb0   Data          12  mems.o(.bss)
    line_acc                                 0x20000cc8   Data          12  g_sensor.o(.bss)
    g_imu                                    0x20000cd4   Data          36  g_sensor.o(.bss)
    accel_static_calibration_sum             0x20000d34   Data          12  g_sensor.o(.bss)
    gyro_static_calibration_sum              0x20000d40   Data          12  g_sensor.o(.bss)
    hadc1                                    0x20000d7c   Data         108  adc.o(.bss)
    hadc2                                    0x20000de8   Data         108  adc.o(.bss)
    hdma_adc1                                0x20000e54   Data          96  adc.o(.bss)
    hdma_adc2                                0x20000eb4   Data          96  adc.o(.bss)
    hi2c3                                    0x20000f14   Data          84  i2c.o(.bss)
    hiwdg                                    0x20000f68   Data          16  iwdg.o(.bss)
    huart1                                   0x20000f78   Data         148  usart.o(.bss)
    huart2                                   0x2000100c   Data         148  usart.o(.bss)
    hdma_usart1_tx                           0x200010a0   Data          96  usart.o(.bss)
    hdma_usart2_rx                           0x20001100   Data          96  usart.o(.bss)
    hdma_usart2_tx                           0x20001160   Data          96  usart.o(.bss)
    iCount                                   0x200011c0   Data           1  qst_ahrs.o(.bss..L_MergedGlobals)
    qmi8658_chip_id                          0x200011c1   Data           1  qst_ahrs.o(.bss..L_MergedGlobals)
    region_detect_read_reg                   0x200011c4   Data           4  qst_ahrs.o(.bss..L_MergedGlobals)
    coeffs                                   0x200011f8   Data         152  vqf.o(.bss.coeffs)
    params                                   0x20001290   Data          48  vqf.o(.bss.params)
    state                                    0x200012c0   Data         472  vqf.o(.bss.state)
    __initial_sp                             0x20001898   Data           0  startup_stm32g431xx.o(STACK)



==============================================================================

Memory Map of the image

  Image Entry point : 0x080001d9

  Load Region LR_IROM1 (Base: 0x08000000, Size: 0x0000c620, Max: 0x00020000, ABSOLUTE)

    Execution Region ER_IROM1 (Exec base: 0x08000000, Load base: 0x08000000, Size: 0x0000c4fc, Max: 0x00020000, ABSOLUTE)

    Exec Addr    Load Addr    Size         Type   Attr      Idx    E Section Name        Object

    0x08000000   0x08000000   0x000001d8   Data   RO            3    RESET               startup_stm32g431xx.o
    0x080001d8   0x080001d8   0x00000000   Code   RO         5122  * .ARM.Collect$$$$00000000  mc_w.l(entry.o)
    0x080001d8   0x080001d8   0x00000004   Code   RO         5465    .ARM.Collect$$$$00000001  mc_w.l(entry2.o)
    0x080001dc   0x080001dc   0x00000004   Code   RO         5468    .ARM.Collect$$$$00000004  mc_w.l(entry5.o)
    0x080001e0   0x080001e0   0x00000000   Code   RO         5470    .ARM.Collect$$$$00000008  mc_w.l(entry7b.o)
    0x080001e0   0x080001e0   0x00000000   Code   RO         5472    .ARM.Collect$$$$0000000A  mc_w.l(entry8b.o)
    0x080001e0   0x080001e0   0x00000008   Code   RO         5473    .ARM.Collect$$$$0000000B  mc_w.l(entry9a.o)
    0x080001e8   0x080001e8   0x00000000   Code   RO         5475    .ARM.Collect$$$$0000000D  mc_w.l(entry10a.o)
    0x080001e8   0x080001e8   0x00000000   Code   RO         5477    .ARM.Collect$$$$0000000F  mc_w.l(entry11a.o)
    0x080001e8   0x080001e8   0x00000004   Code   RO         5466    .ARM.Collect$$$$00002712  mc_w.l(entry2.o)
    0x080001ec   0x080001ec   0x00000024   Code   RO            4    .text               startup_stm32g431xx.o
    0x08000210   0x08000210   0x00000062   Code   RO         5125    .text               mc_w.l(uldiv.o)
    0x08000272   0x08000272   0x00000024   Code   RO         5127    .text               mc_w.l(memcpya.o)
    0x08000296   0x08000296   0x00000024   Code   RO         5129    .text               mc_w.l(memseta.o)
    0x080002ba   0x080002ba   0x0000014e   Code   RO         5396    .text               mf_w.l(dadd.o)
    0x08000408   0x08000408   0x000000e4   Code   RO         5398    .text               mf_w.l(dmul.o)
    0x080004ec   0x080004ec   0x000000de   Code   RO         5400    .text               mf_w.l(ddiv.o)
    0x080005ca   0x080005ca   0x00000036   Code   RO         5402    .text               mf_w.l(dcmplt.o)
    0x08000600   0x08000600   0x00000036   Code   RO         5404    .text               mf_w.l(dcmpgt.o)
    0x08000636   0x08000636   0x00000026   Code   RO         5406    .text               mf_w.l(f2d.o)
    0x0800065c   0x0800065c   0x00000038   Code   RO         5408    .text               mf_w.l(d2f.o)
    0x08000694   0x08000694   0x0000001e   Code   RO         5482    .text               mc_w.l(llshl.o)
    0x080006b2   0x080006b2   0x00000020   Code   RO         5484    .text               mc_w.l(llushr.o)
    0x080006d2   0x080006d2   0x00000024   Code   RO         5486    .text               mc_w.l(llsshr.o)
    0x080006f6   0x080006f6   0x00000000   Code   RO         5495    .text               mc_w.l(iusefp.o)
    0x080006f6   0x080006f6   0x0000006e   Code   RO         5496    .text               mf_w.l(fepilogue.o)
    0x08000764   0x08000764   0x000000ba   Code   RO         5498    .text               mf_w.l(depilogue.o)
    0x0800081e   0x0800081e   0x000000a2   Code   RO         5502    .text               mf_w.l(dsqrt.o)
    0x080008c0   0x080008c0   0x00000024   Code   RO         5518    .text               mc_w.l(init.o)
    0x080008e4   0x080008e4   0x00000022   Code   RO         5520    .text               mf_w.l(dflti.o)
    0x08000906   0x08000906   0x0000001a   Code   RO         5522    .text               mf_w.l(dfltui.o)
    0x08000920   0x08000920   0x0000003e   Code   RO         5524    .text               mf_w.l(dfixi.o)
    0x0800095e   0x0800095e   0x00000002   PAD
    0x08000960   0x08000960   0x00000184   Code   RO         4972    .text.filterCoeffs  imualgo_axis9.lib(vqf.o)
    0x08000ae4   0x08000ae4   0x00000004   PAD
    0x08000ae8   0x08000ae8   0x000007b0   Code   RO         4980    .text.filterVec     imualgo_axis9.lib(vqf.o)
    0x08001298   0x08001298   0x000000aa   Code   RO         4952    .text.getQuat6D     imualgo_axis9.lib(vqf.o)
    0x08001342   0x08001342   0x00000002   PAD
    0x08001344   0x08001344   0x00000010   Code   RO         4918    .text.init_state_recognition  imualgo_axis9.lib(qst_ahrs.o)
    0x08001354   0x08001354   0x00000004   PAD
    0x08001358   0x08001358   0x00000280   Code   RO         4988    .text.matrix3Inv    imualgo_axis9.lib(vqf.o)
    0x080015d8   0x080015d8   0x00000080   Code   RO         4946    .text.params_init   imualgo_axis9.lib(vqf.o)
    0x08001658   0x08001658   0x00000118   Code   RO         4932    .text.qst_fusion_update  imualgo_axis9.lib(qst_ahrs.o)
    0x08001770   0x08001770   0x0000001c   Code   RO         4926    .text.qst_vqf_init  imualgo_axis9.lib(qst_ahrs.o)
    0x0800178c   0x0800178c   0x00000164   Code   RO         4948    .text.setup         imualgo_axis9.lib(vqf.o)
    0x080018f0   0x080018f0   0x000010e6   Code   RO         4950    .text.update6D      imualgo_axis9.lib(vqf.o)
    0x080029d6   0x080029d6   0x00000002   PAD
    0x080029d8   0x080029d8   0x0000037c   Code   RO         4924    .text.vqf_enter_core  imualgo_axis9.lib(qst_ahrs.o)
    0x08002d54   0x08002d54   0x00000018   Code   RO         1549    i.ADC1_2_IRQHandler  stm32g4xx_it.o
    0x08002d6c   0x08002d6c   0x00000092   Code   RO         1698    i.ADC_DMAConvCplt   stm32g4xx_hal_adc.o
    0x08002dfe   0x08002dfe   0x0000001e   Code   RO         1699    i.ADC_DMAError      stm32g4xx_hal_adc.o
    0x08002e1c   0x08002e1c   0x0000000e   Code   RO         1700    i.ADC_DMAHalfConvCplt  stm32g4xx_hal_adc.o
    0x08002e2a   0x08002e2a   0x00000002   PAD
    0x08002e2c   0x08002e2c   0x000000c8   Code   RO         1702    i.ADC_Enable        stm32g4xx_hal_adc.o
    0x08002ef4   0x08002ef4   0x00000004   Code   RO         1550    i.BusFault_Handler  stm32g4xx_it.o
    0x08002ef8   0x08002ef8   0x00000010   Code   RO         1551    i.DMA1_Channel1_IRQHandler  stm32g4xx_it.o
    0x08002f08   0x08002f08   0x00000010   Code   RO         1552    i.DMA1_Channel2_IRQHandler  stm32g4xx_it.o
    0x08002f18   0x08002f18   0x00000010   Code   RO         1553    i.DMA1_Channel3_IRQHandler  stm32g4xx_it.o
    0x08002f28   0x08002f28   0x00000010   Code   RO         1554    i.DMA1_Channel4_IRQHandler  stm32g4xx_it.o
    0x08002f38   0x08002f38   0x00000010   Code   RO         1555    i.DMA1_Channel5_IRQHandler  stm32g4xx_it.o
    0x08002f48   0x08002f48   0x00000044   Code   RO         3120    i.DMA_CalcDMAMUXChannelBaseAndMask  stm32g4xx_hal_dma.o
    0x08002f8c   0x08002f8c   0x00000024   Code   RO         3121    i.DMA_CalcDMAMUXRequestGenBaseAndMask  stm32g4xx_hal_dma.o
    0x08002fb0   0x08002fb0   0x00000040   Code   RO         3122    i.DMA_SetConfig     stm32g4xx_hal_dma.o
    0x08002ff0   0x08002ff0   0x00000002   Code   RO         1556    i.DebugMon_Handler  stm32g4xx_it.o
    0x08002ff2   0x08002ff2   0x00000006   Code   RO         1274    i.Error_Handler     main.o
    0x08002ff8   0x08002ff8   0x00000078   Code   RO         2815    i.FLASH_FlushCaches  stm32g4xx_hal_flash_ex.o
    0x08003070   0x08003070   0x00000024   Code   RO         2816    i.FLASH_MassErase   stm32g4xx_hal_flash_ex.o
    0x08003094   0x08003094   0x0000002c   Code   RO         2829    i.FLASH_PageErase   stm32g4xx_hal_flash_ex.o
    0x080030c0   0x080030c0   0x00000028   Code   RO         2706    i.FLASH_Program_DoubleWord  stm32g4xx_hal_flash.o
    0x080030e8   0x080030e8   0x00000040   Code   RO         2707    i.FLASH_Program_Fast  stm32g4xx_hal_flash.o
    0x08003128   0x08003128   0x0000008c   Code   RO         2708    i.FLASH_WaitForLastOperation  stm32g4xx_hal_flash.o
    0x080031b4   0x080031b4   0x0000005c   Code   RO          851    i.Flash_EraseParamPage  app_internal_flash.o
    0x08003210   0x08003210   0x00000014   Code   RO          852    i.Flash_ReadParams  app_internal_flash.o
    0x08003224   0x08003224   0x00000064   Code   RO          943    i.Flash_Read_COD    g_sensor.o
    0x08003288   0x08003288   0x00000074   Code   RO          853    i.Flash_WriteParams  app_internal_flash.o
    0x080032fc   0x080032fc   0x00000058   Code   RO          944    i.Flash_Write_COD   g_sensor.o
    0x08003354   0x08003354   0x00000002   Code   RO         1979    i.HAL_ADCEx_EndOfSamplingCallback  stm32g4xx_hal_adc_ex.o
    0x08003356   0x08003356   0x00000002   Code   RO         1982    i.HAL_ADCEx_InjectedConvCpltCallback  stm32g4xx_hal_adc_ex.o
    0x08003358   0x08003358   0x00000002   Code   RO         1985    i.HAL_ADCEx_InjectedQueueOverflowCallback  stm32g4xx_hal_adc_ex.o
    0x0800335a   0x0800335a   0x00000002   Code   RO         1990    i.HAL_ADCEx_LevelOutOfWindow2Callback  stm32g4xx_hal_adc_ex.o
    0x0800335c   0x0800335c   0x00000002   Code   RO         1991    i.HAL_ADCEx_LevelOutOfWindow3Callback  stm32g4xx_hal_adc_ex.o
    0x0800335e   0x0800335e   0x00000002   PAD
    0x08003360   0x08003360   0x0000010c   Code   RO         1992    i.HAL_ADCEx_MultiModeConfigChannel  stm32g4xx_hal_adc_ex.o
    0x0800346c   0x0800346c   0x00000508   Code   RO         1704    i.HAL_ADC_ConfigChannel  stm32g4xx_hal_adc.o
    0x08003974   0x08003974   0x0000002c   Code   RO          272    i.HAL_ADC_ConvCpltCallback  main_task.o
    0x080039a0   0x080039a0   0x00000002   Code   RO         1706    i.HAL_ADC_ConvHalfCpltCallback  stm32g4xx_hal_adc.o
    0x080039a2   0x080039a2   0x00000002   Code   RO         1708    i.HAL_ADC_ErrorCallback  stm32g4xx_hal_adc.o
    0x080039a4   0x080039a4   0x00000330   Code   RO         1712    i.HAL_ADC_IRQHandler  stm32g4xx_hal_adc.o
    0x08003cd4   0x08003cd4   0x0000025c   Code   RO         1713    i.HAL_ADC_Init      stm32g4xx_hal_adc.o
    0x08003f30   0x08003f30   0x00000002   Code   RO         1714    i.HAL_ADC_LevelOutOfWindowCallback  stm32g4xx_hal_adc.o
    0x08003f32   0x08003f32   0x00000002   PAD
    0x08003f34   0x08003f34   0x000001c4   Code   RO         1351    i.HAL_ADC_MspInit   adc.o
    0x080040f8   0x080040f8   0x00000114   Code   RO         1721    i.HAL_ADC_Start_DMA  stm32g4xx_hal_adc.o
    0x0800420c   0x0800420c   0x00000076   Code   RO         3123    i.HAL_DMA_Abort     stm32g4xx_hal_dma.o
    0x08004282   0x08004282   0x00000094   Code   RO         3124    i.HAL_DMA_Abort_IT  stm32g4xx_hal_dma.o
    0x08004316   0x08004316   0x000000fe   Code   RO         3128    i.HAL_DMA_IRQHandler  stm32g4xx_hal_dma.o
    0x08004414   0x08004414   0x000000d0   Code   RO         3129    i.HAL_DMA_Init      stm32g4xx_hal_dma.o
    0x080044e4   0x080044e4   0x000000c2   Code   RO         3133    i.HAL_DMA_Start_IT  stm32g4xx_hal_dma.o
    0x080045a6   0x080045a6   0x00000002   PAD
    0x080045a8   0x080045a8   0x00000028   Code   RO         2216    i.HAL_Delay         stm32g4xx_hal.o
    0x080045d0   0x080045d0   0x00000100   Code   RO         2833    i.HAL_FLASHEx_Erase  stm32g4xx_hal_flash_ex.o
    0x080046d0   0x080046d0   0x00000020   Code   RO         2712    i.HAL_FLASH_Lock    stm32g4xx_hal_flash.o
    0x080046f0   0x080046f0   0x000000c0   Code   RO         2717    i.HAL_FLASH_Program  stm32g4xx_hal_flash.o
    0x080047b0   0x080047b0   0x00000030   Code   RO         2719    i.HAL_FLASH_Unlock  stm32g4xx_hal_flash.o
    0x080047e0   0x080047e0   0x000001cc   Code   RO         2985    i.HAL_GPIO_Init     stm32g4xx_hal_gpio.o
    0x080049ac   0x080049ac   0x00000010   Code   RO         2987    i.HAL_GPIO_ReadPin  stm32g4xx_hal_gpio.o
    0x080049bc   0x080049bc   0x0000000a   Code   RO         2989    i.HAL_GPIO_WritePin  stm32g4xx_hal_gpio.o
    0x080049c6   0x080049c6   0x00000002   PAD
    0x080049c8   0x080049c8   0x0000000c   Code   RO         2220    i.HAL_GetTick       stm32g4xx_hal.o
    0x080049d4   0x080049d4   0x0000006a   Code   RO         4251    i.HAL_I2CEx_ConfigAnalogFilter  stm32g4xx_hal_i2c_ex.o
    0x08004a3e   0x08004a3e   0x00000068   Code   RO         4252    i.HAL_I2CEx_ConfigDigitalFilter  stm32g4xx_hal_i2c_ex.o
    0x08004aa6   0x08004aa6   0x00000002   PAD
    0x08004aa8   0x08004aa8   0x000000d8   Code   RO         3790    i.HAL_I2C_Init      stm32g4xx_hal_i2c.o
    0x08004b80   0x08004b80   0x00000164   Code   RO         3796    i.HAL_I2C_Master_Receive  stm32g4xx_hal_i2c.o
    0x08004ce4   0x08004ce4   0x00000190   Code   RO         3803    i.HAL_I2C_Master_Transmit  stm32g4xx_hal_i2c.o
    0x08004e74   0x08004e74   0x000000cc   Code   RO         1424    i.HAL_I2C_MspInit   i2c.o
    0x08004f40   0x08004f40   0x00000070   Code   RO         4305    i.HAL_IWDG_Init     stm32g4xx_hal_iwdg.o
    0x08004fb0   0x08004fb0   0x0000000e   Code   RO         4306    i.HAL_IWDG_Refresh  stm32g4xx_hal_iwdg.o
    0x08004fbe   0x08004fbe   0x00000002   PAD
    0x08004fc0   0x08004fc0   0x00000018   Code   RO         2226    i.HAL_IncTick       stm32g4xx_hal.o
    0x08004fd8   0x08004fd8   0x0000001e   Code   RO         2227    i.HAL_Init          stm32g4xx_hal.o
    0x08004ff6   0x08004ff6   0x00000002   PAD
    0x08004ff8   0x08004ff8   0x00000058   Code   RO         2228    i.HAL_InitTick      stm32g4xx_hal.o
    0x08005050   0x08005050   0x00000044   Code   RO         1673    i.HAL_MspInit       stm32g4xx_hal_msp.o
    0x08005094   0x08005094   0x00000028   Code   RO         3634    i.HAL_NVIC_EnableIRQ  stm32g4xx_hal_cortex.o
    0x080050bc   0x080050bc   0x0000007a   Code   RO         3640    i.HAL_NVIC_SetPriority  stm32g4xx_hal_cortex.o
    0x08005136   0x08005136   0x00000002   PAD
    0x08005138   0x08005138   0x00000028   Code   RO         3641    i.HAL_NVIC_SetPriorityGrouping  stm32g4xx_hal_cortex.o
    0x08005160   0x08005160   0x00000118   Code   RO         3388    i.HAL_PWREx_ControlVoltageScaling  stm32g4xx_hal_pwr_ex.o
    0x08005278   0x08005278   0x00000014   Code   RO         3400    i.HAL_PWREx_DisableUCPDDeadBattery  stm32g4xx_hal_pwr_ex.o
    0x0800528c   0x0800528c   0x00000370   Code   RO         2592    i.HAL_RCCEx_PeriphCLKConfig  stm32g4xx_hal_rcc_ex.o
    0x080055fc   0x080055fc   0x00000224   Code   RO         2462    i.HAL_RCC_ClockConfig  stm32g4xx_hal_rcc.o
    0x08005820   0x08005820   0x0000000c   Code   RO         2468    i.HAL_RCC_GetHCLKFreq  stm32g4xx_hal_rcc.o
    0x0800582c   0x0800582c   0x00000024   Code   RO         2470    i.HAL_RCC_GetPCLK1Freq  stm32g4xx_hal_rcc.o
    0x08005850   0x08005850   0x00000024   Code   RO         2471    i.HAL_RCC_GetPCLK2Freq  stm32g4xx_hal_rcc.o
    0x08005874   0x08005874   0x00000098   Code   RO         2472    i.HAL_RCC_GetSysClockFreq  stm32g4xx_hal_rcc.o
    0x0800590c   0x0800590c   0x0000055c   Code   RO         2475    i.HAL_RCC_OscConfig  stm32g4xx_hal_rcc.o
    0x08005e68   0x08005e68   0x00000028   Code   RO         3643    i.HAL_SYSTICK_CLKSourceConfig  stm32g4xx_hal_cortex.o
    0x08005e90   0x08005e90   0x00000034   Code   RO         3645    i.HAL_SYSTICK_Config  stm32g4xx_hal_cortex.o
    0x08005ec4   0x08005ec4   0x0000004e   Code   RO         4760    i.HAL_UARTEx_DisableFifoMode  stm32g4xx_hal_uart_ex.o
    0x08005f12   0x08005f12   0x00000002   Code   RO         4344    i.HAL_UARTEx_RxEventCallback  stm32g4xx_hal_uart.o
    0x08005f14   0x08005f14   0x00000002   Code   RO         4768    i.HAL_UARTEx_RxFifoFullCallback  stm32g4xx_hal_uart_ex.o
    0x08005f16   0x08005f16   0x0000005e   Code   RO         4769    i.HAL_UARTEx_SetRxFifoThreshold  stm32g4xx_hal_uart_ex.o
    0x08005f74   0x08005f74   0x0000005e   Code   RO         4770    i.HAL_UARTEx_SetTxFifoThreshold  stm32g4xx_hal_uart_ex.o
    0x08005fd2   0x08005fd2   0x00000002   Code   RO         4772    i.HAL_UARTEx_TxFifoEmptyCallback  stm32g4xx_hal_uart_ex.o
    0x08005fd4   0x08005fd4   0x00000002   Code   RO         4773    i.HAL_UARTEx_WakeupCallback  stm32g4xx_hal_uart_ex.o
    0x08005fd6   0x08005fd6   0x00000002   Code   RO         4360    i.HAL_UART_ErrorCallback  stm32g4xx_hal_uart.o
    0x08005fd8   0x08005fd8   0x000003d0   Code   RO         4363    i.HAL_UART_IRQHandler  stm32g4xx_hal_uart.o
    0x080063a8   0x080063a8   0x00000078   Code   RO         4364    i.HAL_UART_Init     stm32g4xx_hal_uart.o
    0x08006420   0x08006420   0x000001e0   Code   RO         1496    i.HAL_UART_MspInit  usart.o
    0x08006600   0x08006600   0x000000c2   Code   RO         4373    i.HAL_UART_Transmit  stm32g4xx_hal_uart.o
    0x080066c2   0x080066c2   0x00000002   PAD
    0x080066c4   0x080066c4   0x000000a0   Code   RO         4374    i.HAL_UART_Transmit_DMA  stm32g4xx_hal_uart.o
    0x08006764   0x08006764   0x0000003c   Code   RO          273    i.HAL_UART_TxCpltCallback  main_task.o
    0x080067a0   0x080067a0   0x00000002   Code   RO         4377    i.HAL_UART_TxHalfCpltCallback  stm32g4xx_hal_uart.o
    0x080067a2   0x080067a2   0x00000004   Code   RO         1557    i.HardFault_Handler  stm32g4xx_it.o
    0x080067a6   0x080067a6   0x00000028   Code   RO         3837    i.I2C_Flush_TXDR    stm32g4xx_hal_i2c.o
    0x080067ce   0x080067ce   0x00000002   PAD
    0x080067d0   0x080067d0   0x00000130   Code   RO         3845    i.I2C_IsErrorOccurred  stm32g4xx_hal_i2c.o
    0x08006900   0x08006900   0x00000038   Code   RO         3854    i.I2C_TransferConfig  stm32g4xx_hal_i2c.o
    0x08006938   0x08006938   0x00000082   Code   RO         3856    i.I2C_WaitOnFlagUntilTimeout  stm32g4xx_hal_i2c.o
    0x080069ba   0x080069ba   0x00000002   PAD
    0x080069bc   0x080069bc   0x000000c4   Code   RO         3857    i.I2C_WaitOnRXNEFlagUntilTimeout  stm32g4xx_hal_i2c.o
    0x08006a80   0x08006a80   0x00000060   Code   RO         3858    i.I2C_WaitOnSTOPFlagUntilTimeout  stm32g4xx_hal_i2c.o
    0x08006ae0   0x08006ae0   0x00000064   Code   RO         3859    i.I2C_WaitOnTXISFlagUntilTimeout  stm32g4xx_hal_i2c.o
    0x08006b44   0x08006b44   0x00000010   Code   RO         1727    i.LL_ADC_Enable     stm32g4xx_hal_adc.o
    0x08006b54   0x08006b54   0x0000000a   Code   RO         1728    i.LL_ADC_GetMultimode  stm32g4xx_hal_adc.o
    0x08006b5e   0x08006b5e   0x00000012   Code   RO         1729    i.LL_ADC_GetOffsetChannel  stm32g4xx_hal_adc.o
    0x08006b70   0x08006b70   0x0000000a   Code   RO         1730    i.LL_ADC_INJ_IsConversionOngoing  stm32g4xx_hal_adc.o
    0x08006b7a   0x08006b7a   0x0000000a   Code   RO         1732    i.LL_ADC_IsEnabled  stm32g4xx_hal_adc.o
    0x08006b84   0x08006b84   0x0000000a   Code   RO         2004    i.LL_ADC_IsEnabled  stm32g4xx_hal_adc_ex.o
    0x08006b8e   0x08006b8e   0x0000000a   Code   RO         1733    i.LL_ADC_IsInternalRegulatorEnabled  stm32g4xx_hal_adc.o
    0x08006b98   0x08006b98   0x0000000a   Code   RO         1734    i.LL_ADC_REG_IsConversionOngoing  stm32g4xx_hal_adc.o
    0x08006ba2   0x08006ba2   0x0000000a   Code   RO         2005    i.LL_ADC_REG_IsConversionOngoing  stm32g4xx_hal_adc_ex.o
    0x08006bac   0x08006bac   0x00000012   Code   RO         1735    i.LL_ADC_REG_IsTriggerSourceSWStart  stm32g4xx_hal_adc.o
    0x08006bbe   0x08006bbe   0x00000002   PAD
    0x08006bc0   0x08006bc0   0x00000010   Code   RO         1736    i.LL_ADC_REG_StartConversion  stm32g4xx_hal_adc.o
    0x08006bd0   0x08006bd0   0x00000028   Code   RO         1738    i.LL_ADC_SetChannelSamplingTime  stm32g4xx_hal_adc.o
    0x08006bf8   0x08006bf8   0x0000000c   Code   RO         1739    i.LL_ADC_SetCommonPathInternalCh  stm32g4xx_hal_adc.o
    0x08006c04   0x08006c04   0x00000016   Code   RO         1740    i.LL_ADC_SetOffsetState  stm32g4xx_hal_adc.o
    0x08006c1a   0x08006c1a   0x0000000c   Code   RO         1741    i.LL_ADC_SetSamplingTimeCommonConfig  stm32g4xx_hal_adc.o
    0x08006c26   0x08006c26   0x00000002   PAD
    0x08006c28   0x08006c28   0x000000a4   Code   RO         1352    i.MX_ADC1_Init      adc.o
    0x08006ccc   0x08006ccc   0x0000008c   Code   RO         1353    i.MX_ADC2_Init      adc.o
    0x08006d58   0x08006d58   0x00000090   Code   RO         1399    i.MX_DMA_Init       dma.o
    0x08006de8   0x08006de8   0x0000019c   Code   RO         1326    i.MX_GPIO_Init      gpio.o
    0x08006f84   0x08006f84   0x00000058   Code   RO         1425    i.MX_I2C3_Init      i2c.o
    0x08006fdc   0x08006fdc   0x0000002c   Code   RO         1465    i.MX_IWDG_Init      iwdg.o
    0x08007008   0x08007008   0x0000006c   Code   RO         1497    i.MX_USART1_UART_Init  usart.o
    0x08007074   0x08007074   0x0000006c   Code   RO         1498    i.MX_USART2_UART_Init  usart.o
    0x080070e0   0x080070e0   0x00000004   Code   RO         1558    i.MemManage_Handler  stm32g4xx_it.o
    0x080070e4   0x080070e4   0x00000004   Code   RO         1559    i.NMI_Handler       stm32g4xx_it.o
    0x080070e8   0x080070e8   0x00000002   Code   RO         1560    i.PendSV_Handler    stm32g4xx_it.o
    0x080070ea   0x080070ea   0x00000002   PAD
    0x080070ec   0x080070ec   0x00000068   Code   RO         2476    i.RCC_GetSysClockFreqFromPLLSource  stm32g4xx_hal_rcc.o
    0x08007154   0x08007154   0x00000002   Code   RO         1561    i.SVC_Handler       stm32g4xx_it.o
    0x08007156   0x08007156   0x00000008   Code   RO         1562    i.SysTick_Handler   stm32g4xx_it.o
    0x0800715e   0x0800715e   0x0000006e   Code   RO         1275    i.SystemClock_Config  main.o
    0x080071cc   0x080071cc   0x00000014   Code   RO         4884    i.SystemInit        system_stm32g4xx.o
    0x080071e0   0x080071e0   0x00000058   Code   RO         4774    i.UARTEx_SetNbDataToProcess  stm32g4xx_hal_uart_ex.o
    0x08007238   0x08007238   0x000000f8   Code   RO         4378    i.UART_AdvFeatureConfig  stm32g4xx_hal_uart.o
    0x08007330   0x08007330   0x000000ea   Code   RO         4379    i.UART_CheckIdleState  stm32g4xx_hal_uart.o
    0x0800741a   0x0800741a   0x00000014   Code   RO         4380    i.UART_DMAAbortOnError  stm32g4xx_hal_uart.o
    0x0800742e   0x0800742e   0x0000005e   Code   RO         4381    i.UART_DMAError     stm32g4xx_hal_uart.o
    0x0800748c   0x0800748c   0x00000056   Code   RO         4386    i.UART_DMATransmitCplt  stm32g4xx_hal_uart.o
    0x080074e2   0x080074e2   0x0000000e   Code   RO         4388    i.UART_DMATxHalfCplt  stm32g4xx_hal_uart.o
    0x080074f0   0x080074f0   0x0000006c   Code   RO         4390    i.UART_EndRxTransfer  stm32g4xx_hal_uart.o
    0x0800755c   0x0800755c   0x00000030   Code   RO         4391    i.UART_EndTransmit_IT  stm32g4xx_hal_uart.o
    0x0800758c   0x0800758c   0x00000040   Code   RO         4392    i.UART_EndTxTransfer  stm32g4xx_hal_uart.o
    0x080075cc   0x080075cc   0x00000384   Code   RO         4397    i.UART_SetConfig    stm32g4xx_hal_uart.o
    0x08007950   0x08007950   0x000000ac   Code   RO         4404    i.UART_WaitOnFlagUntilTimeout  stm32g4xx_hal_uart.o
    0x080079fc   0x080079fc   0x00000010   Code   RO         1563    i.USART1_IRQHandler  stm32g4xx_it.o
    0x08007a0c   0x08007a0c   0x00000010   Code   RO         1564    i.USART2_IRQHandler  stm32g4xx_it.o
    0x08007a1c   0x08007a1c   0x00000004   Code   RO         1565    i.UsageFault_Handler  stm32g4xx_it.o
    0x08007a20   0x08007a20   0x00000020   Code   RO         5342    i.__0printf$8       mc_w.l(printf8.o)
    0x08007a40   0x08007a40   0x00000030   Code   RO         5516    i.__ARM_fpclassify  m_wm.l(fpclassify.o)
    0x08007a70   0x08007a70   0x00000026   Code   RO         5427    i.__ARM_fpclassifyf  m_wm.l(fpclassifyf.o)
    0x08007a96   0x08007a96   0x00000002   PAD
    0x08007a98   0x08007a98   0x00000010   Code   RO         3647    i.__NVIC_GetPriorityGrouping  stm32g4xx_hal_cortex.o
    0x08007aa8   0x08007aa8   0x00000028   Code   RO         3648    i.__NVIC_SetPriority  stm32g4xx_hal_cortex.o
    0x08007ad0   0x08007ad0   0x00000358   Code   RO         5000    i.__hardfp_acos     m_wm.l(acos.o)
    0x08007e28   0x08007e28   0x0000012c   Code   RO         5014    i.__hardfp_asinf    m_wm.l(asinf.o)
    0x08007f54   0x08007f54   0x00000250   Code   RO         5026    i.__hardfp_atan2f   m_wm.l(atan2f.o)
    0x080081a4   0x080081a4   0x00000004   PAD
    0x080081a8   0x080081a8   0x000000c8   Code   RO         5038    i.__hardfp_cos      m_wm.l(cos.o)
    0x08008270   0x08008270   0x00000150   Code   RO         5050    i.__hardfp_cosf     m_wm.l(cosf.o)
    0x080083c0   0x080083c0   0x000000c8   Code   RO         5062    i.__hardfp_sin      m_wm.l(sin.o)
    0x08008488   0x08008488   0x00000190   Code   RO         5074    i.__hardfp_sinf     m_wm.l(sinf.o)
    0x08008618   0x08008618   0x0000007a   Code   RO         5086    i.__hardfp_sqrt     m_wm.l(sqrt.o)
    0x08008692   0x08008692   0x0000003a   Code   RO         5098    i.__hardfp_sqrtf    m_wm.l(sqrtf.o)
    0x080086cc   0x080086cc   0x00000004   PAD
    0x080086d0   0x080086d0   0x00000080   Code   RO         5110    i.__hardfp_tan      m_wm.l(tan.o)
    0x08008750   0x08008750   0x00000438   Code   RO         5445    i.__ieee754_rem_pio2  m_wm.l(rred.o)
    0x08008b88   0x08008b88   0x00000170   Code   RO         5410    i.__kernel_cos      m_wm.l(cos_i.o)
    0x08008cf8   0x08008cf8   0x000000f8   Code   RO         5443    i.__kernel_poly     m_wm.l(poly.o)
    0x08008df0   0x08008df0   0x00000130   Code   RO         5453    i.__kernel_sin      m_wm.l(sin_i.o)
    0x08008f20   0x08008f20   0x00000350   Code   RO         5459    i.__kernel_tan      m_wm.l(tan_i.o)
    0x08009270   0x08009270   0x00000014   Code   RO         5414    i.__mathlib_dbl_infnan  m_wm.l(dunder.o)
    0x08009284   0x08009284   0x00000004   PAD
    0x08009288   0x08009288   0x00000020   Code   RO         5416    i.__mathlib_dbl_invalid  m_wm.l(dunder.o)
    0x080092a8   0x080092a8   0x00000020   Code   RO         5419    i.__mathlib_dbl_underflow  m_wm.l(dunder.o)
    0x080092c8   0x080092c8   0x00000006   Code   RO         5430    i.__mathlib_flt_infnan  m_wm.l(funder.o)
    0x080092ce   0x080092ce   0x00000006   Code   RO         5431    i.__mathlib_flt_infnan2  m_wm.l(funder.o)
    0x080092d4   0x080092d4   0x00000010   Code   RO         5432    i.__mathlib_flt_invalid  m_wm.l(funder.o)
    0x080092e4   0x080092e4   0x00000010   Code   RO         5435    i.__mathlib_flt_underflow  m_wm.l(funder.o)
    0x080092f4   0x080092f4   0x00000154   Code   RO         5450    i.__mathlib_rredf2  m_wm.l(rredf.o)
    0x08009448   0x08009448   0x0000000e   Code   RO         5528    i.__scatterload_copy  mc_w.l(handlers.o)
    0x08009456   0x08009456   0x00000002   Code   RO         5529    i.__scatterload_null  mc_w.l(handlers.o)
    0x08009458   0x08009458   0x0000000e   Code   RO         5530    i.__scatterload_zeroinit  mc_w.l(handlers.o)
    0x08009466   0x08009466   0x00000002   PAD
    0x08009468   0x08009468   0x0000000c   Code   RO         5490    i.__set_errno       mc_w.l(errno.o)
    0x08009474   0x08009474   0x00000410   Code   RO         5349    i._printf_core      mc_w.l(printf8.o)
    0x08009884   0x08009884   0x00000024   Code   RO         5350    i._printf_post_padding  mc_w.l(printf8.o)
    0x080098a8   0x080098a8   0x0000002e   Code   RO         5351    i._printf_pre_padding  mc_w.l(printf8.o)
    0x080098d6   0x080098d6   0x00000002   PAD
    0x080098d8   0x080098d8   0x00000124   Code   RO          684    i.accel_check_and_normalize  mems.o
    0x080099fc   0x080099fc   0x00000048   Code   RO          274    i.adc_data_handler_with_idx  main_task.o
    0x08009a44   0x08009a44   0x0000002c   Code   RO          586    i.all_led_off       led.o
    0x08009a70   0x08009a70   0x00000034   Code   RO          945    i.atk_qmi8568_read_nbytes  g_sensor.o
    0x08009aa4   0x08009aa4   0x000000e0   Code   RO          946    i.atk_qmi8658_calibration  g_sensor.o
    0x08009b84   0x08009b84   0x000000ac   Code   RO          947    i.atk_qmi8658_check_whoami  g_sensor.o
    0x08009c30   0x08009c30   0x000000b8   Code   RO          948    i.atk_qmi8658_config_acc  g_sensor.o
    0x08009ce8   0x08009ce8   0x000000e0   Code   RO          949    i.atk_qmi8658_config_gyro  g_sensor.o
    0x08009dc8   0x08009dc8   0x00000070   Code   RO          950    i.atk_qmi8658_config_reg  g_sensor.o
    0x08009e38   0x08009e38   0x00000020   Code   RO          951    i.atk_qmi8658_enablesensors  g_sensor.o
    0x08009e58   0x08009e58   0x00000110   Code   RO          952    i.atk_qmi8658_init  g_sensor.o
    0x08009f68   0x08009f68   0x00000034   Code   RO          953    i.atk_qmi8658_read_byte  g_sensor.o
    0x08009f9c   0x08009f9c   0x000001fc   Code   RO          954    i.atk_qmi8658_read_sensor_data  g_sensor.o
    0x0800a198   0x0800a198   0x000000c8   Code   RO          955    i.atk_qmi8658_read_xyz  g_sensor.o
    0x0800a260   0x0800a260   0x00000012   Code   RO          956    i.atk_qmi8658_reset  g_sensor.o
    0x0800a272   0x0800a272   0x00000002   PAD
    0x0800a274   0x0800a274   0x00000028   Code   RO          957    i.atk_qmi8658_write_byte  g_sensor.o
    0x0800a29c   0x0800a29c   0x00000050   Code   RO          385    i.bat_task          bat_val.o
    0x0800a2ec   0x0800a2ec   0x000000a4   Code   RO          426    i.bl_link_status_check  bl.o
    0x0800a390   0x0800a390   0x0000004c   Code   RO          587    i.blink_blue        led.o
    0x0800a3dc   0x0800a3dc   0x0000001e   Code   RO          958    i.change_xy         g_sensor.o
    0x0800a3fa   0x0800a3fa   0x00000002   PAD
    0x0800a3fc   0x0800a3fc   0x0000004c   Code   RO          654    i.charge_state_task  charge_state.o
    0x0800a448   0x0800a448   0x00000068   Code   RO          854    i.check_if_data_been_write  app_internal_flash.o
    0x0800a4b0   0x0800a4b0   0x00000034   Code   RO          809    i.check_mems_type   check_mems_type.o
    0x0800a4e4   0x0800a4e4   0x0000009c   Code   RO          685    i.convert_raw_to_units  mems.o
    0x0800a580   0x0800a580   0x00000060   Code   RO          386    i.count_bat_volt    bat_val.o
    0x0800a5e0   0x0800a5e0   0x00000014   Code   RO           13    i.delay_init        sys.o
    0x0800a5f4   0x0800a5f4   0x00000024   Code   RO           14    i.delay_ms          sys.o
    0x0800a618   0x0800a618   0x00000048   Code   RO           15    i.delay_us          sys.o
    0x0800a660   0x0800a660   0x00000016   Code   RO           16    i.ema_u16           sys.o
    0x0800a676   0x0800a676   0x000000e2   Code   RO          686    i.euler_zyx_to_quat  mems.o
    0x0800a758   0x0800a758   0x00000018   Code   RO         5512    i.fabs              m_wm.l(fabs.o)
    0x0800a770   0x0800a770   0x00000010   Code   RO           17    i.feed_iwdg         sys.o
    0x0800a780   0x0800a780   0x00000044   Code   RO          275    i.fill_tx_data      main_task.o
    0x0800a7c4   0x0800a7c4   0x00000050   Code   RO          855    i.flash_write_cali_data  app_internal_flash.o
    0x0800a814   0x0800a814   0x0000001c   Code   RO         1499    i.fputc             usart.o
    0x0800a830   0x0800a830   0x00000094   Code   RO          959    i.gsensor_task      g_sensor.o
    0x0800a8c4   0x0800a8c4   0x00000034   Code   RO         1112    i.icm42688_iic_read_reg  icm42688_hard_i2c.o
    0x0800a8f8   0x0800a8f8   0x00000034   Code   RO         1113    i.icm42688_iic_read_regs  icm42688_hard_i2c.o
    0x0800a92c   0x0800a92c   0x00000028   Code   RO         1114    i.icm42688_iic_write_reg  icm42688_hard_i2c.o
    0x0800a954   0x0800a954   0x00000086   Code   RO         1115    i.icm42688_init     icm42688_hard_i2c.o
    0x0800a9da   0x0800a9da   0x00000002   PAD
    0x0800a9dc   0x0800a9dc   0x00000150   Code   RO          688    i.icm42688_pipeline_update  mems.o
    0x0800ab2c   0x0800ab2c   0x00000048   Code   RO         1117    i.icm42688_read_accel  icm42688_hard_i2c.o
    0x0800ab74   0x0800ab74   0x00000048   Code   RO         1118    i.icm42688_read_gyro  icm42688_hard_i2c.o
    0x0800abbc   0x0800abbc   0x00000058   Code   RO         1119    i.icm42688_set_acc_sens  icm42688_hard_i2c.o
    0x0800ac14   0x0800ac14   0x0000001c   Code   RO         1120    i.icm42688_set_gyro_sens  icm42688_hard_i2c.o
    0x0800ac30   0x0800ac30   0x00000062   Code   RO         1121    i.icm42688_set_power_ln_and_verify  icm42688_hard_i2c.o
    0x0800ac92   0x0800ac92   0x00000002   PAD
    0x0800ac94   0x0800ac94   0x00000074   Code   RO          276    i.imu_rest_cmd_task  main_task.o
    0x0800ad08   0x0800ad08   0x00000114   Code   RO          960    i.imu_static_calibration  g_sensor.o
    0x0800ae1c   0x0800ae1c   0x00000024   Code   RO          810    i.init_mems         check_mems_type.o
    0x0800ae40   0x0800ae40   0x00000024   Code   RO          689    i.inv_sqrtf         mems.o
    0x0800ae64   0x0800ae64   0x0000006c   Code   RO          690    i.is_stationary     mems.o
    0x0800aed0   0x0800aed0   0x00000068   Code   RO          550    i.key_task          key.o
    0x0800af38   0x0800af38   0x0000002c   Code   RO          588    i.led_ctl           led.o
    0x0800af64   0x0800af64   0x00000030   Code   RO          589    i.led_task          led.o
    0x0800af94   0x0800af94   0x000000bc   Code   RO          691    i.lowpass_acc_gyro  mems.o
    0x0800b050   0x0800b050   0x0000000e   Code   RO          692    i.lpf_init          mems.o
    0x0800b05e   0x0800b05e   0x0000003e   Code   RO          693    i.lpf_update_handle  mems.o
    0x0800b09c   0x0800b09c   0x0000035c   Code   RO          694    i.madgwick_update_imu  mems.o
    0x0800b3f8   0x0800b3f8   0x000000a8   Code   RO         1276    i.main              main.o
    0x0800b4a0   0x0800b4a0   0x00000060   Code   RO          277    i.main_task         main_task.o
    0x0800b500   0x0800b500   0x00000034   Code   RO         1125    i.map_vec3_by_orientation  icm42688_hard_i2c.o
    0x0800b534   0x0800b534   0x00000024   Code   RO          811    i.mems_task         check_mems_type.o
    0x0800b558   0x0800b558   0x00000078   Code   RO          695    i.online_bias_learn  mems.o
    0x0800b5d0   0x0800b5d0   0x000000b4   Code   RO          590    i.power_led_control  led.o
    0x0800b684   0x0800b684   0x0000004c   Code   RO          961    i.print_offset      g_sensor.o
    0x0800b6d0   0x0800b6d0   0x00000044   Code   RO          962    i.qmi8658_apply_gyr_gain  g_sensor.o
    0x0800b714   0x0800b714   0x00000054   Code   RO          963    i.qmi8658_get_gyro_gain  g_sensor.o
    0x0800b768   0x0800b768   0x000000fc   Code   RO          964    i.qmi8658_send_ctl9cmd  g_sensor.o
    0x0800b864   0x0800b864   0x00000094   Code   RO          965    i.qmi8658_task      g_sensor.o
    0x0800b8f8   0x0800b8f8   0x00000100   Code   RO          696    i.quat_to_euler_zyx  mems.o
    0x0800b9f8   0x0800b9f8   0x00000038   Code   RO          856    i.read_6_int16      app_internal_flash.o
    0x0800ba30   0x0800ba30   0x00000018   Code   RO          857    i.read_8_cali_data  app_internal_flash.o
    0x0800ba48   0x0800ba48   0x00000038   Code   RO          592    i.red_blink         led.o
    0x0800ba80   0x0800ba80   0x000000a4   Code   RO          858    i.save_6_int16      app_internal_flash.o
    0x0800bb24   0x0800bb24   0x00000014   Code   RO          859    i.save_8_cali_data  app_internal_flash.o
    0x0800bb38   0x0800bb38   0x0000007c   Code   RO          860    i.save_cali_data    app_internal_flash.o
    0x0800bbb4   0x0800bbb4   0x00000024   Code   RO          861    i.save_params       app_internal_flash.o
    0x0800bbd8   0x0800bbd8   0x000000a8   Code   RO          345    i.set_adc_ch        switch_hal.o
    0x0800bc80   0x0800bc80   0x00000024   Code   RO          346    i.set_channel_pin   switch_hal.o
    0x0800bca4   0x0800bca4   0x0000006e   Code   RO         5088    i.sqrt              m_wm.l(sqrt.o)
    0x0800bd12   0x0800bd12   0x0000003e   Code   RO         5100    i.sqrtf             m_wm.l(sqrtf.o)
    0x0800bd50   0x0800bd50   0x00000046   Code   RO         1250    i.start_control     start_control.o
    0x0800bd96   0x0800bd96   0x00000002   PAD
    0x0800bd98   0x0800bd98   0x000000b8   Code   RO          697    i.startup_bias_calib  mems.o
    0x0800be50   0x0800be50   0x00000028   Code   RO          347    i.stop_adc_ch       switch_hal.o
    0x0800be78   0x0800be78   0x00000016   Code   RO          551    i.sys_shutdown      key.o
    0x0800be8e   0x0800be8e   0x00000002   PAD
    0x0800be90   0x0800be90   0x00000084   Code   RO          279    i.uart_send         main_task.o
    0x0800bf14   0x0800bf14   0x00000030   Code   RO          698    i.vec_norm          mems.o
    0x0800bf44   0x0800bf44   0x00000030   Code   RO          593    i.white_led         led.o
    0x0800bf74   0x0800bf74   0x000000bc   Code   RO          699    i.yaw_hold_when_stationary  mems.o
    0x0800c030   0x0800c030   0x00000210   Data   RO          348    .constdata          switch_hal.o
    0x0800c240   0x0800c240   0x00000015   Data   RO          432    .constdata          bl.o
    0x0800c255   0x0800c255   0x0000000f   Data   RO          862    .constdata          app_internal_flash.o
    0x0800c264   0x0800c264   0x00000018   Data   RO         4405    .constdata          stm32g4xx_hal_uart.o
    0x0800c27c   0x0800c27c   0x00000010   Data   RO         4776    .constdata          stm32g4xx_hal_uart_ex.o
    0x0800c28c   0x0800c28c   0x00000018   Data   RO         4885    .constdata          system_stm32g4xx.o
    0x0800c2a4   0x0800c2a4   0x00000004   PAD
    0x0800c2a8   0x0800c2a8   0x00000050   Data   RO         5003    .constdata          m_wm.l(acos.o)
    0x0800c2f8   0x0800c2f8   0x00000030   Data   RO         5411    .constdata          m_wm.l(cos_i.o)
    0x0800c328   0x0800c328   0x000000c8   Data   RO         5447    .constdata          m_wm.l(rred.o)
    0x0800c3f0   0x0800c3f0   0x00000020   Data   RO         5451    .constdata          m_wm.l(rredf.o)
    0x0800c410   0x0800c410   0x00000028   Data   RO         5454    .constdata          m_wm.l(sin_i.o)
    0x0800c438   0x0800c438   0x00000060   Data   RO         5460    .constdata          m_wm.l(tan_i.o)
    0x0800c498   0x0800c498   0x00000042   Data   RO          967    .conststring        g_sensor.o
    0x0800c4da   0x0800c4da   0x00000002   PAD
    0x0800c4dc   0x0800c4dc   0x00000020   Data   RO         5526    Region$$Table       anon$$obj.o


    Execution Region RW_IRAM1 (Exec base: 0x20000000, Load base: 0x0800c4fc, Size: 0x00001898, Max: 0x00008000, ABSOLUTE)

    Exec Addr    Load Addr    Size         Type   Attr      Idx    E Section Name        Object

    0x20000000   0x0800c4fc   0x00000001   Data   RW           18    .data               sys.o
    0x20000001   0x0800c4fd   0x0000001c   Data   RW          281    .data               main_task.o
    0x2000001d   0x0800c519   0x00000003   PAD
    0x20000020   0x0800c51c   0x00000008   Data   RW          388    .data               bat_val.o
    0x20000028   0x0800c524   0x00000020   Data   RW          433    .data               bl.o
    0x20000048   0x0800c544   0x0000000c   Data   RW          552    .data               key.o
    0x20000054   0x0800c550   0x00000015   Data   RW          594    .data               led.o
    0x20000069   0x0800c565   0x00000003   PAD
    0x2000006c   0x0800c568   0x00000008   Data   RW          655    .data               charge_state.o
    0x20000074   0x0800c570   0x0000002c   Data   RW          701    .data               mems.o
    0x200000a0   0x0800c59c   0x00000001   Data   RW          812    .data               check_mems_type.o
    0x200000a1   0x0800c59d   0x00000001   Data   RW          863    .data               app_internal_flash.o
    0x200000a2   0x0800c59e   0x00000002   PAD
    0x200000a4   0x0800c5a0   0x00000038   Data   RW          968    .data               g_sensor.o
    0x200000dc   0x0800c5d8   0x00000008   Data   RW         1126    .data               icm42688_hard_i2c.o
    0x200000e4   0x0800c5e0   0x00000004   Data   RW         1355    .data               adc.o
    0x200000e8   0x0800c5e4   0x0000000c   Data   RW         2247    .data               stm32g4xx_hal.o
    0x200000f4   0x0800c5f0   0x00000020   Data   RW         2720    .data               stm32g4xx_hal_flash.o
    0x20000114   0x0800c610   0x00000004   Data   RW         4886    .data               system_stm32g4xx.o
    0x20000118   0x0800c614   0x00000004   Data   RW         5479    .data               mc_w.l(stdout.o)
    0x2000011c   0x0800c618   0x00000004   Data   RW         5491    .data               mc_w.l(errno.o)
    0x20000120   0x0800c61c   0x00000004   Data   RW         4936    .data.DT            imualgo_axis9.lib(qst_ahrs.o)
    0x20000124        -       0x00000656   Zero   RW          280    .bss                main_task.o
    0x2000077a        -       0x000003e8   Zero   RW          387    .bss                bat_val.o
    0x20000b62        -       0x00000134   Zero   RW          431    .bss                bl.o
    0x20000c96   0x0800c620   0x00000002   PAD
    0x20000c98        -       0x00000030   Zero   RW          700    .bss                mems.o
    0x20000cc8        -       0x000000b4   Zero   RW          966    .bss                g_sensor.o
    0x20000d7c        -       0x00000198   Zero   RW         1354    .bss                adc.o
    0x20000f14        -       0x00000054   Zero   RW         1426    .bss                i2c.o
    0x20000f68        -       0x00000010   Zero   RW         1466    .bss                iwdg.o
    0x20000f78        -       0x00000248   Zero   RW         1500    .bss                usart.o
    0x200011c0        -       0x00000038   Zero   RW         4937    .bss..L_MergedGlobals  imualgo_axis9.lib(qst_ahrs.o)
    0x200011f8        -       0x00000098   Zero   RW         4991    .bss.coeffs         imualgo_axis9.lib(vqf.o)
    0x20001290        -       0x00000030   Zero   RW         4990    .bss.params         imualgo_axis9.lib(vqf.o)
    0x200012c0        -       0x000001d8   Zero   RW         4992    .bss.state          imualgo_axis9.lib(vqf.o)
    0x20001498        -       0x00000400   Zero   RW            1    STACK               startup_stm32g431xx.o


==============================================================================

Image component sizes


      Code (inc. data)   RO Data    RW Data    ZI Data      Debug   Object Name

       756         50          0          4        408       2802   adc.o
       836        230         15          1          0       8145   app_internal_flash.o
       176         28          0          8       1000       1900   bat_val.o
       164         76         21         32        308       1601   bl.o
        76         12          0          8          0        803   charge_state.o
       124         18          0          1          0       1730   check_mems_type.o
       144          6          0          0          0        802   dma.o
      3360        602         66         56        180      20960   g_sensor.o
       412         12          0          0          0       1079   gpio.o
       292         26          0          0         84       1733   i2c.o
       688         44          0          8          0       6898   icm42688_hard_i2c.o
        44         10          0          0         16        667   iwdg.o
       126         14          0         12          0       1236   key.o
       496         70          0         21          0       4042   led.o
       284         18          0          0          0       2888   main.o
       588        120          0         28       1622       4951   main_task.o
      3074        152          0         44         48      18779   mems.o
        70          0          0          0          0        532   start_control.o
        36          8        472          0       1024        824   startup_stm32g431xx.o
       194         32          0         12          0       4225   stm32g4xx_hal.o
      3584        134          0          0          0      84314   stm32g4xx_hal_adc.o
       298          8          0          0          0      71124   stm32g4xx_hal_adc_ex.o
       350         22          0          0          0      34845   stm32g4xx_hal_cortex.o
      1090         22          0          0          0       6182   stm32g4xx_hal_dma.o
       516         44          0         32          0      22786   stm32g4xx_hal_flash.o
       456         26          0          0          0       3066   stm32g4xx_hal_flash_ex.o
       486         32          0          0          0       2675   stm32g4xx_hal_gpio.o
      1894         30          0          0          0      10514   stm32g4xx_hal_i2c.o
       210          0          0          0          0       1911   stm32g4xx_hal_i2c_ex.o
       126          0          0          0          0       1863   stm32g4xx_hal_iwdg.o
        68          6          0          0          0        830   stm32g4xx_hal_msp.o
       300         18          0          0          0       1381   stm32g4xx_hal_pwr_ex.o
      2260        106          0          0          0       7144   stm32g4xx_hal_rcc.o
       880          8          0          0          0       1856   stm32g4xx_hal_rcc_ex.o
      3444         92         24          0          0      34300   stm32g4xx_hal_uart.o
       360         10         16          0          0       5330   stm32g4xx_hal_uart_ex.o
       170         50          0          0          0       8025   stm32g4xx_it.o
       244         18        528          0          0       2283   switch_hal.o
       166         20          0          1          0     643140   sys.o
        20          6         24          4          0       1091   system_stm32g4xx.o
       724         60          0          0        584       3268   usart.o

    ----------------------------------------------------------------------
     29628       2240       1204        280       5276    1034525   Object Totals
         0          0         32          0          0          0   (incl. Generated)
        42          0          6          8          2          0   (incl. Padding)

    ----------------------------------------------------------------------

      Code (inc. data)   RO Data    RW Data    ZI Data      Debug   Library Member Name

      1216         64          0          4         56       6626   qst_ahrs.o
      7976        128          0          0        672      35618   vqf.o
       856        118         80          0          0        288   acos.o
       300         42          0          0          0        176   asinf.o
       592         90          0          0          0        184   atan2f.o
       200         20          0          0          0        164   cos.o
       368         46         48          0          0        200   cos_i.o
       336         56          0          0          0        136   cosf.o
        84         16          0          0          0        372   dunder.o
        24          0          0          0          0        124   fabs.o
        48          0          0          0          0        124   fpclassify.o
        38          0          0          0          0        116   fpclassifyf.o
        44         12          0          0          0        464   funder.o
       248          0          0          0          0        152   poly.o
      1080        142        200          0          0        188   rred.o
       340         24         32          0          0        160   rredf.o
       200         20          0          0          0        164   sin.o
       304         24         40          0          0        208   sin_i.o
       400         56          0          0          0        212   sinf.o
       232          0          0          0          0        296   sqrt.o
       120          0          0          0          0        272   sqrtf.o
       128         20          0          0          0        144   tan.o
       848         84         96          0          0        196   tan_i.o
         0          0          0          0          0          0   entry.o
         0          0          0          0          0          0   entry10a.o
         0          0          0          0          0          0   entry11a.o
         8          4          0          0          0          0   entry2.o
         4          0          0          0          0          0   entry5.o
         0          0          0          0          0          0   entry7b.o
         0          0          0          0          0          0   entry8b.o
         8          4          0          0          0          0   entry9a.o
        12          6          0          4          0         68   errno.o
        30          0          0          0          0          0   handlers.o
        36          8          0          0          0         68   init.o
         0          0          0          0          0          0   iusefp.o
        30          0          0          0          0         68   llshl.o
        36          0          0          0          0         68   llsshr.o
        32          0          0          0          0         68   llushr.o
        36          0          0          0          0         68   memcpya.o
        36          0          0          0          0        108   memseta.o
      1154         54          0          0          0        352   printf8.o
         0          0          0          4          0          0   stdout.o
        98          0          0          0          0         92   uldiv.o
        56          0          0          0          0         88   d2f.o
       334          0          0          0          0        148   dadd.o
        54          0          0          0          0         80   dcmpgt.o
        54          0          0          0          0         80   dcmplt.o
       222          0          0          0          0        100   ddiv.o
       186          0          0          0          0        176   depilogue.o
        62          0          0          0          0         80   dfixi.o
        34          0          0          0          0         76   dflti.o
        26          0          0          0          0         76   dfltui.o
       228          0          0          0          0         96   dmul.o
       162          0          0          0          0        100   dsqrt.o
        38          0          0          0          0         68   f2d.o
       110          0          0          0          0        168   fepilogue.o

    ----------------------------------------------------------------------
     19100       1046        496         12        728      48880   Library Totals
        32          8          0          0          0          0   (incl. Padding)

    ----------------------------------------------------------------------

      Code (inc. data)   RO Data    RW Data    ZI Data      Debug   Library Name

      9192        192          0          4        728      42244   imualgo_axis9.lib
      6790        770        496          0          0       4340   m_wm.l
      1520         76          0          8          0        960   mc_w.l
      1566          0          0          0          0       1336   mf_w.l

    ----------------------------------------------------------------------
     19100       1046        496         12        728      48880   Library Totals

    ----------------------------------------------------------------------

==============================================================================


      Code (inc. data)   RO Data    RW Data    ZI Data      Debug   

     48728       3286       1700        292       6004    1056645   Grand Totals
     48728       3286       1700        292       6004    1056645   ELF Image Totals
     48728       3286       1700        292          0          0   ROM Totals

==============================================================================

    Total RO  Size (Code + RO Data)                50428 (  49.25kB)
    Total RW  Size (RW Data + ZI Data)              6296 (   6.15kB)
    Total ROM Size (Code + RO Data + RW Data)      50720 (  49.53kB)

==============================================================================

